DS03 soft_ivw k=0.5  : RMSE 8.07 ±0.08  score 19.8 ±0.3  (10s)
DS03 soft_ivw k=1.0  : RMSE 8.08 ±0.07  score 19.8 ±0.3  (19s)
DS03 soft_ivw k=2.0  : RMSE 8.10 ±0.07  score 19.9 ±0.2  (29s)
DS03 soft_ivw k=4.0  : RMSE 8.13 ±0.08  score 20.0 ±0.3  (38s)
DS03 soft_ivw k=8.0  : RMSE 8.16 ±0.08  score 20.0 ±0.3  (48s)
DS03   winsor k=0.2  : RMSE 8.03 ±0.07  score 19.9 ±0.2  (58s)
DS03   winsor k=0.4  : RMSE 8.00 ±0.06  score 19.7 ±0.2  (68s)
DS03   winsor k=0.6  : RMSE 8.06 ±0.03  score 19.9 ±0.1  (78s)
DS03   winsor k=0.8  : RMSE 8.18 ±0.02  score 20.2 ±0.2  (88s)
DS03    huber k=0.5  : RMSE 8.02 ±0.11  score 19.9 ±0.5  (98s)
DS03    huber k=1.0  : RMSE 8.01 ±0.06  score 19.8 ±0.2  (108s)
DS03    huber k=1.345: RMSE 8.04 ±0.02  score 19.9 ±0.1  (118s)
DS03    huber k=2.0  : RMSE 8.06 ±0.01  score 19.9 ±0.0  (128s)
DS03    huber k=3.0  : RMSE 8.04 ±0.01  score 19.8 ±0.0  (138s)
DS03 quantile k=0.5  : RMSE 8.08 ±0.15  score 20.2 ±0.6  (147s)
DS03 quantile k=0.6  : RMSE 7.89 ±0.11  score 19.5 ±0.4  (157s)
DS03 quantile k=0.7  : RMSE 7.87 ±0.07  score 19.4 ±0.2  (167s)
DS03 quantile k=0.8  : RMSE 8.04 ±0.07  score 20.1 ±0.2  (177s)
DS03 quantile k=0.9  : RMSE 8.58 ±0.03  score 22.4 ±0.4  (187s)
DS01 soft_ivw k=0.5  : RMSE 6.18 ±0.83  score 11.1 ±2.9  (195s)
DS01 soft_ivw k=1.0  : RMSE 6.02 ±0.64  score 10.6 ±2.2  (203s)
DS01 soft_ivw k=2.0  : RMSE 5.92 ±0.49  score 9.9 ±1.5  (211s)
DS01 soft_ivw k=4.0  : RMSE 6.98 ±1.34  score 13.6 ±4.9  (219s)
DS01 soft_ivw k=8.0  : RMSE 7.63 ±1.68  score 16.3 ±6.3  (228s)
DS01   winsor k=0.2  : RMSE 8.34 ±0.39  score 13.6 ±0.7  (236s)
DS01   winsor k=0.4  : RMSE 8.24 ±0.75  score 15.6 ±2.6  (244s)
DS01   winsor k=0.6  : RMSE 7.66 ±0.08  score 14.1 ±1.0  (253s)
DS01   winsor k=0.8  : RMSE 7.74 ±1.01  score 16.2 ±3.8  (261s)
DS01    huber k=0.5  : RMSE 8.66 ±0.20  score 14.1 ±0.5  (270s)
DS01    huber k=1.0  : RMSE 8.33 ±0.48  score 13.7 ±1.0  (278s)
DS01    huber k=1.345: RMSE 8.09 ±0.65  score 13.6 ±1.1  (286s)
DS01    huber k=2.0  : RMSE 7.93 ±0.50  score 13.5 ±0.7  (294s)
DS01    huber k=3.0  : RMSE 7.73 ±0.40  score 14.2 ±1.3  (303s)
DS01 quantile k=0.5  : RMSE 8.61 ±0.15  score 14.0 ±0.4  (311s)
DS01 quantile k=0.6  : RMSE 9.01 ±0.37  score 15.0 ±1.0  (319s)
DS01 quantile k=0.7  : RMSE 8.88 ±0.64  score 16.6 ±0.9  (328s)
DS01 quantile k=0.8  : RMSE 7.61 ±1.42  score 12.9 ±2.4  (336s)
DS01 quantile k=0.9  : RMSE 6.37 ±0.23  score 12.0 ±0.6  (345s)
DS02 soft_ivw k=0.5  : RMSE 6.46 ±0.71  score 9.5 ±1.8  (352s)
DS02 soft_ivw k=1.0  : RMSE 6.51 ±0.92  score 9.7 ±2.4  (358s)
DS02 soft_ivw k=2.0  : RMSE 7.42 ±0.79  score 12.2 ±2.3  (365s)
DS02 soft_ivw k=4.0  : RMSE 7.12 ±0.67  score 11.4 ±1.9  (371s)
DS02 soft_ivw k=8.0  : RMSE 6.37 ±0.29  score 9.2 ±0.8  (378s)
DS02   winsor k=0.2  : RMSE 6.56 ±0.59  score 9.6 ±1.8  (385s)
DS02   winsor k=0.4  : RMSE 6.24 ±0.06  score 8.8 ±0.1  (392s)
DS02   winsor k=0.6  : RMSE 6.20 ±0.08  score 8.7 ±0.2  (398s)
DS02   winsor k=0.8  : RMSE 6.08 ±0.13  score 8.4 ±0.2  (405s)
DS02    huber k=0.5  : RMSE 6.01 ±0.14  score 8.2 ±0.2  (412s)
DS02    huber k=1.0  : RMSE 6.63 ±0.82  score 9.9 ±2.3  (419s)
DS02    huber k=1.345: RMSE 6.83 ±1.00  score 10.5 ±3.0  (425s)
DS02    huber k=2.0  : RMSE 6.24 ±0.22  score 8.8 ±0.4  (432s)
DS02    huber k=3.0  : RMSE 6.24 ±0.20  score 8.8 ±0.4  (439s)
DS02 quantile k=0.5  : RMSE 6.35 ±0.22  score 9.0 ±0.5  (446s)
DS02 quantile k=0.6  : RMSE 6.19 ±0.26  score 8.7 ±0.5  (452s)
DS02 quantile k=0.7  : RMSE 6.64 ±0.24  score 9.7 ±0.6  (459s)
DS02 quantile k=0.8  : RMSE 6.51 ±0.32  score 9.5 ±0.7  (465s)
DS02 quantile k=0.9  : RMSE 6.67 ±0.22  score 9.9 ±0.6  (472s)
DONE
