FULL (detect + RUL)  seeds=[0, 1, 2]  NPER=60  K=5.0  fracs=[0.2, 0.4, 0.6, 0.8]
  seed0: RUL RMSE = 9.48  (by trunc 20%:12.01 40%:6.90 60%:9.96 80%:8.30)  (203s)
  seed1: RUL RMSE = 9.31  (by trunc 20%:10.12 40%:5.43 60%:11.19 80%:9.46)  (413s)
  seed2: RUL RMSE = 8.71  (by trunc 20%:8.69 40%:5.60 60%:10.96 80%:8.73)  (620s)

==========================================================================
STAGE-1 TRANSITION DETECTION ACCURACY  (dev units, vs ground-truth hs)
==========================================================================
unit | true | pred(mean) |  delay |   acc% |    F1
--------------------------------------------------------------------------
   1 |   37 |       24.0 |  -13.0 |   71.8 |  0.77
   2 |   24 |       14.3 |   -9.7 |   86.8 |  0.91
   3 |   25 |       11.7 |  -13.3 |   80.1 |  0.87
   4 |   24 |       11.3 |  -12.7 |   78.9 |  0.85
   5 |   38 |       11.0 |  -27.0 |   71.0 |  0.81
   6 |   18 |       11.7 |   -6.3 |   89.9 |  0.94
   7 |   25 |       11.0 |  -14.0 |   82.5 |  0.89
   8 |   18 |       11.0 |   -7.0 |   90.1 |  0.94
   9 |   37 |       16.0 |  -21.0 |   75.0 |  0.82
--------------------------------------------------------------------------
OVERALL detection accuracy = 80.7%   mean F1 = 0.866   mean |delay| = 14.6 cyc
  seed0: detection acc = 81.9%   transitions = [48, 18, 11, 11, 11, 11, 11, 11, 12]
  seed1: detection acc = 80.6%   transitions = [11, 11, 12, 12, 11, 12, 11, 11, 24]
  seed2: detection acc = 79.6%   transitions = [13, 14, 12, 11, 11, 12, 11, 11, 12]
==========================================================================

==========================================================================
RUL PREDICTION ACCURACY  (truncation eval, RMSE in cycles + NASA score)
==========================================================================
 data used |   seed0 |   seed1 |   seed2 |    mean |    std |    score
--------------------------------------------------------------------------
      20% |   12.01 |   10.12 |    8.69 |   10.27 |   1.36 |      8.3
      40% |    6.90 |    5.43 |    5.60 |    5.98 |   0.66 |      3.4
      60% |    9.96 |   11.19 |   10.96 |   10.70 |   0.53 |     11.7
      80% |    8.30 |    9.46 |    8.73 |    8.83 |   0.48 |      8.3
--------------------------------------------------------------------------
   OVERALL |    9.48 |    9.31 |    8.71 |    9.17 |   0.33 |     31.7
NASA score per seed = ['32.3', '33.0', '29.8']  mean = 31.7 +/- 1.4
==========================================================================
wall time = 620s
