[LR]
lr=0.01: RMSE 7.756 ±0.607  score 19.679 ±2.172  fail
lr=0.02: RMSE 7.682 ±0.276  score 19.055 ±0.975  fail
lr=0.05: RMSE 8.039 ±0.089  score 19.672 ±0.286  PASS
lr=0.1: RMSE 7.557 ±0.358  score 18.196 ±1.169  PASS
--> lr winner: 0.1
[LAMBDA]
  0.5 0.25: RMSE 12.989 ±3.444  score 45.189  fail
  0.5 0.5: RMSE 7.865 ±0.378  score 20.015  PASS
  0.5 1: RMSE 7.545 ±0.356  score 18.175  PASS
  0.5 2: RMSE 7.411 ±0.374  score 17.999  PASS
  0.5 4: RMSE 7.234 ±0.394  score 17.994  fail
  1 0.25: RMSE 7.966 ±0.449  score 20.307  PASS
  1 0.5: RMSE 7.501 ±0.558  score 18.489  PASS
  1 1: RMSE 7.497 ±0.345  score 18.075  PASS
  1 2: RMSE 7.393 ±0.377  score 17.996  PASS
  1 4: RMSE 7.220 ±0.392  score 18.007  fail
  2 0.25: RMSE 7.557 ±0.358  score 18.196  PASS
  2 0.5: RMSE 7.506 ±0.344  score 18.089  PASS
  2 1: RMSE 7.442 ±0.356  score 18.011  PASS
  2 2: RMSE 7.349 ±0.385  score 17.965  PASS
  2 4: RMSE 7.195 ±0.388  score 18.049  fail
  4 0.25: RMSE 7.432 ±0.352  score 18.008  PASS
  4 0.5: RMSE 7.409 ±0.361  score 17.994  PASS
  4 1: RMSE 7.366 ±0.389  score 17.997  PASS
  4 2: RMSE 7.283 ±0.398  score 18.008  PASS
  4 4: RMSE 7.158 ±0.375  score 18.185  fail
  6 0.25: RMSE 7.359 ±0.391  score 18.002  PASS
  6 0.5: RMSE 7.343 ±0.398  score 18.018  PASS
  6 1: RMSE 7.303 ±0.401  score 18.032  PASS
  6 2: RMSE 7.222 ±0.392  score 18.043  fail
  6 4: RMSE 7.134 ±0.362  score 18.366  fail
  8 0.25: RMSE 7.312 ±0.416  score 18.098  PASS
  8 0.5: RMSE 7.290 ±0.411  score 18.093  PASS
  8 1: RMSE 7.251 ±0.403  score 18.096  PASS
  8 2: RMSE 7.186 ±0.393  score 18.179  fail
  8 4: RMSE 7.123 ±0.339  score 18.592  fail
--> lambda winner: 2, 2
[FLAT]
  300 0.002: RMSE 7.349 ±0.385  score 17.965  PASS
  300 0.004: RMSE 7.231 ±0.339  score 17.807  PASS
  300 0.006: RMSE 7.144 ±0.320  score 17.759  PASS
  500 0.002: RMSE 7.293 ±0.351  score 17.875  PASS
  500 0.004: RMSE 7.184 ±0.320  score 17.778  PASS
  500 0.006: RMSE 7.092 ±0.290  score 17.781  fail
  800 0.002: RMSE 7.233 ±0.316  score 17.785  PASS
  800 0.004: RMSE 7.134 ±0.291  score 17.736  PASS
  800 0.006: RMSE 7.066 ±0.272  score 17.927  fail
  1200 0.002: RMSE 7.187 ±0.299  score 17.738  PASS
  1200 0.004: RMSE 7.090 ±0.263  score 17.751  fail
  1200 0.006: RMSE 7.044 ±0.252  score 18.109  fail
--> flat winner: 800, 0.004
FINAL DS03: lr=0.1 lambda=(2,2) flat=(800,0.004)  RMSE 7.13 ±0.29  score 17.7 ±0.8
DONE 456s
