DS04 V6 STAGE2 — healthy-range chain, rule {'NB': 10, 'V_sparse': 19.98, 'V_dense': 19.98, 'wval': 10.0, 'wmode': 'fh', 'clip': 4.0}, stage-1 recipe (4.0, 0.5)
seed0: conditional onsets {1: 58, 2: 23, 3: 83, 4: 43, 5: 13, 6: 32} (hs truth {1: 22, 2: 17, 3: 22, 4: 16, 5: 17, 6: 17})
seed0: hr stats cached (onsets match)

lambda grid RE-SWEEP on stage-2 tables (med3-free)
  l1= 2.0 l2=0.25: Mon=  -58.18 Curv=  5.84 Range=0.581 Shift=0.0559 LOO RUL=10.51±0.00 shape 0/1
  l1= 2.0 l2= 0.5: Mon=  -54.29 Curv=  5.94 Range=0.571 Shift=0.0552 LOO RUL=10.52±0.00 shape 0/1
  l1= 2.0 l2= 1.0: Mon=  -50.50 Curv=  5.94 Range=0.556 Shift=0.0543 LOO RUL=10.51±0.00 shape 0/1
  l1= 2.0 l2= 2.0: Mon=  -47.16 Curv=  5.85 Range=0.537 Shift=0.0526 LOO RUL=10.53±0.00 shape 0/1
  l1= 2.0 l2= 4.0: Mon=  -43.61 Curv=  5.53 Range=0.503 Shift=0.0494 LOO RUL=11.24±0.00 shape 0/1
  l1= 4.0 l2=0.25: Mon=  -49.66 Curv=  6.00 Range=0.554 Shift=0.0542 LOO RUL=10.50±0.00 shape 0/1
  l1= 4.0 l2= 0.5: Mon=  -48.79 Curv=  5.97 Range=0.549 Shift=0.0538 LOO RUL=10.51±0.00 shape 0/1
  l1= 4.0 l2= 1.0: Mon=  -47.44 Curv=  5.90 Range=0.540 Shift=0.0530 LOO RUL=10.53±0.00 shape 0/1
  l1= 4.0 l2= 2.0: Mon=  -45.45 Curv=  5.72 Range=0.523 Shift=0.0514 LOO RUL=10.53±0.00 shape 0/1
  l1= 4.0 l2= 4.0: Mon=  -42.31 Curv=  5.40 Range=0.490 Shift=0.0481 LOO RUL=11.18±0.00 shape 0/1
  l1= 6.0 l2=0.25: Mon=  -47.19 Curv=  5.91 Range=0.539 Shift=0.0530 LOO RUL=10.53±0.00 shape 0/1
  l1= 6.0 l2= 0.5: Mon=  -46.68 Curv=  5.86 Range=0.535 Shift=0.0526 LOO RUL=10.53±0.00 shape 0/1
  l1= 6.0 l2= 1.0: Mon=  -45.72 Curv=  5.76 Range=0.527 Shift=0.0518 LOO RUL=10.53±0.00 shape 0/1
  l1= 6.0 l2= 2.0: Mon=  -44.13 Curv=  5.60 Range=0.510 Shift=0.0502 LOO RUL=11.28±0.00 shape 0/1
  l1= 6.0 l2= 4.0: Mon=  -41.06 Curv=  5.26 Range=0.477 Shift=0.0469 LOO RUL=11.12±0.00 shape 0/1
  l1= 8.0 l2=0.25: Mon=  -45.58 Curv=  5.78 Range=0.526 Shift=0.0517 LOO RUL=10.53±0.00 shape 0/1
  l1= 8.0 l2= 0.5: Mon=  -45.13 Curv=  5.72 Range=0.521 Shift=0.0513 LOO RUL=10.53±0.00 shape 0/1
  l1= 8.0 l2= 1.0: Mon=  -44.36 Curv=  5.64 Range=0.513 Shift=0.0505 LOO RUL=10.53±0.00 shape 0/1
  l1= 8.0 l2= 2.0: Mon=  -42.84 Curv=  5.48 Range=0.497 Shift=0.0489 LOO RUL=11.22±0.00 shape 0/1
  l1= 8.0 l2= 4.0: Mon=  -39.83 Curv=  5.13 Range=0.464 Shift=0.0456 LOO RUL=11.06±0.00 shape 0/1
  l1=12.0 l2=0.25: Mon=  -42.96 Curv=  5.53 Range=0.499 Shift=0.0491 LOO RUL=11.23±0.00 shape 0/1
  l1=12.0 l2= 0.5: Mon=  -42.59 Curv=  5.49 Range=0.495 Shift=0.0487 LOO RUL=11.21±0.00 shape 0/1
  l1=12.0 l2= 1.0: Mon=  -41.84 Curv=  5.39 Range=0.487 Shift=0.0479 LOO RUL=11.17±0.00 shape 0/1
  l1=12.0 l2= 2.0: Mon=  -40.36 Curv=  5.21 Range=0.471 Shift=0.0463 LOO RUL=11.08±0.00 shape 0/1
  l1=12.0 l2= 4.0: Mon=  -37.39 Curv=  4.85 Range=0.437 Shift=0.0429 LOO RUL=10.95±0.00 shape 0/1
  l1=16.0 l2=0.25: Mon=  -40.51 Curv=  5.25 Range=0.473 Shift=0.0466 LOO RUL=11.10±0.00 shape 0/1
  l1=16.0 l2= 0.5: Mon=  -40.15 Curv=  5.21 Range=0.469 Shift=0.0461 LOO RUL=11.08±0.00 shape 0/1
  l1=16.0 l2= 1.0: Mon=  -39.40 Curv=  5.12 Range=0.461 Shift=0.0453 LOO RUL=11.04±0.00 shape 0/1
  l1=16.0 l2= 2.0: Mon=  -37.90 Curv=  4.93 Range=0.444 Shift=0.0436 LOO RUL=10.98±0.00 shape 0/1
  l1=16.0 l2= 4.0: Mon=  -34.93 Curv=  4.56 Range=0.410 Shift=0.0403 LOO RUL=10.86±0.00 shape 0/1

stage-2 grid: shape-passing combos (0): []
stage-2 grid: composite ranking top 6:
  (4.0, 0.25): comp=0.736  LOO RUL=10.50
  (4.0, 0.5): comp=0.731  LOO RUL=10.51
  (6.0, 0.25): comp=0.722  LOO RUL=10.53
  (4.0, 1.0): comp=0.717  LOO RUL=10.53
  (2.0, 1.0): comp=0.715  LOO RUL=10.51
  (6.0, 0.5): comp=0.710  LOO RUL=10.53
stage-1 recipe (4.0, 0.5): comp 0.731 (shape 0/3), stage-2 top (4.0, 0.25) comp 0.736, gap 0.004 (tie band 0.02)
RECIPE RETAINED: (4.0, 0.5) (inside the tie band)
chain seed0: dev LOO=10.14 shape=FAIL beta=35

HI #2 chain (healthy range, recipe (4.0, 0.5), med3): dev LOO = 10.14 ± 0.00  NASA 32.9 ± 0.0  shape 0/1  beta=[35]
dev per-trunc = 13.84 / 10.29 / 7.97 / 7.08
reference: HI #1 chain dev 8.80 ± 0.00

SNR diagnostic, dev (6 unit-seed cases, ground-truth onsets, diagnostics only)
  healthy floor RMS : c3 0.970  hr 0.378  ratio 0.44  p=3.1e-02  hr lower in 6/6
  end-of-life signal: c3 25.929  hr 26.490  ratio 1.03
  SNR signal/floor  : c3 29.52  hr 72.34  p=3.1e-02  hr better in 6/6
  per-unit SNR gain (hr/c3, mean over seeds): u1 3.15x  u2 2.71x  u3 1.75x  u4 3.96x  u5 3.68x  u6 1.26x

wall=1.6 min
