DS06 V6 STAGE2 — healthy-range chain, rule {'NB': 10, 'V_sparse': 17.76, 'V_dense': 20.43, 'wval': 15.0, 'wmode': 'fh', 'clip': 4.0}, stage-1 recipe (16.0, 0.25)
seed0: conditional onsets {1: 34, 2: 29, 3: 36, 4: 35, 5: 37, 6: 6} (hs truth {1: 23, 2: 17, 3: 24, 4: 33, 5: 33, 6: 17})
seed0: hr stats cached (onsets match)

lambda grid RE-SWEEP on stage-2 tables (med3-free)
  l1= 2.0 l2=0.25: Mon=  -11.91 Curv=  2.90 Range=0.789 Shift=0.0275 LOO RUL=9.73±0.00 shape 1/1
  l1= 2.0 l2= 0.5: Mon=  -11.61 Curv=  2.94 Range=0.786 Shift=0.0273 LOO RUL=9.71±0.00 shape 1/1
  l1= 2.0 l2= 1.0: Mon=  -11.16 Curv=  2.96 Range=0.779 Shift=0.0270 LOO RUL=9.65±0.00 shape 1/1
  l1= 2.0 l2= 2.0: Mon=  -10.58 Curv=  3.06 Range=0.768 Shift=0.0264 LOO RUL=9.59±0.00 shape 1/1
  l1= 2.0 l2= 4.0: Mon=   -9.95 Curv=  3.23 Range=0.750 Shift=0.0258 LOO RUL=9.52±0.00 shape 1/1
  l1= 4.0 l2=0.25: Mon=  -11.31 Curv=  3.01 Range=0.784 Shift=0.0270 LOO RUL=9.67±0.00 shape 1/1
  l1= 4.0 l2= 0.5: Mon=  -11.08 Curv=  3.04 Range=0.780 Shift=0.0268 LOO RUL=9.65±0.00 shape 1/1
  l1= 4.0 l2= 1.0: Mon=  -10.73 Curv=  3.06 Range=0.774 Shift=0.0266 LOO RUL=9.61±0.00 shape 1/1
  l1= 4.0 l2= 2.0: Mon=  -10.35 Curv=  3.10 Range=0.765 Shift=0.0263 LOO RUL=9.56±0.00 shape 1/1
  l1= 4.0 l2= 4.0: Mon=   -9.77 Curv=  3.25 Range=0.747 Shift=0.0257 LOO RUL=9.51±0.00 shape 1/1
  l1= 6.0 l2=0.25: Mon=  -10.84 Curv=  3.11 Range=0.778 Shift=0.0265 LOO RUL=9.63±0.00 shape 1/1
  l1= 6.0 l2= 0.5: Mon=  -10.65 Curv=  3.12 Range=0.774 Shift=0.0264 LOO RUL=9.61±0.00 shape 1/1
  l1= 6.0 l2= 1.0: Mon=  -10.45 Curv=  3.12 Range=0.770 Shift=0.0263 LOO RUL=9.58±0.00 shape 1/1
  l1= 6.0 l2= 2.0: Mon=  -10.13 Curv=  3.13 Range=0.761 Shift=0.0262 LOO RUL=9.53±0.00 shape 1/1
  l1= 6.0 l2= 4.0: Mon=   -9.57 Curv=  3.25 Range=0.744 Shift=0.0257 LOO RUL=9.51±0.00 shape 1/1
  l1= 8.0 l2=0.25: Mon=  -10.44 Curv=  3.14 Range=0.773 Shift=0.0263 LOO RUL=9.59±0.00 shape 1/1
  l1= 8.0 l2= 0.5: Mon=  -10.41 Curv=  3.15 Range=0.771 Shift=0.0262 LOO RUL=9.58±0.00 shape 1/1
  l1= 8.0 l2= 1.0: Mon=  -10.22 Curv=  3.14 Range=0.766 Shift=0.0262 LOO RUL=9.55±0.00 shape 1/1
  l1= 8.0 l2= 2.0: Mon=   -9.90 Curv=  3.14 Range=0.758 Shift=0.0260 LOO RUL=9.52±0.00 shape 1/1
  l1= 8.0 l2= 4.0: Mon=   -9.29 Curv=  3.20 Range=0.740 Shift=0.0255 LOO RUL=9.52±0.00 shape 1/1
  l1=12.0 l2=0.25: Mon=   -9.80 Curv=  3.11 Range=0.765 Shift=0.0258 LOO RUL=9.54±0.00 shape 1/1
  l1=12.0 l2= 0.5: Mon=   -9.73 Curv=  3.12 Range=0.763 Shift=0.0257 LOO RUL=9.54±0.00 shape 1/1
  l1=12.0 l2= 1.0: Mon=   -9.56 Curv=  3.13 Range=0.759 Shift=0.0256 LOO RUL=9.54±0.00 shape 1/1
  l1=12.0 l2= 2.0: Mon=   -9.29 Curv=  3.13 Range=0.751 Shift=0.0255 LOO RUL=9.54±0.00 shape 1/1
  l1=12.0 l2= 4.0: Mon=   -8.75 Curv=  3.18 Range=0.734 Shift=0.0252 LOO RUL=10.01±0.00 shape 1/1
  l1=16.0 l2=0.25: Mon=   -9.15 Curv=  3.13 Range=0.759 Shift=0.0253 LOO RUL=10.14±0.00 shape 1/1
  l1=16.0 l2= 0.5: Mon=   -9.10 Curv=  3.13 Range=0.757 Shift=0.0252 LOO RUL=10.12±0.00 shape 1/1
  l1=16.0 l2= 1.0: Mon=   -8.97 Curv=  3.14 Range=0.753 Shift=0.0251 LOO RUL=10.07±0.00 shape 1/1
  l1=16.0 l2= 2.0: Mon=   -8.71 Curv=  3.15 Range=0.744 Shift=0.0250 LOO RUL=9.98±0.00 shape 1/1
  l1=16.0 l2= 4.0: Mon=   -8.20 Curv=  3.19 Range=0.729 Shift=0.0247 LOO RUL=9.80±0.00 shape 1/1

stage-2 grid: shape-passing combos (30): [(2.0, 0.25), (2.0, 0.5), (2.0, 1.0), (2.0, 2.0), (2.0, 4.0), (4.0, 0.25), (4.0, 0.5), (4.0, 1.0), (4.0, 2.0), (4.0, 4.0), (6.0, 0.25), (6.0, 0.5), (6.0, 1.0), (6.0, 2.0), (6.0, 4.0), (8.0, 0.25), (8.0, 0.5), (8.0, 1.0), (8.0, 2.0), (8.0, 4.0), (12.0, 0.25), (12.0, 0.5), (12.0, 1.0), (12.0, 2.0), (12.0, 4.0), (16.0, 0.25), (16.0, 0.5), (16.0, 1.0), (16.0, 2.0), (16.0, 4.0)]
stage-2 grid: composite ranking top 6:
  (16.0, 0.25): comp=0.633  LOO RUL=10.14
  (6.0, 4.0): comp=0.626  LOO RUL=9.51
  (16.0, 0.5): comp=0.624  LOO RUL=10.12
  (4.0, 4.0): comp=0.622  LOO RUL=9.51
  (16.0, 1.0): comp=0.620  LOO RUL=10.07
  (16.0, 2.0): comp=0.612  LOO RUL=9.98
stage-1 recipe (16.0, 0.25): comp 0.633 (shape 1/3), stage-2 top (16.0, 0.25) comp 0.633, gap 0.000 (tie band 0.02)
RECIPE RETAINED: (16.0, 0.25) (inside the tie band)
chain seed0: dev LOO=10.18 shape=OK beta=40

HI #2 chain (healthy range, recipe (16.0, 0.25), med3): dev LOO = 10.18 ± 0.00  NASA 30.1 ± 0.0  shape 1/1  beta=[40]
dev per-trunc = 15.27 / 11.17 / 6.42 / 3.96
reference: HI #1 chain dev 9.84 ± 0.00

SNR diagnostic, dev (6 unit-seed cases, ground-truth onsets, diagnostics only)
  healthy floor RMS : c3 1.037  hr 0.366  ratio 0.36  p=3.1e-02  hr lower in 6/6
  end-of-life signal: c3 29.889  hr 30.108  ratio 1.01
  SNR signal/floor  : c3 29.94  hr 89.04  p=3.1e-02  hr better in 6/6
  per-unit SNR gain (hr/c3, mean over seeds): u1 2.00x  u2 4.03x  u3 3.88x  u4 3.47x  u5 2.17x  u6 2.68x

wall=1.3 min
