DS08A V6 HI1 — lambda grid on stage-1 ungated cycle<=3 tables (DS03 protocol; first selection for this dataset)
  l1= 2.0 l2=0.25: Mon=  -26.35 Curv=  3.37 Range=0.763 Shift=0.0323 LOO RUL=9.86±0.09 shape 3/3
  l1= 2.0 l2= 0.5: Mon=  -24.87 Curv=  3.33 Range=0.759 Shift=0.0325 LOO RUL=9.89±0.10 shape 3/3
  l1= 2.0 l2= 1.0: Mon=  -23.19 Curv=  3.26 Range=0.750 Shift=0.0327 LOO RUL=9.94±0.09 shape 3/3
  l1= 2.0 l2= 2.0: Mon=  -21.02 Curv=  3.18 Range=0.735 Shift=0.0332 LOO RUL=10.28±0.14 shape 3/3
  l1= 2.0 l2= 4.0: Mon=  -18.31 Curv=  3.06 Range=0.706 Shift=0.0340 LOO RUL=10.31±0.17 shape 3/3
  l1= 4.0 l2=0.25: Mon=  -22.87 Curv=  3.25 Range=0.754 Shift=0.0327 LOO RUL=9.96±0.09 shape 3/3
  l1= 4.0 l2= 0.5: Mon=  -22.24 Curv=  3.23 Range=0.749 Shift=0.0327 LOO RUL=10.29±0.17 shape 3/3
  l1= 4.0 l2= 1.0: Mon=  -21.16 Curv=  3.19 Range=0.742 Shift=0.0330 LOO RUL=10.27±0.14 shape 3/3
  l1= 4.0 l2= 2.0: Mon=  -19.66 Curv=  3.14 Range=0.727 Shift=0.0334 LOO RUL=10.37±0.16 shape 3/3
  l1= 4.0 l2= 4.0: Mon=  -16.92 Curv=  2.96 Range=0.700 Shift=0.0339 LOO RUL=10.20±0.21 shape 3/3
  l1= 6.0 l2=0.25: Mon=  -21.01 Curv=  3.20 Range=0.746 Shift=0.0329 LOO RUL=10.24±0.14 shape 3/3
  l1= 6.0 l2= 0.5: Mon=  -20.56 Curv=  3.19 Range=0.741 Shift=0.0330 LOO RUL=10.37±0.17 shape 3/3
  l1= 6.0 l2= 1.0: Mon=  -19.81 Curv=  3.16 Range=0.734 Shift=0.0333 LOO RUL=10.35±0.18 shape 3/3
  l1= 6.0 l2= 2.0: Mon=  -18.61 Curv=  3.11 Range=0.720 Shift=0.0335 LOO RUL=10.29±0.20 shape 3/3
  l1= 6.0 l2= 4.0: Mon=  -15.33 Curv=  2.88 Range=0.693 Shift=0.0333 LOO RUL=10.19±0.17 shape 2/3
  l1= 8.0 l2=0.25: Mon=  -19.72 Curv=  3.16 Range=0.739 Shift=0.0332 LOO RUL=10.32±0.21 shape 3/3
  l1= 8.0 l2= 0.5: Mon=  -19.42 Curv=  3.16 Range=0.735 Shift=0.0332 LOO RUL=10.31±0.21 shape 3/3
  l1= 8.0 l2= 1.0: Mon=  -18.77 Curv=  3.13 Range=0.728 Shift=0.0334 LOO RUL=10.28±0.22 shape 3/3
  l1= 8.0 l2= 2.0: Mon=  -17.20 Curv=  2.98 Range=0.714 Shift=0.0337 LOO RUL=10.18±0.22 shape 3/3
  l1= 8.0 l2= 4.0: Mon=  -15.13 Curv=  2.83 Range=0.686 Shift=0.0339 LOO RUL=10.27±0.17 shape 2/3
  l1=12.0 l2=0.25: Mon=  -17.02 Curv=  2.99 Range=0.724 Shift=0.0335 LOO RUL=10.28±0.16 shape 3/3
  l1=12.0 l2= 0.5: Mon=  -16.66 Curv=  2.97 Range=0.722 Shift=0.0334 LOO RUL=10.25±0.17 shape 3/3
  l1=12.0 l2= 1.0: Mon=  -15.74 Curv=  2.91 Range=0.713 Shift=0.0329 LOO RUL=10.15±0.20 shape 3/3
  l1=12.0 l2= 2.0: Mon=  -15.30 Curv=  2.87 Range=0.699 Shift=0.0336 LOO RUL=10.23±0.14 shape 3/3
  l1=12.0 l2= 4.0: Mon=  -13.12 Curv=  2.74 Range=0.673 Shift=0.0329 LOO RUL=10.13±0.07 shape 0/3
  l1=16.0 l2=0.25: Mon=  -15.06 Curv=  2.90 Range=0.709 Shift=0.0331 LOO RUL=10.27±0.14 shape 3/3
  l1=16.0 l2= 0.5: Mon=  -14.80 Curv=  2.88 Range=0.705 Shift=0.0331 LOO RUL=10.25±0.12 shape 3/3
  l1=16.0 l2= 1.0: Mon=  -14.24 Curv=  2.83 Range=0.699 Shift=0.0330 LOO RUL=10.18±0.11 shape 2/3
  l1=16.0 l2= 2.0: Mon=  -13.21 Curv=  2.77 Range=0.687 Shift=0.0326 LOO RUL=10.08±0.08 shape 1/3
  l1=16.0 l2= 4.0: Mon=  -11.68 Curv=  2.68 Range=0.660 Shift=0.0318 LOO RUL=10.03±0.07 shape 0/3

stage-1 grid: shape-passing combos (24): [(2.0, 0.25), (2.0, 0.5), (2.0, 1.0), (2.0, 2.0), (2.0, 4.0), (4.0, 0.25), (4.0, 0.5), (4.0, 1.0), (4.0, 2.0), (4.0, 4.0), (6.0, 0.25), (6.0, 0.5), (6.0, 1.0), (6.0, 2.0), (8.0, 0.25), (8.0, 0.5), (8.0, 1.0), (8.0, 2.0), (12.0, 0.25), (12.0, 0.5), (12.0, 1.0), (12.0, 2.0), (16.0, 0.25), (16.0, 0.5)]
stage-1 grid: composite ranking top 6:
  (2.0, 0.25): comp=0.667  LOO RUL=9.86
  (2.0, 0.5): comp=0.663  LOO RUL=9.89
  (4.0, 0.25): comp=0.640  LOO RUL=9.96
  (2.0, 1.0): comp=0.622  LOO RUL=9.94
  (6.0, 0.25): comp=0.621  LOO RUL=10.24
  (4.0, 0.5): comp=0.620  LOO RUL=10.29
SELECTED: lambda1=2.0, lambda2=0.25 (comp 0.667, LOO RUL 9.86±0.09)
chain seed0: dev LOO=9.74 shape=OK beta=30
chain seed1: dev LOO=9.90 shape=OK beta=30
chain seed2: dev LOO=9.95 shape=OK beta=30

HI #1 chain (cycle<=3 ungated, recipe (2.0, 0.25), med3): dev LOO = 9.86 ± 0.09  NASA 46.7 ± 1.2  shape 3/3  beta=[30, 30, 30]

wall=9.2 min
