DS08C V6 HI1 — lambda grid on stage-1 ungated cycle<=3 tables (DS03 protocol; first selection for this dataset)
  l1= 2.0 l2=0.25: Mon=  -27.44 Curv=  3.76 Range=0.734 Shift=0.0234 LOO RUL=2.99±0.00 shape 1/1
  l1= 2.0 l2= 0.5: Mon=  -26.12 Curv=  3.79 Range=0.729 Shift=0.0244 LOO RUL=3.02±0.00 shape 1/1
  l1= 2.0 l2= 1.0: Mon=  -24.57 Curv=  3.79 Range=0.721 Shift=0.0258 LOO RUL=3.09±0.00 shape 1/1
  l1= 2.0 l2= 2.0: Mon=  -22.80 Curv=  3.80 Range=0.704 Shift=0.0283 LOO RUL=3.23±0.00 shape 1/1
  l1= 2.0 l2= 4.0: Mon=  -21.18 Curv=  3.71 Range=0.671 Shift=0.0301 LOO RUL=3.72±0.00 shape 0/1
  l1= 4.0 l2=0.25: Mon=  -24.67 Curv=  3.87 Range=0.724 Shift=0.0255 LOO RUL=3.06±0.00 shape 1/1
  l1= 4.0 l2= 0.5: Mon=  -23.90 Curv=  3.85 Range=0.721 Shift=0.0262 LOO RUL=3.08±0.00 shape 1/1
  l1= 4.0 l2= 1.0: Mon=  -23.18 Curv=  3.81 Range=0.713 Shift=0.0270 LOO RUL=3.13±0.00 shape 1/1
  l1= 4.0 l2= 2.0: Mon=  -22.03 Curv=  3.80 Range=0.695 Shift=0.0285 LOO RUL=3.63±0.00 shape 1/1
  l1= 4.0 l2= 4.0: Mon=  -20.26 Curv=  3.73 Range=0.657 Shift=0.0296 LOO RUL=3.61±0.00 shape 0/1
  l1= 6.0 l2=0.25: Mon=  -23.25 Curv=  3.88 Range=0.716 Shift=0.0265 LOO RUL=3.51±0.00 shape 1/1
  l1= 6.0 l2= 0.5: Mon=  -22.88 Curv=  3.83 Range=0.714 Shift=0.0269 LOO RUL=3.54±0.00 shape 1/1
  l1= 6.0 l2= 1.0: Mon=  -22.38 Curv=  3.83 Range=0.703 Shift=0.0273 LOO RUL=3.54±0.00 shape 1/1
  l1= 6.0 l2= 2.0: Mon=  -21.54 Curv=  3.80 Range=0.685 Shift=0.0283 LOO RUL=3.57±0.00 shape 0/1
  l1= 6.0 l2= 4.0: Mon=  -19.60 Curv=  3.79 Range=0.642 Shift=0.0290 LOO RUL=3.50±0.00 shape 0/1
  l1= 8.0 l2=0.25: Mon=  -22.38 Curv=  3.87 Range=0.706 Shift=0.0269 LOO RUL=3.48±0.00 shape 1/1
  l1= 8.0 l2= 0.5: Mon=  -22.14 Curv=  3.86 Range=0.702 Shift=0.0270 LOO RUL=3.47±0.00 shape 1/1
  l1= 8.0 l2= 1.0: Mon=  -21.63 Curv=  3.84 Range=0.694 Shift=0.0279 LOO RUL=3.51±0.00 shape 1/1
  l1= 8.0 l2= 2.0: Mon=  -20.75 Curv=  3.77 Range=0.676 Shift=0.0286 LOO RUL=3.53±0.00 shape 0/1
  l1= 8.0 l2= 4.0: Mon=  -18.64 Curv=  3.83 Range=0.630 Shift=0.0290 LOO RUL=3.43±0.00 shape 0/1
  l1=12.0 l2=0.25: Mon=  -20.98 Curv=  3.83 Range=0.689 Shift=0.0276 LOO RUL=3.40±0.00 shape 0/1
  l1=12.0 l2= 0.5: Mon=  -20.69 Curv=  3.84 Range=0.683 Shift=0.0279 LOO RUL=3.41±0.00 shape 0/1
  l1=12.0 l2= 1.0: Mon=  -20.17 Curv=  3.82 Range=0.672 Shift=0.0279 LOO RUL=3.38±0.00 shape 0/1
  l1=12.0 l2= 2.0: Mon=  -19.19 Curv=  3.86 Range=0.649 Shift=0.0282 LOO RUL=3.35±0.00 shape 0/1
  l1=12.0 l2= 4.0: Mon=  -17.47 Curv=  3.94 Range=0.606 Shift=0.0281 LOO RUL=3.33±0.00 shape 0/1
  l1=16.0 l2=0.25: Mon=  -19.61 Curv=  3.89 Range=0.665 Shift=0.0275 LOO RUL=3.26±0.00 shape 0/1
  l1=16.0 l2= 0.5: Mon=  -19.37 Curv=  3.89 Range=0.658 Shift=0.0273 LOO RUL=3.24±0.00 shape 0/1
  l1=16.0 l2= 1.0: Mon=  -18.90 Curv=  3.93 Range=0.646 Shift=0.0275 LOO RUL=3.24±0.00 shape 0/1
  l1=16.0 l2= 2.0: Mon=  -18.00 Curv=  3.97 Range=0.625 Shift=0.0277 LOO RUL=3.25±0.00 shape 0/1
  l1=16.0 l2= 4.0: Mon=  -16.54 Curv=  4.01 Range=0.584 Shift=0.0271 LOO RUL=3.28±0.00 shape 0/1

stage-1 grid: shape-passing combos (14): [(2.0, 0.25), (2.0, 0.5), (2.0, 1.0), (2.0, 2.0), (4.0, 0.25), (4.0, 0.5), (4.0, 1.0), (4.0, 2.0), (6.0, 0.25), (6.0, 0.5), (6.0, 1.0), (8.0, 0.25), (8.0, 0.5), (8.0, 1.0)]
stage-1 grid: composite ranking top 6:
  (6.0, 0.25): comp=0.762  LOO RUL=3.51
  (4.0, 0.25): comp=0.738  LOO RUL=3.06
  (8.0, 0.25): comp=0.713  LOO RUL=3.48
  (4.0, 0.5): comp=0.676  LOO RUL=3.08
  (8.0, 0.5): comp=0.655  LOO RUL=3.47
  (6.0, 0.5): comp=0.621  LOO RUL=3.54
SELECTED: lambda1=6.0, lambda2=0.25 (comp 0.762, LOO RUL 3.51±0.00)
chain seed0: dev LOO=3.45 shape=OK beta=45

HI #1 chain (cycle<=3 ungated, recipe (6.0, 0.25), med3): dev LOO = 3.45 ± 0.00  NASA 6.1 ± 0.0  shape 1/1  beta=[45]

wall=0.9 min
