FINAL+M2-DUAL pipeline  seeds=[0, 1, 2]  K_det=3.0  K_pool=1.5  fracs=[0.2, 0.4, 0.6, 0.8]
refs: T^2 9.17+/-0.33 | m2 single 9.36+/-0.64 (T^2 by frac 20%:10.27 40%:5.98 60%:10.70 80%:8.83)
  seed0: det acc = 82.1%  det = [48, 18, 33, 14, 13, 28, 13, 36, 15]  pool = [48, 11, 27, 13, 11, 24, 13, 29, 11]
  seed0: RUL RMSE = 9.42  (by trunc 20%:10.64 40%:6.19 60%:11.08 80%:8.97)  (419s)
  seed1: det acc = 86.8%  det = [11, 32, 23, 15, 31, 22, 14, 14, 54]  pool = [11, 14, 23, 13, 28, 16, 14, 12, 49]
  seed1: RUL RMSE = 9.92  (by trunc 20%:12.20 40%:5.99 60%:11.13 80%:9.21)  (768s)
  seed2: det acc = 79.1%  det = [22, 45, 43, 15, 34, 34, 14, 38, 16]  pool = [21, 43, 11, 11, 13, 28, 14, 11, 15]
  seed2: RUL RMSE = 8.51  (by trunc 20%:8.24 40%:5.41 60%:10.81 80%:8.71)  (1142s)

==========================================================================
DETECTION (m2, K=3.0): acc = 82.7%  mean |delay| = 12.8 cyc
==========================================================================
RUL (truncation RMSE, cycles)
 data used |   seed0 |   seed1 |   seed2 |    mean |    std |  T2 ref
--------------------------------------------------------------------------
      20% |   10.64 |   12.20 |    8.24 |   10.36 |   1.63 |   10.27
      40% |    6.19 |    5.99 |    5.41 |    5.86 |   0.33 |    5.98
      60% |   11.08 |   11.13 |   10.81 |   11.01 |   0.14 |   10.70
      80% |    8.97 |    9.21 |    8.71 |    8.96 |   0.20 |    8.83
--------------------------------------------------------------------------
   OVERALL |    9.42 |    9.92 |    8.51 |    9.28 |   0.58 |    9.17
==========================================================================
wall time = 1142s
