FINAL+M2 pipeline  seeds=[0, 1, 2]  NPER=60  K_m2=3.0  fracs=[0.2, 0.4, 0.6, 0.8]
reference (T^2 pipeline): detection 80.7% | RUL overall 9.17 +/- 0.33 (20%:10.27 40%:5.98 60%:10.70 80%:8.83)
  seed0: det acc = 82.1%  transitions = [48, 18, 33, 14, 13, 28, 13, 36, 15]
  seed0: RUL RMSE = 8.76  (by trunc 20%:10.19 40%:6.79 60%:9.63 80%:8.01)  (360s)
  seed1: det acc = 86.8%  transitions = [11, 32, 23, 15, 31, 22, 14, 14, 54]
  seed1: RUL RMSE = 10.24  (by trunc 20%:12.37 40%:5.93 60%:11.96 80%:9.40)  (727s)
  seed2: det acc = 79.1%  transitions = [22, 45, 43, 15, 34, 34, 14, 38, 16]
  seed2: RUL RMSE = 9.08  (by trunc 20%:7.79 40%:5.32 60%:12.44 80%:9.27)  (1139s)

==========================================================================
DETECTION (m2, K=3.0): acc = 82.7%  mean |delay| = 12.8 cyc
==========================================================================
RUL (truncation RMSE, cycles)
 data used |   seed0 |   seed1 |   seed2 |    mean |    std |  T2 ref
--------------------------------------------------------------------------
      20% |   10.19 |   12.37 |    7.79 |   10.12 |   1.87 |   10.27
      40% |    6.79 |    5.93 |    5.32 |    6.02 |   0.61 |    5.98
      60% |    9.63 |   11.96 |   12.44 |   11.34 |   1.23 |   10.70
      80% |    8.01 |    9.40 |    9.27 |    8.90 |   0.63 |    8.83
--------------------------------------------------------------------------
   OVERALL |    8.76 |   10.24 |    9.08 |    9.36 |   0.64 |    9.17
==========================================================================
wall time = 1139s
