residuals ready (0s)
fig_final_hi.png saved (17s)
  lambda grid row mono=0.5 done (60s)
  lambda grid row mono=1 done (104s)
  lambda grid row mono=2 done (148s)
  lambda grid row mono=4 done (192s)
  lambda grid row mono=6 done (236s)
  lambda grid row mono=8 done (280s)
fig_final_lambda_heatmap.png saved (281s)
  drop 0%: 8.60 / 27.2 (290s)
  drop 10%: 8.63 / 26.8 (299s)
  drop 25%: 8.53 / 26.0 (308s)
  drop 35%: 8.42 / 25.2 (317s)
  drop 50%: 8.30 / 24.5 (326s)
  drop 60%: 8.20 / 24.0 (335s)
  drop 70%: 8.16 / 23.9 (344s)
  drop 80%: 8.11 / 23.9 (354s)
fig_final_threshold.png saved (354s)
fig_final_flatgrid.png saved (354s)
ALL FIGURES DONE
