FINAL-SYSTEM HI RE-SWEEP  (L_flat ON, per-cycle causal threshold, drop 60%)
residuals ready (0s)

[A] lambda_mono x lambda_conv  (L_flat=800, m=.004)
 mono  conv |        RMSE | score |    s9   s10 start | shape
  0.5  0.25 |  8.49 ±0.06 |  26.6 |  1.74  2.04  0.23 | PASS
  0.5   0.5 |  8.45 ±0.01 |  26.2 |  1.74  2.04  0.23 | PASS
  0.5     1 |  8.43 ±0.03 |  26.2 |  1.74  2.04  0.24 | PASS
  0.5     2 |  8.52 ±0.04 |  27.0 |  1.72  2.03  0.24 | PASS
  0.5     4 |  8.91 ±0.06 |  30.1 |  1.65  1.99  0.26 | PASS
    1  0.25 |  8.45 ±0.02 |  26.1 |  1.75  2.05  0.23 | PASS
    1   0.5 |  8.43 ±0.01 |  26.1 |  1.75  2.05  0.23 | PASS
    1     1 |  8.43 ±0.03 |  26.2 |  1.74  2.05  0.24 | PASS
    1     2 |  8.53 ±0.04 |  27.1 |  1.72  2.03  0.24 | PASS
    1     4 |  8.97 ±0.07 |  30.5 |  1.65  1.99  0.26 | PASS
    2  0.25 |  8.42 ±0.02 |  26.0 |  1.75  2.05  0.23 | PASS
    2   0.5 |  8.42 ±0.04 |  26.0 |  1.75  2.05  0.23 | PASS
    2     1 |  8.45 ±0.04 |  26.4 |  1.74  2.05  0.24 | PASS
    2     2 |  8.59 ±0.05 |  27.6 |  1.71  2.03  0.25 | PASS
    2     4 |  9.08 ±0.09 |  31.4 |  1.64  1.98  0.26 | PASS
    4  0.25 |  8.42 ±0.05 |  26.2 |  1.75  2.06  0.24 | PASS
    4   0.5 |  8.46 ±0.04 |  26.5 |  1.74  2.06  0.24 | PASS
    4     1 |  8.54 ±0.03 |  27.1 |  1.72  2.05  0.24 | PASS
    4     2 |  8.73 ±0.05 |  28.7 |  1.69  2.02  0.25 | PASS
    4     4 |  9.27 ±0.09 |  32.9 |  1.62  1.98  0.26 | PASS
    6  0.25 |  8.52 ±0.04 |  27.0 |  1.73  2.06  0.24 | PASS
    6   0.5 |  8.57 ±0.04 |  27.4 |  1.73  2.05  0.24 | PASS
    6     1 |  8.67 ±0.04 |  28.2 |  1.71  2.04  0.25 | PASS
    6     2 |  8.92 ±0.07 |  30.1 |  1.67  2.02  0.25 | PASS
    6     4 |  9.49 ±0.11 |  34.7 |  1.60  1.96  0.27 | fail
    8  0.25 |  8.67 ±0.04 |  28.2 |  1.72  2.06  0.24 | PASS
    8   0.5 |  8.72 ±0.05 |  28.6 |  1.71  2.05  0.25 | PASS
    8     1 |  8.84 ±0.06 |  29.6 |  1.69  2.04  0.25 | PASS
    8     2 |  9.11 ±0.09 |  31.6 |  1.66  2.02  0.26 | PASS
    8     4 |  9.71 ±0.12 |  36.4 |  1.58  1.95  0.27 | fail
--> stage-A winner: mono=2, conv=0.25

[B] flat_w x margin  at (mono=2, conv=0.25)
   fw      m |        RMSE | score |    s9   s10 | shape
  300  0.002 |  8.20 ±0.09 |  24.0 |  1.77  1.85 | PASS
  300  0.004 |  8.26 ±0.09 |  24.6 |  1.77  1.94 | PASS
  300  0.006 |  8.35 ±0.10 |  25.5 |  1.76  2.03 | PASS
  500  0.002 |  8.25 ±0.07 |  24.4 |  1.76  1.92 | PASS
  500  0.004 |  8.34 ±0.06 |  25.2 |  1.76  2.01 | PASS
  500  0.006 |  8.45 ±0.06 |  26.3 |  1.76  2.10 | PASS
  800  0.002 |  8.30 ±0.04 |  24.9 |  1.75  1.96 | PASS
  800  0.004 |  8.42 ±0.02 |  26.0 |  1.75  2.05 | PASS
  800  0.006 |  8.57 ±0.01 |  27.1 |  1.75  2.14 | PASS
 1200  0.002 |  8.38 ±0.03 |  25.5 |  1.74  2.00 | PASS
 1200  0.004 |  8.51 ±0.06 |  26.7 |  1.74  2.09 | PASS
 1200  0.006 |  8.70 ±0.06 |  28.1 |  1.74  2.18 | PASS
--> stage-B winner: flat_w=300, m=0.002

[C] NPER 60 vs 200  at (mono=2, conv=0.25, flat=300, m=0.002)
  NPER= 60: RMSE 8.30 ±0.10  score 25.0  s9->s10 1.73->1.80  PASS
  NPER=200: RMSE 8.20 ±0.09  score 24.0  s9->s10 1.77->1.85  PASS

wall time = 384s
