[seed] 7200 run-in points from first 10 cycles x 9 units
[chart] in-control mu0=25.03 sd0=34.03  (lam=0.2)

K-sweep (control-limit width):  falseAlarm = fired within run-in (genuine);  earlyWarn = fired after run-in but before label (desirable lead)
   K |    UCL | meanDelay | |delay| | falseAl | earlyWarn | missed | meanF1 | meanAcc
----------------------------------------------------------------------------------------
   3 |   59.1 |      -9.6 |    11.3 |       1 |         7 |      0 |  0.894 |   0.852
   4 |   70.4 |      -7.2 |    10.6 |       1 |         6 |      0 |  0.899 |   0.863
   5 |   81.7 |      -3.7 |     7.4 |       0 |         6 |      0 |  0.920 |   0.896
   6 |   93.1 |      +4.1 |    11.4 |       0 |         5 |      0 |  0.857 |   0.850
   8 |  115.8 |      +5.7 |    11.4 |       0 |         4 |      0 |  0.852 |   0.851
  10 |  138.5 |      +7.6 |    13.3 |       0 |         4 |      0 |  0.821 |   0.824
----------------------------------------------------------------------------------------

[operating point]  K = 5  (UCL=81.7, chosen by best mean F1)

==============================================================================
unit | ncyc | true | pred | delay | falseAl |  prec | recall |    F1 |   acc
------------------------------------------------------------------------------
   1 |   72 |   37 |   22 |   -15 |       0 |  0.71 |   1.00 |  0.83 |  0.79
   2 |   73 |   24 |   15 |    -9 |       0 |  0.85 |   1.00 |  0.92 |  0.88
   3 |   67 |   25 |   18 |    -7 |       0 |  0.86 |   1.00 |  0.92 |  0.90
   4 |   60 |   24 |   32 |     8 |       0 |  1.00 |   0.78 |  0.88 |  0.87
   5 |   93 |   38 |   39 |     1 |       0 |  1.00 |   0.98 |  0.99 |  0.99
   6 |   63 |   18 |   12 |    -6 |       0 |  0.88 |   1.00 |  0.94 |  0.90
   7 |   80 |   25 |   14 |   -11 |       0 |  0.84 |   1.00 |  0.91 |  0.86
   8 |   71 |   18 |   16 |    -2 |       0 |  0.96 |   1.00 |  0.98 |  0.97
   9 |   84 |   37 |   45 |     8 |       0 |  1.00 |   0.83 |  0.91 |  0.90
------------------------------------------------------------------------------
mean signed delay = -3.7 cyc | mean |delay| = 7.4 cyc | false alarms = 0/9 | mean F1 = 0.920 | mean acc = 0.896
==============================================================================
saved /Users/a1/Desktop/Research-project/research/NCMAPSS/experiments/hs_monitor.png
