DS03-012 PORT of colleague workflow  tag=s3_matern32_r1_m18_n1024  drop=0.0  detect=ewma
  sensors=['T48', 'T50', 'Wf']  kernel=matern32 rank=1 m=18 npts=1024 steps=120 mcond=15  train=cycle<5
  seed0: stats ready (98s)
  seed0: det acc=80.6%  trans=[48, 48, 19, 12, 13, 47, 14, 11, 38]  RUL RMSE=8.95  score=32.0  (101s)
  seed1: stats ready (110s)
  seed1: det acc=80.2%  trans=[21, 15, 12, 12, 18, 39, 14, 12, 60]  RUL RMSE=9.66  score=36.4  (214s)
  seed2: stats ready (110s)
  seed2: det acc=81.3%  trans=[21, 43, 19, 12, 19, 50, 18, 11, 38]  RUL RMSE=8.31  score=28.0  (326s)

============================================================================
DETECTION (ewma, fixed LL): acc = 80.7%  mean |delay| = 13.9 cyc
============================================================================
 data used |         RMSE s0/s1/s2 | RMSE mean | score mean
----------------------------------------------------------------------------
      20% |   8.87  10.06   7.83 |      8.92 |        7.3
      40% |   6.10   6.27   6.17 |      6.18 |        3.9
      60% |  10.61  11.90   9.70 |     10.74 |       11.8
      80% |   9.57   9.55   9.08 |      9.40 |        9.1
----------------------------------------------------------------------------
   OVERALL |   8.95   9.66   8.31 |      8.97 |       32.1
OVERALL RUL RMSE = 8.97 +/- 0.55   NASA score = 32.1 +/- 3.4  (n=24 preds/seed)
wall time = 326s
