DS03-012 PORT of colleague workflow  tag=s3_matern32_r1_m18_n8192  drop=0.0  detect=ewma
  sensors=['T48', 'T50', 'Wf']  kernel=matern32 rank=1 m=18 npts=8192 steps=120 mcond=15  train=cycle<5
  seed0: stats ready (247s)
  seed0: det acc=81.7%  trans=[48, 18, 12, 12, 13, 46, 14, 12, 30]  RUL RMSE=8.85  score=29.3  (250s)
  seed1: stats ready (271s)
  seed1: det acc=79.1%  trans=[20, 32, 12, 12, 12, 50, 18, 12, 52]  RUL RMSE=9.28  score=32.3  (523s)
  seed2: stats ready (288s)
  seed2: det acc=79.5%  trans=[21, 40, 27, 12, 13, 47, 47, 12, 30]  RUL RMSE=8.30  score=26.1  (814s)

============================================================================
DETECTION (ewma, fixed LL): acc = 80.1%  mean |delay| = 14.4 cyc
============================================================================
 data used |         RMSE s0/s1/s2 | RMSE mean | score mean
----------------------------------------------------------------------------
      20% |  10.55  10.58   9.46 |     10.20 |        8.1
      40% |   6.15   6.14   6.04 |      6.11 |        3.6
      60% |   9.62  10.76   8.81 |      9.73 |        9.7
      80% |   8.46   8.91   8.50 |      8.62 |        7.9
----------------------------------------------------------------------------
   OVERALL |   8.85   9.28   8.30 |      8.81 |       29.2
OVERALL RUL RMSE = 8.81 +/- 0.40   NASA score = 29.2 +/- 2.5  (n=24 preds/seed)
wall time = 814s
