DS03-012 PORT of colleague workflow  tag=s3_matern32_r1_m18_n8192_p200  drop=0.35  detect=ewma
  sensors=['T48', 'T50', 'Wf']  kernel=matern32 rank=1 m=18 npts=8192 steps=120 mcond=15  train=cycle<5
  seed0: stats ready (0s)
  seed0: det acc=79.1%  trans=[21, 18, 19, 12, 15, 55, 48, 12, 30]  RUL RMSE=8.29  score=25.6  (3s)
  seed1: stats ready (0s)
  seed1: det acc=77.4%  trans=[19, 43, 19, 12, 12, 54, 48, 12, 38]  RUL RMSE=8.21  score=24.9  (6s)
  seed2: stats ready (0s)
  seed2: det acc=79.0%  trans=[19, 37, 13, 12, 12, 54, 14, 12, 38]  RUL RMSE=8.64  score=27.5  (9s)

============================================================================
DETECTION (ewma, fixed LL): acc = 78.5%  mean |delay| = 15.5 cyc
============================================================================
 data used |         RMSE s0/s1/s2 | RMSE mean | score mean
----------------------------------------------------------------------------
      20% |   9.59  10.08  10.24 |      9.97 |        7.6
      40% |   6.55   6.62   6.36 |      6.51 |        3.8
      60% |   8.78   8.29   9.46 |      8.85 |        8.1
      80% |   7.95   7.44   7.99 |      7.80 |        6.6
----------------------------------------------------------------------------
   OVERALL |   8.29   8.21   8.64 |      8.38 |       26.0
OVERALL RUL RMSE = 8.38 +/- 0.19   NASA score = 26.0 +/- 1.1  (n=24 preds/seed)
wall time = 9s
