[A] rbf-r2 lr selection by GP-level held-out normal RMSE (standardized, pooled)
  lr=0.05: pooled standardized heldout RMSE 0.0171 ± 0.0014  (545s)
  lr=0.1: pooled standardized heldout RMSE 0.0154 ± 0.0018  (1127s)
--> lr winner (GP metric): 0.1
[B] DS03 seed0 stats ready (1714s)
[B] DS03 seed1 stats ready (2401s)
[B] DS03 seed2 stats ready (3095s)
[C] lambda grid (flat 300/.002)
  0.5 0.25: RMSE 16.423 ±0.533  score 65.783  fail
  0.5 0.5: RMSE 9.796 ±2.563  score 27.726  fail
  0.5 1: RMSE 7.672 ±0.058  score 18.333  PASS
  0.5 2: RMSE 7.594 ±0.098  score 18.232  PASS
  0.5 4: RMSE 7.441 ±0.123  score 18.000  PASS
  1 0.25: RMSE 10.202 ±3.020  score 30.126  fail
  1 0.5: RMSE 7.623 ±0.151  score 18.992  PASS
  1 1: RMSE 7.649 ±0.069  score 18.293  PASS
  1 2: RMSE 7.581 ±0.103  score 18.214  PASS
  1 4: RMSE 7.427 ±0.124  score 17.982  PASS
  2 0.25: RMSE 7.694 ±0.064  score 18.386  PASS
  2 0.5: RMSE 7.659 ±0.074  score 18.317  PASS
  2 1: RMSE 7.626 ±0.087  score 18.280  PASS
  2 2: RMSE 7.552 ±0.106  score 18.167  PASS
  2 4: RMSE 7.394 ±0.129  score 17.937  PASS
  4 0.25: RMSE 7.628 ±0.087  score 18.296  PASS
  4 0.5: RMSE 7.612 ±0.096  score 18.275  PASS
  4 1: RMSE 7.573 ±0.098  score 18.211  PASS
  4 2: RMSE 7.488 ±0.115  score 18.060  PASS
  4 4: RMSE 7.347 ±0.120  score 17.936  PASS
  6 0.25: RMSE 7.570 ±0.102  score 18.209  PASS
  6 0.5: RMSE 7.548 ±0.104  score 18.166  PASS
  6 1: RMSE 7.503 ±0.107  score 18.085  PASS
  6 2: RMSE 7.420 ±0.112  score 17.947  PASS
  6 4: RMSE 7.308 ±0.118  score 17.972  fail
  8 0.25: RMSE 7.497 ±0.108  score 18.076  PASS
  8 0.5: RMSE 7.475 ±0.108  score 18.031  PASS
  8 1: RMSE 7.434 ±0.110  score 17.961  PASS
  8 2: RMSE 7.366 ±0.115  score 17.900  PASS
  8 4: RMSE 7.276 ±0.117  score 18.034  fail
--> lambda winner: 8, 2
[C] flat grid
  300 0.002: RMSE 7.366 ±0.115  score 17.900  PASS
  300 0.004: RMSE 7.303 ±0.107  score 17.883  PASS
  300 0.006: RMSE 7.237 ±0.103  score 17.859  PASS
  500 0.002: RMSE 7.333 ±0.114  score 17.866  PASS
  500 0.004: RMSE 7.264 ±0.107  score 17.863  PASS
  500 0.006: RMSE 7.194 ±0.085  score 17.895  PASS
  800 0.002: RMSE 7.314 ±0.115  score 17.881  PASS
  800 0.004: RMSE 7.229 ±0.101  score 17.835  PASS
  800 0.006: RMSE 7.168 ±0.088  score 18.015  PASS
  1200 0.002: RMSE 7.291 ±0.124  score 17.883  PASS
  1200 0.004: RMSE 7.197 ±0.098  score 17.898  PASS
  1200 0.006: RMSE 7.142 ±0.089  score 18.157  fail
--> flat winner: 800, 0.004
FROZEN CONFIG: rbf r2, lr=0.1, lambda=(8,2), flat=(800,0.004), no filter, exp S5
[D] DS01 seed0 stats ready (4130s)
[D] DS01 seed1 stats ready (4790s)
[D] DS01 seed2 stats ready (5402s)
[D] DS02 seed0 stats ready (5954s)
[D] DS02 seed1 stats ready (6502s)
[D] DS02 seed2 stats ready (7022s)
[E] DS03: RMSE 7.23 ±0.10  score 17.8 ±0.3  betas=[30, 30, 30]  det 81.6%/13.7cyc
[E] DS01: RMSE 7.14 ±0.27  score 14.9 ±0.8  betas=[25, 25, 25]  det 77.2%/20.5cyc
[E] DS02: RMSE 7.26 ±0.70  score 11.8 ±2.1  betas=[30, 35, 30]  det 90.6%/6.7cyc
DONE 7047s
