[LR]
lr=0.01: 7.76 ±0.61 / 19.7
lr=0.02: 7.68 ±0.28 / 19.1
lr=0.05: 8.04 ±0.09 / 19.7
lr=0.1: 7.56 ±0.36 / 18.2
[BASIS]
DS03 quad: 16.03 ±0.25 / 113.5 ±5.0 []
DS03 cubic: 8.00 ±0.08 / 22.3 ±0.3 []
DS03 quartic: 9.82 ±0.14 / 27.4 ±0.7 []
DS03 exp: 8.04 ±0.09 / 19.7 ±0.3 [30, 30, 30]
DS01 quad: 33.53 ±2.83 / 867.1 ±256.4 []
DS01 cubic: 8.59 ±1.02 / 20.2 ±4.4 []
DS01 quartic: 6.99 ±0.42 / 10.4 ±0.6 []
DS01 exp: 6.31 ±1.00 / 11.7 ±3.6 [25, 25, 20]
DS02 quad: 17.70 ±1.27 / 78.8 ±14.6 []
DS02 cubic: 7.12 ±1.03 / 11.0 ±3.0 []
DS02 quartic: 6.58 ±0.19 / 9.1 ±0.5 []
DS02 exp: 6.31 ±0.36 / 9.0 ±0.8 [30, 25, 25]
[LAMBDA]
  0.5 0.25: 8.57 (22.9) fail
  0.5 0.5: 8.07 (20.8) fail
  0.5 1: 8.00 (19.5) PASS
  0.5 2: 7.83 (19.2) PASS
  0.5 4: 7.63 (19.0) PASS
  1 0.25: 8.20 (20.9) fail
  1 0.5: 8.02 (19.8) PASS
  1 1: 7.96 (19.4) PASS
  1 2: 7.81 (19.2) PASS
  1 4: 7.62 (19.0) PASS
  2 0.25: 8.04 (19.7) PASS
  2 0.5: 7.98 (19.5) PASS
  2 1: 7.90 (19.3) PASS
  2 2: 7.76 (19.1) PASS
  2 4: 7.58 (19.0) PASS
  4 0.25: 7.89 (19.3) PASS
  4 0.5: 7.85 (19.3) PASS
  4 1: 7.79 (19.2) PASS
  4 2: 7.69 (19.1) PASS
  4 4: 7.51 (19.0) PASS
  6 0.25: 7.78 (19.2) PASS
  6 0.5: 7.76 (19.2) PASS
  6 1: 7.72 (19.1) PASS
  6 2: 7.62 (19.1) PASS
  6 4: 7.46 (19.0) fail
  8 0.25: 7.72 (19.2) PASS
  8 0.5: 7.69 (19.1) PASS
  8 1: 7.64 (19.1) PASS
  8 2: 7.54 (19.0) PASS
  8 4: 7.42 (19.1) fail
[FLAT]
  300 0.002: 8.04 (19.7) PASS
  300 0.004: 7.79 (19.0) PASS
  300 0.006: 7.61 (18.7) PASS
  500 0.002: 7.77 (19.0) PASS
  500 0.004: 7.59 (18.6) PASS
  500 0.006: 7.45 (18.4) PASS
  800 0.002: 7.61 (18.7) PASS
  800 0.004: 7.45 (18.4) PASS
  800 0.006: 7.34 (18.3) PASS
  1200 0.002: 7.49 (18.4) PASS
  1200 0.004: 7.35 (18.2) PASS
  1200 0.006: 7.26 (18.3) PASS
FLAT range 7.26-8.04
DONE 479s
