DOWNSTREAM RE-SWEEP under REVISED Stage 5 (basis [1, c^2]) — DS03, 3 seeds

[A] lambda_mono x lambda_conv  (L_flat=300,.002, drop 60%)
 mono  conv |         RMSE |  score |     s9->s10 | shape
  0.5  0.25 |  12.71 ±2.63 |   69.2 |  1.56->1.58 | PASS
  0.5   0.5 |  14.88 ±0.26 |   93.1 |  1.74->1.80 | PASS
  0.5     1 |  15.20 ±0.22 |   97.1 |  1.75->1.84 | PASS
  0.5     2 |  15.88 ±0.15 |  107.0 |  1.74->1.86 | PASS
  0.5     4 |  17.37 ±0.03 |  133.1 |  1.66->1.85 | PASS
    1  0.25 |  14.82 ±0.24 |   92.3 |  1.74->1.80 | PASS
    1   0.5 |  15.00 ±0.25 |   94.4 |  1.76->1.83 | PASS
    1     1 |  15.33 ±0.21 |   98.7 |  1.76->1.85 | PASS
    1     2 |  16.01 ±0.13 |  109.0 |  1.73->1.86 | PASS
    1     4 |  17.51 ±0.04 |  135.7 |  1.66->1.86 | PASS
    2  0.25 |  15.07 ±0.24 |   95.0 |  1.77->1.85 | PASS
    2   0.5 |  15.24 ±0.21 |   97.3 |  1.77->1.86 | PASS
    2     1 |  15.56 ±0.18 |  102.0 |  1.76->1.86 | PASS
    2     2 |  16.27 ±0.09 |  113.3 |  1.72->1.87 | PASS
    2     4 |  17.81 ±0.06 |  141.4 |  1.65->1.86 | PASS
    4  0.25 |  15.54 ±0.17 |  101.5 |  1.77->1.88 | PASS
    4   0.5 |  15.71 ±0.15 |  104.1 |  1.76->1.88 | PASS
    4     1 |  16.06 ±0.11 |  109.7 |  1.74->1.88 | PASS
    4     2 |  16.81 ±0.03 |  122.4 |  1.70->1.88 | PASS
    4     4 |  18.37 ±0.06 |  152.8 |  1.62->1.86 | PASS
    6  0.25 |  16.06 ±0.13 |  109.5 |  1.75->1.89 | PASS
    6   0.5 |  16.23 ±0.09 |  112.2 |  1.74->1.89 | PASS
    6     1 |  16.60 ±0.06 |  118.6 |  1.72->1.89 | PASS
    6     2 |  17.37 ±0.01 |  132.6 |  1.68->1.89 | PASS
    6     4 |  18.90 ±0.09 |  164.4 |  1.60->1.86 | fail
    8  0.25 |  16.60 ±0.06 |  118.4 |  1.73->1.91 | PASS
    8   0.5 |  16.77 ±0.05 |  121.5 |  1.72->1.91 | PASS
    8     1 |  17.17 ±0.04 |  128.5 |  1.70->1.90 | PASS
    8     2 |  17.94 ±0.02 |  143.5 |  1.66->1.89 | PASS
    8     4 |  19.45 ±0.13 |  177.1 |  1.58->1.85 | fail
--> A winner: mono=0.5, conv=0.25

[B] flat_w x margin  at (mono=0.5, conv=0.25), drop 60%
   fw      m |         RMSE |  score |     s9->s10 | shape
  300  0.002 |  12.71 ±2.63 |   69.2 |  1.56->1.58 | PASS
  300  0.004 |  14.32 ±1.45 |   87.1 |  1.64->1.77 | PASS
  300  0.006 |  16.15 ±0.20 |  111.8 |  1.74->2.01 | PASS
  500  0.002 |  13.74 ±1.97 |   80.4 |  1.61->1.72 | PASS
  500  0.004 |  15.95 ±0.12 |  108.7 |  1.74->1.99 | PASS
  500  0.006 |  16.59 ±0.11 |  118.7 |  1.74->2.08 | PASS
  800  0.002 |  15.65 ±0.08 |  104.4 |  1.73->1.94 | PASS
  800  0.004 |  16.35 ±0.07 |  115.1 |  1.74->2.04 | PASS
  800  0.006 |  17.03 ±0.12 |  126.5 |  1.74->2.13 | PASS
 1200  0.002 |  16.09 ±0.30 |  111.5 |  1.73->1.98 | PASS
 1200  0.004 |  16.80 ±0.33 |  123.0 |  1.73->2.08 | PASS
 1200  0.006 |  17.44 ±0.29 |  134.1 |  1.73->2.17 | PASS
--> B winner: flat_w=300, m=0.002

[C] drop sweep 0-95%  at (mono=0.5, conv=0.25, flat=300, 0.002)
 drop |         RMSE |  score
   0% |   8.36 ±0.14 |   24.3
  10% |  12.08 ±2.85 |   65.1
  20% |  11.84 ±2.87 |   62.2
  30% |  12.85 ±2.42 |   72.3
  40% |  13.54 ±2.10 |   79.6
  50% |  13.45 ±2.12 |   77.7
  60% |  12.71 ±2.63 |   69.2
  70% |  12.52 ±2.97 |   67.3
  80% |  12.36 ±2.87 |   64.7
  85% |  12.47 ±2.49 |   64.7
  90% |  14.26 ±0.28 |   83.0
  95% |  13.86 ±0.28 |   77.3
--> C winner: drop=0%  RMSE 8.36 ±0.14  score 24.3

FINAL (revised Stage 5): mono=0.5 conv=0.25 flat=(300,0.002) drop=0%
reference (old Stage 5 official): 8.05 ±0.11 / 23.5 @ drop 85%
wall 471s
