[A] lambda grid under EXP Stage 5 (drop 85%, L_flat 300/.002)
 0.5 0.25 |   8.07 ±0.26 |  20.6 | 1.53->1.57 | PASS
 0.5  0.5 |   7.94 ±0.16 |  20.0 | 1.70->1.79 | PASS
 0.5    1 |   7.83 ±0.14 |  20.0 | 1.71->1.82 | PASS
 0.5    2 |   7.84 ±0.17 |  19.3 | 1.69->1.83 | PASS
 0.5    4 |   7.51 ±0.09 |  18.9 | 1.61->1.82 | PASS
   1 0.25 |   7.95 ±0.15 |  20.0 | 1.70->1.80 | PASS
   1  0.5 |   7.88 ±0.14 |  20.0 | 1.71->1.82 | PASS
   1    1 |   7.80 ±0.13 |  20.0 | 1.71->1.83 | PASS
   1    2 |   7.80 ±0.16 |  19.3 | 1.68->1.84 | PASS
   1    4 |   7.48 ±0.08 |  18.9 | 1.60->1.83 | PASS
   2 0.25 |   7.84 ±0.12 |  19.9 | 1.72->1.84 | PASS
   2  0.5 |   7.81 ±0.12 |  20.0 | 1.72->1.84 | PASS
   2    1 |   7.91 ±0.19 |  19.5 | 1.71->1.84 | PASS
   2    2 |   7.72 ±0.14 |  19.1 | 1.67->1.85 | PASS
   2    4 |   7.44 ±0.07 |  18.9 | 1.59->1.83 | fail
   4 0.25 |   7.88 ±0.19 |  19.4 | 1.72->1.86 | PASS
   4  0.5 |   7.83 ±0.18 |  19.3 | 1.71->1.86 | PASS
   4    1 |   7.75 ±0.15 |  19.2 | 1.69->1.86 | PASS
   4    2 |   7.57 ±0.10 |  19.0 | 1.65->1.85 | PASS
   4    4 |   7.37 ±0.06 |  19.0 | 1.56->1.83 | fail
   6 0.25 |   7.71 ±0.15 |  19.1 | 1.70->1.88 | PASS
   6  0.5 |   7.67 ±0.14 |  19.1 | 1.69->1.87 | PASS
   6    1 |   7.59 ±0.12 |  19.0 | 1.67->1.87 | PASS
   6    2 |   7.47 ±0.07 |  18.9 | 1.63->1.86 | PASS
   6    4 |   7.33 ±0.06 |  19.3 | 1.53->1.82 | fail
   8 0.25 |   7.57 ±0.12 |  19.0 | 1.69->1.89 | PASS
   8  0.5 |   7.53 ±0.08 |  18.9 | 1.67->1.88 | PASS
   8    1 |   7.47 ±0.08 |  18.9 | 1.65->1.88 | PASS
   8    2 |   7.38 ±0.08 |  19.0 | 1.60->1.86 | fail
   8    4 |   7.30 ±0.06 |  19.6 | 1.50->1.81 | fail
--> A winner: 8, 1  (7.47/18.9)
[B] flat grid at A winner
  300 0.002 |   7.47 ±0.08 |  18.9 | 1.65->1.88 | PASS
  300 0.004 |   7.44 ±0.08 |  18.9 | 1.64->1.92 | PASS
  300 0.006 |   7.43 ±0.08 |  19.2 | 1.64->1.98 | PASS
  500 0.002 |   7.46 ±0.10 |  19.0 | 1.64->1.90 | PASS
  500 0.004 |   7.44 ±0.09 |  19.1 | 1.63->1.95 | PASS
  500 0.006 |   7.41 ±0.07 |  19.4 | 1.63->2.01 | PASS
  800 0.002 |   7.45 ±0.10 |  19.1 | 1.63->1.92 | PASS
  800 0.004 |   7.42 ±0.09 |  19.3 | 1.62->1.98 | PASS
  800 0.006 |   7.56 ±0.22 |  19.4 | 1.61->2.06 | fail
 1200 0.002 |   7.44 ±0.09 |  19.2 | 1.61->1.94 | PASS
 1200 0.004 |   7.40 ±0.06 |  19.5 | 1.60->2.01 | fail
 1200 0.006 |   7.47 ±0.12 |  19.5 | 1.60->2.12 | fail
--> B winner: 300, 0.002  (7.47/18.9)
DONE 416s
