V4 PILOT — cycle<=3 window (27k), detcov gate validity test
seed0: train=27000 rows (9 units x 3 cycles x 1000)
seed0: fitted (1015s, retries=0)
seed0: stats cached (1238s total)
seed1: train=27000 rows (9 units x 3 cycles x 1000)
seed1: fitted (1037s, retries=0)
seed1: stats cached (1242s total)
seed2: train=27000 rows (9 units x 3 cycles x 1000)
seed2: fitted (1018s, retries=0)
seed2: stats cached (1232s total)

pooled dev detcov distribution (descriptive only):
  p1=17.15  p2=18.12  p5=19.19  p10=19.72  p25=20.10  p50=20.26  p75=20.36  p90=20.46

no gate: onset RMSE=6.78  delay=+6.00  (n=27)
  [v3 cycle<3 reference: no-gate 8.68 -> V*=20.0 gives 7.16, p=0.002; cycle<5 chain: gate invalid p>0.3]

absolute-axis sweep V=18.1..20.2 step 0.1 (22 values)
       V |  kept% |   RMSE |  delay | better/worse | p(Wilcoxon)
    18.1 |  98.0% |   6.56 |  +5.81 |     2 /    0 | 0.4800
    18.2 |  97.9% |   6.41 |  +5.67 |     5 /    0 | 0.1079
    18.3 |  97.7% |   6.41 |  +5.67 |     5 /    0 | 0.1079
    18.4 |  97.5% |   6.41 |  +5.67 |     5 /    0 | 0.1079
    18.5 |  97.3% |   6.41 |  +5.67 |     5 /    0 | 0.1079
    18.6 |  97.1% |   6.41 |  +5.67 |     5 /    0 | 0.1079
    18.7 |  96.9% |   6.41 |  +5.67 |     5 /    0 | 0.1079
    18.8 |  96.6% |   6.27 |  +5.52 |     6 /    0 | 0.0610
    18.9 |  96.2% |   6.27 |  +5.52 |     6 /    0 | 0.0610
    19.0 |  95.9% |   6.27 |  +5.41 |     7 /    0 | 0.0338
    19.1 |  95.4% |   6.16 |  +5.33 |     8 /    0 | 0.0183
    19.2 |  95.0% |   6.15 |  +5.30 |     9 /    0 | 0.0099
    19.3 |  94.4% |   6.28 |  +5.41 |     8 /    0 | 0.0183
    19.4 |  93.7% |   6.14 |  +5.26 |     9 /    0 | 0.0099
    19.5 |  92.8% |   6.32 |  +5.33 |     8 /    0 | 0.0183
    19.6 |  91.7% |   6.27 |  +5.30 |     8 /    0 | 0.0184
    19.7 |  90.3% |   6.27 |  +5.30 |     8 /    0 | 0.0184
    19.8 |  88.4% |   5.95 |  +4.85 |    10 /    1 | 0.0180
    19.9 |  85.7% |   5.90 |  +4.74 |    11 /    1 | 0.0107
    20.0 |  81.6% |   5.97 |  +4.78 |    12 /    2 | 0.0187
    20.1 |  75.0% |   5.85 |  +4.33 |    12 /    3 | 0.0261
    20.2 |  62.6% |   5.65 |  +4.11 |    12 /    3 | 0.0210

tie band (RMSE <= min+0.1): V=20.2 (RMSE 5.65, p=0.021)
significant improvements (p<0.05 & RMSE<no-gate): V=19.0, V=19.1, V=19.2, V=19.3, V=19.4, V=19.5, V=19.6, V=19.7, V=19.8, V=19.9, V=20.0, V=20.1, V=20.2
VERDICT: gate VALID at cycle<=3 (best 5.65 vs no-gate 6.78)
figure: /Users/a1/Desktop/master/논문/fig_v4_c3_gate_sweep.png

wall=61.9 min
