데이터 로딩 중...
W shape: (9822837, 4)
X_s shape: (9822837, 14)
X_v shape: (9822837, 14)
T shape: (9822837, 10)
A shape: (9822837, 4)

======================================================================
  PIPELINE: Baseline  (representative=False)
======================================================================

=== Normal Range summary (A_dev index) ===
Total normal ranges : 9
  Engine 1 : [0, 156352] (len=156353)
  Engine 2 : [308489, 526119] (len=217631)
  Engine 3 : [955653, 1167122] (len=211470)
  Engine 4 : [1545490, 1752373] (len=206884)
  Engine 5 : [2084577, 2236339] (len=151763)
  Engine 6 : [2485720, 2754276] (len=268557)
  Engine 7 : [3432229, 3656713] (len=224485)
  Engine 8 : [4132089, 4383309] (len=251221)
  Engine 9 : [5207095, 5368001] (len=160907)

=== Abnormal Range summary (A_dev index) ===
Total abnormal ranges : 9
  Engine 1 : [156353, 308488] (len=152136)
  Engine 2 : [526120, 955652] (len=429533)
  Engine 3 : [1167123, 1545489] (len=378367)
  Engine 4 : [1752374, 2084576] (len=332203)
  Engine 5 : [2236340, 2485719] (len=249380)
  Engine 6 : [2754277, 3432228] (len=677952)
  Engine 7 : [3656714, 4132088] (len=475375)
  Engine 8 : [4383310, 5207094] (len=823785)
  Engine 9 : [5368002, 5571276] (len=203275)

=== DEV All Range summary (A_dev index) ===
Total dev ranges : 9
  Engine 1 : [0, 308488] (len=308489)
  Engine 2 : [308489, 955652] (len=647164)
  Engine 3 : [955653, 1545489] (len=589837)
  Engine 4 : [1545490, 2084576] (len=539087)
  Engine 5 : [2084577, 2485719] (len=401143)
  Engine 6 : [2485720, 3432228] (len=946509)
  Engine 7 : [3432229, 4132088] (len=699860)
  Engine 8 : [4132089, 5207094] (len=1075006)
  Engine 9 : [5207095, 5571276] (len=364182)

=== Test Abnormal Range summary (A_test index) ===
Total test abnormal ranges : 6
  Engine 10 : [249848, 951108] (len=701261)
  Engine 11 : [1212316, 1775600] (len=563285)
  Engine 12 : [1931041, 2181009] (len=249969)
  Engine 13 : [2432683, 3287901] (len=855219)
  Engine 14 : [3447483, 3633385] (len=185903)
  Engine 15 : [3850316, 4251559] (len=401244)

=== TEST All Range summary (A_test index) ===
Total test ranges : 6
  Engine 10 : [0, 951108] (len=951109)
  Engine 11 : [951109, 1775600] (len=824492)
  Engine 12 : [1775601, 2181009] (len=405409)
  Engine 13 : [2181010, 3287901] (len=1106892)
  Engine 14 : [3287902, 3633385] (len=345484)
  Engine 15 : [3633386, 4251559] (len=618174)

=== DEV sampling (normal state, from A_dev) ===
Target engines : [np.int64(1), np.int64(2), np.int64(3), np.int64(4), np.int64(5), np.int64(6), np.int64(7), np.int64(8), np.int64(9)]
Samples per range (K) : 20
  Engine 1 | range [0,156352] | range_len=156353 | sampled=20
  Engine 2 | range [308489,526119] | range_len=217631 | sampled=20
  Engine 3 | range [955653,1167122] | range_len=211470 | sampled=20
  Engine 4 | range [1545490,1752373] | range_len=206884 | sampled=20
  Engine 5 | range [2084577,2236339] | range_len=151763 | sampled=20
  Engine 6 | range [2485720,2754276] | range_len=268557 | sampled=20
  Engine 7 | range [3432229,3656713] | range_len=224485 | sampled=20
  Engine 8 | range [4132089,4383309] | range_len=251221 | sampled=20
  Engine 9 | range [5207095,5368001] | range_len=160907 | sampled=20

DEV sampled count by engine:
  Engine 1 : 20
  Engine 2 : 20
  Engine 3 : 20
  Engine 4 : 20
  Engine 5 : 20
  Engine 6 : 20
  Engine 7 : 20
  Engine 8 : 20
  Engine 9 : 20

Total DEV sampled indices: 180

=== DEV sampling (abnormal state, from A_dev) ===
Samples per cycle (N) : 10

Total DEV sampled indices: 6630

=== TEST sampling (abnormal state, from A_test) ===
Samples per cycle (N) : 10

Total TEST sampled indices: 4380

[Data prep] Baseline (원본 인덱스 그대로)
  Training data size    : 180
  Outlier rate (>3σ)    : 0.0056
  Mean IQR (sensors)    : 87.1154

[GPR training]
  GPR Iter 10/100 - Loss: 0.8604
  GPR Iter 20/100 - Loss: 0.3596
  GPR Iter 30/100 - Loss: -0.1514
  GPR Iter 40/100 - Loss: -0.6635
  GPR Iter 50/100 - Loss: -1.1605
  GPR Iter 60/100 - Loss: -1.6362
  GPR Iter 70/100 - Loss: -2.0632
  GPR Iter 80/100 - Loss: -2.4085
  GPR Iter 90/100 - Loss: -2.6404
  GPR Iter 100/100 - Loss: -2.7725
  GPR final loss: -2.7725
  Residual STD (avg): 1.8175
  Residual MAE (avg): 1.3671
T48: mean=6.1236, std=8.3204
T50: mean=4.8460, std=6.7190
Wf: mean=0.0103, std=0.0133

[MLP training] epochs=1000
Debug epochs: [100, 200, 300, 400, 500, 600, 700, 800, 900, 1000]
Number of engines: 9
  Engine 1: 72 cycles
  Engine 2: 73 cycles
  Engine 3: 67 cycles
  Engine 4: 60 cycles
  Engine 5: 93 cycles
  Engine 6: 63 cycles
  Engine 7: 80 cycles
  Engine 8: 71 cycles
  Engine 9: 84 cycles

================================================================================
EPOCH 100 - LOSS COMPUTATION
================================================================================

[Engine 1] T_n=72
  HI range: [0.092324, 0.224827]
  HI[0] (first): 0.102712
  HI[71] (last): 0.222900
  Loss Term 1 contribution: 0.603884 (target: h_n(T_n)=1)
  Loss Term 2 contribution: 0.002256
  Monotonicity violations: 33/71
  Loss Term 3 contribution: 0.005638
  Convexity violations: 34/70
  Gradient (dHI/dt) stats:
    Mean: 0.001693, Std: 0.007637

[Engine 2] T_n=73
  HI range: [0.096045, 0.250056]
  HI[0] (first): 0.098932
  HI[72] (last): 0.246174
  Loss Term 1 contribution: 0.568254 (target: h_n(T_n)=1)
  Loss Term 2 contribution: 0.001836
  Monotonicity violations: 26/72
  Loss Term 3 contribution: 0.004535
  Convexity violations: 39/71
  Gradient (dHI/dt) stats:
    Mean: 0.002045, Std: 0.006615

[Engine 3] T_n=67
  HI range: [0.096323, 0.251958]
  HI[0] (first): 0.108248
  HI[66] (last): 0.251958
  Loss Term 1 contribution: 0.559567 (target: h_n(T_n)=1)
  Loss Term 2 contribution: 0.001988
  Monotonicity violations: 23/66
  Loss Term 3 contribution: 0.004766
  Convexity violations: 33/65
  Gradient (dHI/dt) stats:
    Mean: 0.002177, Std: 0.007472

[Engine 4] T_n=60
  HI range: [0.100114, 0.230338]
  HI[0] (first): 0.104295
  HI[59] (last): 0.230338
  Loss Term 1 contribution: 0.592379 (target: h_n(T_n)=1)
  Loss Term 2 contribution: 0.001136
  Monotonicity violations: 16/59
  Loss Term 3 contribution: 0.003074
  Convexity violations: 28/58
  Gradient (dHI/dt) stats:
    Mean: 0.002136, Std: 0.005248

[Engine 5] T_n=93
  HI range: [0.092998, 0.259490]
  HI[0] (first): 0.101789
  HI[92] (last): 0.259490
  Loss Term 1 contribution: 0.548356 (target: h_n(T_n)=1)
  Loss Term 2 contribution: 0.001908
  Monotonicity violations: 34/92
  Loss Term 3 contribution: 0.004240
  Convexity violations: 46/91
  Gradient (dHI/dt) stats:
    Mean: 0.001714, Std: 0.006672

[Engine 6] T_n=63
  HI range: [0.101539, 0.250095]
  HI[0] (first): 0.108486
  HI[62] (last): 0.250095
  Loss Term 1 contribution: 0.562357 (target: h_n(T_n)=1)
  Loss Term 2 contribution: 0.001222
  Monotonicity violations: 24/62
  Loss Term 3 contribution: 0.003761
  Convexity violations: 28/61
  Gradient (dHI/dt) stats:
    Mean: 0.002284, Std: 0.005773

[Engine 7] T_n=80
  HI range: [0.099349, 0.257897]
  HI[0] (first): 0.107887
  HI[79] (last): 0.257897
  Loss Term 1 contribution: 0.550717 (target: h_n(T_n)=1)
  Loss Term 2 contribution: 0.001956
  Monotonicity violations: 27/79
  Loss Term 3 contribution: 0.004742
  Convexity violations: 36/78
  Gradient (dHI/dt) stats:
    Mean: 0.001899, Std: 0.006907

[Engine 8] T_n=71
  HI range: [0.101997, 0.262778]
  HI[0] (first): 0.103006
  HI[70] (last): 0.262778
  Loss Term 1 contribution: 0.543497 (target: h_n(T_n)=1)
  Loss Term 2 contribution: 0.001042
  Monotonicity violations: 18/70
  Loss Term 3 contribution: 0.002939
  Convexity violations: 33/69
  Gradient (dHI/dt) stats:
    Mean: 0.002282, Std: 0.004963

[Engine 9] T_n=84
  HI range: [0.101514, 0.260592]
  HI[0] (first): 0.102164
  HI[83] (last): 0.260592
  Loss Term 1 contribution: 0.546724 (target: h_n(T_n)=1)
  Loss Term 2 contribution: 0.002238
  Monotonicity violations: 30/83
  Loss Term 3 contribution: 0.005412
  Convexity violations: 38/82
  Gradient (dHI/dt) stats:
    Mean: 0.001909, Std: 0.007819

================================================================================
LOSS BREAKDOWN:
  Term 0 (Initial HI <= 0.2): 0.000000 (×1.0)
  Term 1 (Target HI=1): 5.075735 (×1.0)
  Term 2 (Monotonicity): 0.015582 (×6.0)
  Term 3 (Convexity): 0.039107 (×2.0)
  Total Loss: 5.247440
================================================================================

PARAMETER GRADIENTS (averaged over 9 engines):
  W1: mean=-0.00068886, std=0.02738866, max_abs=0.03665616
  b1: mean=-0.00042979, std=0.01573192, max_abs=0.01638218
  W2: mean=-0.00001296, std=0.11137162, max_abs=0.11649961
  b2: mean=-0.00547303, std=0.16148918, max_abs=0.16696221
  W3: mean=0.00831152, std=0.72217051, max_abs=0.73048203
  b3: mean=-1.50172849, std=0.00000000, max_abs=1.50172849

ADAM OPTIMIZER UPDATE (step 100):
  W1: update_mean=0.00002080, update_max_abs=0.00134437
  b1: update_mean=0.00002049, update_max_abs=0.00145476

================================================================================
EPOCH 200 - LOSS COMPUTATION
================================================================================

[Engine 1] T_n=72
  HI range: [0.207860, 0.580693]
  HI[0] (first): 0.243915
  HI[71] (last): 0.580693
  Loss Term 1 contribution: 0.175819 (target: h_n(T_n)=1)
  Loss Term 2 contribution: 0.005976
  Monotonicity violations: 29/71
  Loss Term 3 contribution: 0.014732
  Convexity violations: 34/70
  Gradient (dHI/dt) stats:
    Mean: 0.004743, Std: 0.020227

[Engine 2] T_n=73
  HI range: [0.222336, 0.607873]
  HI[0] (first): 0.234621
  HI[72] (last): 0.606909
  Loss Term 1 contribution: 0.154520 (target: h_n(T_n)=1)
  Loss Term 2 contribution: 0.004735
  Monotonicity violations: 26/72
  Loss Term 3 contribution: 0.011681
  Convexity violations: 38/71
  Gradient (dHI/dt) stats:
    Mean: 0.005171, Std: 0.018115

[Engine 3] T_n=67
  HI range: [0.217344, 0.611384]
  HI[0] (first): 0.246162
  HI[66] (last): 0.611384
  Loss Term 1 contribution: 0.151023 (target: h_n(T_n)=1)
  Loss Term 2 contribution: 0.004889
  Monotonicity violations: 24/66
  Loss Term 3 contribution: 0.012219
  Convexity violations: 33/65
  Gradient (dHI/dt) stats:
    Mean: 0.005534, Std: 0.019260

[Engine 4] T_n=60
  HI range: [0.243618, 0.590089]
  HI[0] (first): 0.252720
  HI[59] (last): 0.590089
  Loss Term 1 contribution: 0.168027 (target: h_n(T_n)=1)
  Loss Term 2 contribution: 0.003100
  Monotonicity violations: 16/59
  Loss Term 3 contribution: 0.008809
  Convexity violations: 27/58
  Gradient (dHI/dt) stats:
    Mean: 0.005718, Std: 0.013767

[Engine 5] T_n=93
  HI range: [0.202666, 0.616474]
  HI[0] (first): 0.236459
  HI[92] (last): 0.616474
  Loss Term 1 contribution: 0.147092 (target: h_n(T_n)=1)
  Loss Term 2 contribution: 0.005616
  Monotonicity violations: 35/92
  Loss Term 3 contribution: 0.012204
  Convexity violations: 48/91
  Gradient (dHI/dt) stats:
    Mean: 0.004131, Std: 0.019326

[Engine 6] T_n=63
  HI range: [0.246203, 0.611494]
  HI[0] (first): 0.264906
  HI[62] (last): 0.611494
  Loss Term 1 contribution: 0.150937 (target: h_n(T_n)=1)
  Loss Term 2 contribution: 0.003014
  Monotonicity violations: 19/62
  Loss Term 3 contribution: 0.008487
  Convexity violations: 30/61
  Gradient (dHI/dt) stats:
    Mean: 0.005590, Std: 0.014627

[Engine 7] T_n=80
  HI range: [0.245475, 0.616842]
  HI[0] (first): 0.271525
  HI[79] (last): 0.616842
  Loss Term 1 contribution: 0.146810 (target: h_n(T_n)=1)
  Loss Term 2 contribution: 0.004953
  Monotonicity violations: 28/79
  Loss Term 3 contribution: 0.012033
  Convexity violations: 37/78
  Gradient (dHI/dt) stats:
    Mean: 0.004371, Std: 0.017964

[Engine 8] T_n=71
  HI range: [0.240113, 0.621310]
  HI[0] (first): 0.240891
  HI[70] (last): 0.621310
  Loss Term 1 contribution: 0.143406 (target: h_n(T_n)=1)
  Loss Term 2 contribution: 0.002765
  Monotonicity violations: 16/70
  Loss Term 3 contribution: 0.007773
  Convexity violations: 33/69
  Gradient (dHI/dt) stats:
    Mean: 0.005435, Std: 0.013298

[Engine 9] T_n=84
  HI range: [0.238833, 0.617769]
  HI[0] (first): 0.238833
  HI[83] (last): 0.617769
  Loss Term 1 contribution: 0.146101 (target: h_n(T_n)=1)
  Loss Term 2 contribution: 0.005908
  Monotonicity violations: 28/83
  Loss Term 3 contribution: 0.013582
  Convexity violations: 38/82
  Gradient (dHI/dt) stats:
    Mean: 0.004565, Std: 0.020257

================================================================================
LOSS BREAKDOWN:
  Term 0 (Initial HI <= 0.2): 0.021875 (×1.0)
  Term 1 (Target HI=1): 1.383735 (×1.0)
  Term 2 (Monotonicity): 0.040955 (×6.0)
  Term 3 (Convexity): 0.101519 (×2.0)
  Total Loss: 1.854375
================================================================================

PARAMETER GRADIENTS (averaged over 9 engines):
  W1: mean=0.00005117, std=0.01369636, max_abs=0.02384734
  b1: mean=0.00002967, std=0.00417835, max_abs=0.00427953
  W2: mean=-0.00000332, std=0.04651859, max_abs=0.04860053
  b2: mean=-0.00212618, std=0.06625420, max_abs=0.06838038
  W3: mean=0.00223907, std=0.51967441, max_abs=0.52191348
  b3: mean=-0.68822367, std=0.00000000, max_abs=0.68822367

ADAM OPTIMIZER UPDATE (step 200):
  W1: update_mean=-0.00000569, update_max_abs=0.00139451
  b1: update_mean=0.00001505, update_max_abs=0.00068179

Epoch 200/1000, Loss: 1.854375

================================================================================
EPOCH 300 - LOSS COMPUTATION
================================================================================

[Engine 1] T_n=72
  HI range: [0.214197, 0.761336]
  HI[0] (first): 0.271815
  HI[71] (last): 0.761336
  Loss Term 1 contribution: 0.056961 (target: h_n(T_n)=1)
  Loss Term 2 contribution: 0.007450
  Monotonicity violations: 28/71
  Loss Term 3 contribution: 0.018138
  Convexity violations: 32/70
  Gradient (dHI/dt) stats:
    Mean: 0.006895, Std: 0.025586

[Engine 2] T_n=73
  HI range: [0.244680, 0.790725]
  HI[0] (first): 0.263539
  HI[72] (last): 0.790725
  Loss Term 1 contribution: 0.043796 (target: h_n(T_n)=1)
  Loss Term 2 contribution: 0.006004
  Monotonicity violations: 21/72
  Loss Term 3 contribution: 0.014541
  Convexity violations: 35/71
  Gradient (dHI/dt) stats:
    Mean: 0.007322, Std: 0.024274

[Engine 3] T_n=67
  HI range: [0.231649, 0.794363]
  HI[0] (first): 0.256663
  HI[66] (last): 0.794363
  Loss Term 1 contribution: 0.042287 (target: h_n(T_n)=1)
  Loss Term 2 contribution: 0.005609
  Monotonicity violations: 24/66
  Loss Term 3 contribution: 0.015349
  Convexity violations: 34/65
  Gradient (dHI/dt) stats:
    Mean: 0.008147, Std: 0.023914

[Engine 4] T_n=60
  HI range: [0.273125, 0.772237]
  HI[0] (first): 0.287256
  HI[59] (last): 0.772237
  Loss Term 1 contribution: 0.051876 (target: h_n(T_n)=1)
  Loss Term 2 contribution: 0.004250
  Monotonicity violations: 20/59
  Loss Term 3 contribution: 0.012592
  Convexity violations: 28/58
  Gradient (dHI/dt) stats:
    Mean: 0.008220, Std: 0.019385

[Engine 5] T_n=93
  HI range: [0.208629, 0.797018]
  HI[0] (first): 0.257192
  HI[92] (last): 0.797018
  Loss Term 1 contribution: 0.041202 (target: h_n(T_n)=1)
  Loss Term 2 contribution: 0.007663
  Monotonicity violations: 39/92
  Loss Term 3 contribution: 0.016966
  Convexity violations: 46/91
  Gradient (dHI/dt) stats:
    Mean: 0.005868, Std: 0.026630

[Engine 6] T_n=63
  HI range: [0.271671, 0.796557]
  HI[0] (first): 0.301549
  HI[62] (last): 0.796557
  Loss Term 1 contribution: 0.041389 (target: h_n(T_n)=1)
  Loss Term 2 contribution: 0.004451
  Monotonicity violations: 19/62
  Loss Term 3 contribution: 0.012291
  Convexity violations: 32/61
  Gradient (dHI/dt) stats:
    Mean: 0.007984, Std: 0.021033

[Engine 7] T_n=80
  HI range: [0.288244, 0.800320]
  HI[0] (first): 0.319838
  HI[79] (last): 0.800320
  Loss Term 1 contribution: 0.039872 (target: h_n(T_n)=1)
  Loss Term 2 contribution: 0.006242
  Monotonicity violations: 26/79
  Loss Term 3 contribution: 0.015965
  Convexity violations: 38/78
  Gradient (dHI/dt) stats:
    Mean: 0.006082, Std: 0.023833

[Engine 8] T_n=71
  HI range: [0.263492, 0.805503]
  HI[0] (first): 0.263492
  HI[70] (last): 0.805503
  Loss Term 1 contribution: 0.037829 (target: h_n(T_n)=1)
  Loss Term 2 contribution: 0.004273
  Monotonicity violations: 16/70
  Loss Term 3 contribution: 0.011928
  Convexity violations: 35/69
  Gradient (dHI/dt) stats:
    Mean: 0.007743, Std: 0.019356

[Engine 9] T_n=84
  HI range: [0.252950, 0.798855]
  HI[0] (first): 0.261689
  HI[83] (last): 0.798855
  Loss Term 1 contribution: 0.040459 (target: h_n(T_n)=1)
  Loss Term 2 contribution: 0.007601
  Monotonicity violations: 26/83
  Loss Term 3 contribution: 0.017199
  Convexity violations: 39/82
  Gradient (dHI/dt) stats:
    Mean: 0.006472, Std: 0.025816

================================================================================
LOSS BREAKDOWN:
  Term 0 (Initial HI <= 0.2): 0.055800 (×1.0)
  Term 1 (Target HI=1): 0.395670 (×1.0)
  Term 2 (Monotonicity): 0.053544 (×6.0)
  Term 3 (Convexity): 0.134969 (×2.0)
  Total Loss: 1.042673
================================================================================

PARAMETER GRADIENTS (averaged over 9 engines):
  W1: mean=-0.00001869, std=0.00320773, max_abs=0.00433211
  b1: mean=0.00033319, std=0.01374753, max_abs=0.01420624
  W2: mean=-0.00000250, std=0.01394003, max_abs=0.01489375
  b2: mean=-0.00052374, std=0.00566835, max_abs=0.00619209
  W3: mean=0.00039609, std=0.24032296, max_abs=0.24071904
  b3: mean=-0.26667813, std=0.00000000, max_abs=0.26667813

ADAM OPTIMIZER UPDATE (step 300):
  W1: update_mean=-0.00000576, update_max_abs=0.00031540
  b1: update_mean=-0.00000435, update_max_abs=0.00116171

================================================================================
EPOCH 400 - LOSS COMPUTATION
================================================================================

[Engine 1] T_n=72
  HI range: [0.193435, 0.817946]
  HI[0] (first): 0.250712
  HI[71] (last): 0.817946
  Loss Term 1 contribution: 0.033144 (target: h_n(T_n)=1)
  Loss Term 2 contribution: 0.007297
  Monotonicity violations: 27/71
  Loss Term 3 contribution: 0.018384
  Convexity violations: 33/70
  Gradient (dHI/dt) stats:
    Mean: 0.007989, Std: 0.026208

[Engine 2] T_n=73
  HI range: [0.224469, 0.864188]
  HI[0] (first): 0.243698
  HI[72] (last): 0.864188
  Loss Term 1 contribution: 0.018445 (target: h_n(T_n)=1)
  Loss Term 2 contribution: 0.006019
  Monotonicity violations: 22/72
  Loss Term 3 contribution: 0.014764
  Convexity violations: 35/71
  Gradient (dHI/dt) stats:
    Mean: 0.008618, Std: 0.024853

[Engine 3] T_n=67
  HI range: [0.211365, 0.869604]
  HI[0] (first): 0.232367
  HI[66] (last): 0.869604
  Loss Term 1 contribution: 0.017003 (target: h_n(T_n)=1)
  Loss Term 2 contribution: 0.005452
  Monotonicity violations: 23/66
  Loss Term 3 contribution: 0.015898
  Convexity violations: 36/65
  Gradient (dHI/dt) stats:
    Mean: 0.009655, Std: 0.024745

[Engine 4] T_n=60
  HI range: [0.251766, 0.834756]
  HI[0] (first): 0.266318
  HI[59] (last): 0.834756
  Loss Term 1 contribution: 0.027305 (target: h_n(T_n)=1)
  Loss Term 2 contribution: 0.004360
  Monotonicity violations: 20/59
  Loss Term 3 contribution: 0.013516
  Convexity violations: 29/58
  Gradient (dHI/dt) stats:
    Mean: 0.009635, Std: 0.021040

[Engine 5] T_n=93
  HI range: [0.188359, 0.872754]
  HI[0] (first): 0.235694
  HI[92] (last): 0.872754
  Loss Term 1 contribution: 0.016192 (target: h_n(T_n)=1)
  Loss Term 2 contribution: 0.007787
  Monotonicity violations: 39/92
  Loss Term 3 contribution: 0.017659
  Convexity violations: 46/91
  Gradient (dHI/dt) stats:
    Mean: 0.006925, Std: 0.027507

[Engine 6] T_n=63
  HI range: [0.249633, 0.874057]
  HI[0] (first): 0.279939
  HI[62] (last): 0.874057
  Loss Term 1 contribution: 0.015862 (target: h_n(T_n)=1)
  Loss Term 2 contribution: 0.004620
  Monotonicity violations: 19/62
  Loss Term 3 contribution: 0.013540
  Convexity violations: 34/61
  Gradient (dHI/dt) stats:
    Mean: 0.009583, Std: 0.022444

[Engine 7] T_n=80
  HI range: [0.269576, 0.879616]
  HI[0] (first): 0.299659
  HI[79] (last): 0.879616
  Loss Term 1 contribution: 0.014492 (target: h_n(T_n)=1)
  Loss Term 2 contribution: 0.006481
  Monotonicity violations: 27/79
  Loss Term 3 contribution: 0.017016
  Convexity violations: 39/78
  Gradient (dHI/dt) stats:
    Mean: 0.007341, Std: 0.025067

[Engine 8] T_n=71
  HI range: [0.241960, 0.889005]
  HI[0] (first): 0.241960
  HI[70] (last): 0.889005
  Loss Term 1 contribution: 0.012320 (target: h_n(T_n)=1)
  Loss Term 2 contribution: 0.004602
  Monotonicity violations: 17/70
  Loss Term 3 contribution: 0.013345
  Convexity violations: 36/69
  Gradient (dHI/dt) stats:
    Mean: 0.009243, Std: 0.020992

[Engine 9] T_n=84
  HI range: [0.229581, 0.876017]
  HI[0] (first): 0.240470
  HI[83] (last): 0.876017
  Loss Term 1 contribution: 0.015372 (target: h_n(T_n)=1)
  Loss Term 2 contribution: 0.007677
  Monotonicity violations: 28/83
  Loss Term 3 contribution: 0.017823
  Convexity violations: 39/82
  Gradient (dHI/dt) stats:
    Mean: 0.007657, Std: 0.026643

================================================================================
LOSS BREAKDOWN:
  Term 0 (Initial HI <= 0.2): 0.030922 (×1.0)
  Term 1 (Target HI=1): 0.170135 (×1.0)
  Term 2 (Monotonicity): 0.054294 (×6.0)
  Term 3 (Convexity): 0.141945 (×2.0)
  Total Loss: 0.810712
================================================================================

PARAMETER GRADIENTS (averaged over 9 engines):
  W1: mean=0.00008664, std=0.00504543, max_abs=0.00712143
  b1: mean=0.00038276, std=0.01014929, max_abs=0.01081498
  W2: mean=-0.00000199, std=0.00469657, max_abs=0.00514481
  b2: mean=-0.00031496, std=0.00417052, max_abs=0.00448548
  W3: mean=0.00011812, std=0.12920990, max_abs=0.12932803
  b3: mean=-0.16249760, std=0.00000000, max_abs=0.16249760

ADAM OPTIMIZER UPDATE (step 400):
  W1: update_mean=-0.00000441, update_max_abs=0.00044004
  b1: update_mean=0.00000691, update_max_abs=0.00089157

Epoch 400/1000, Loss: 0.810712

================================================================================
EPOCH 500 - LOSS COMPUTATION
================================================================================

[Engine 1] T_n=72
  HI range: [0.189405, 0.824509]
  HI[0] (first): 0.240708
  HI[71] (last): 0.824509
  Loss Term 1 contribution: 0.030797 (target: h_n(T_n)=1)
  Loss Term 2 contribution: 0.006708
  Monotonicity violations: 27/71
  Loss Term 3 contribution: 0.017365
  Convexity violations: 33/70
  Gradient (dHI/dt) stats:
    Mean: 0.008223, Std: 0.025213

[Engine 2] T_n=73
  HI range: [0.217331, 0.891814]
  HI[0] (first): 0.234255
  HI[72] (last): 0.891814
  Loss Term 1 contribution: 0.011704 (target: h_n(T_n)=1)
  Loss Term 2 contribution: 0.005470
  Monotonicity violations: 22/72
  Loss Term 3 contribution: 0.013815
  Convexity violations: 35/71
  Gradient (dHI/dt) stats:
    Mean: 0.009133, Std: 0.023478

[Engine 3] T_n=67
  HI range: [0.205623, 0.900340]
  HI[0] (first): 0.225084
  HI[66] (last): 0.900340
  Loss Term 1 contribution: 0.009932 (target: h_n(T_n)=1)
  Loss Term 2 contribution: 0.005005
  Monotonicity violations: 23/66
  Loss Term 3 contribution: 0.015280
  Convexity violations: 35/65
  Gradient (dHI/dt) stats:
    Mean: 0.010231, Std: 0.024191

[Engine 4] T_n=60
  HI range: [0.241714, 0.848114]
  HI[0] (first): 0.254550
  HI[59] (last): 0.848114
  Loss Term 1 contribution: 0.023069 (target: h_n(T_n)=1)
  Loss Term 2 contribution: 0.003982
  Monotonicity violations: 20/59
  Loss Term 3 contribution: 0.012706
  Convexity violations: 29/58
  Gradient (dHI/dt) stats:
    Mean: 0.010060, Std: 0.020615

[Engine 5] T_n=93
  HI range: [0.184711, 0.906304]
  HI[0] (first): 0.227409
  HI[92] (last): 0.906304
  Loss Term 1 contribution: 0.008779 (target: h_n(T_n)=1)
  Loss Term 2 contribution: 0.007137
  Monotonicity violations: 39/92
  Loss Term 3 contribution: 0.016651
  Convexity violations: 46/91
  Gradient (dHI/dt) stats:
    Mean: 0.007379, Std: 0.025975

[Engine 6] T_n=63
  HI range: [0.239979, 0.906873]
  HI[0] (first): 0.267194
  HI[62] (last): 0.906873
  Loss Term 1 contribution: 0.008673 (target: h_n(T_n)=1)
  Loss Term 2 contribution: 0.004194
  Monotonicity violations: 19/62
  Loss Term 3 contribution: 0.012814
  Convexity violations: 32/61
  Gradient (dHI/dt) stats:
    Mean: 0.010317, Std: 0.021459

[Engine 7] T_n=80
  HI range: [0.257004, 0.916394]
  HI[0] (first): 0.284490
  HI[79] (last): 0.916394
  Loss Term 1 contribution: 0.006990 (target: h_n(T_n)=1)
  Loss Term 2 contribution: 0.006054
  Monotonicity violations: 27/79
  Loss Term 3 contribution: 0.016463
  Convexity violations: 39/78
  Gradient (dHI/dt) stats:
    Mean: 0.007999, Std: 0.024162

[Engine 8] T_n=71
  HI range: [0.233187, 0.932534]
  HI[0] (first): 0.233187
  HI[70] (last): 0.932534
  Loss Term 1 contribution: 0.004552 (target: h_n(T_n)=1)
  Loss Term 2 contribution: 0.004318
  Monotonicity violations: 16/70
  Loss Term 3 contribution: 0.013061
  Convexity violations: 36/69
  Gradient (dHI/dt) stats:
    Mean: 0.009991, Std: 0.020685

[Engine 9] T_n=84
  HI range: [0.222529, 0.911455]
  HI[0] (first): 0.231843
  HI[83] (last): 0.911455
  Loss Term 1 contribution: 0.007840 (target: h_n(T_n)=1)
  Loss Term 2 contribution: 0.007128
  Monotonicity violations: 28/83
  Loss Term 3 contribution: 0.017081
  Convexity violations: 39/82
  Gradient (dHI/dt) stats:
    Mean: 0.008188, Std: 0.025527

================================================================================
LOSS BREAKDOWN:
  Term 0 (Initial HI <= 0.2): 0.020955 (×1.0)
  Term 1 (Target HI=1): 0.112336 (×1.0)
  Term 2 (Monotonicity): 0.049998 (×6.0)
  Term 3 (Convexity): 0.135235 (×2.0)
  Total Loss: 0.703750
================================================================================

PARAMETER GRADIENTS (averaged over 9 engines):
  W1: mean=0.00005116, std=0.00261893, max_abs=0.00360000
  b1: mean=0.00037347, std=0.00583664, max_abs=0.00659965
  W2: mean=-0.00000207, std=0.00334405, max_abs=0.00366092
  b2: mean=-0.00029589, std=0.00731803, max_abs=0.00761392
  W3: mean=0.00009572, std=0.08720129, max_abs=0.08729701
  b3: mean=-0.12509891, std=0.00000000, max_abs=0.12509891

ADAM OPTIMIZER UPDATE (step 500):
  W1: update_mean=-0.00000132, update_max_abs=0.00025732
  b1: update_mean=0.00001662, update_max_abs=0.00059156

================================================================================
EPOCH 600 - LOSS COMPUTATION
================================================================================

[Engine 1] T_n=72
  HI range: [0.188743, 0.826200]
  HI[0] (first): 0.236694
  HI[71] (last): 0.826200
  Loss Term 1 contribution: 0.030206 (target: h_n(T_n)=1)
  Loss Term 2 contribution: 0.006342
  Monotonicity violations: 27/71
  Loss Term 3 contribution: 0.016696
  Convexity violations: 33/70
  Gradient (dHI/dt) stats:
    Mean: 0.008303, Std: 0.024636

[Engine 2] T_n=73
  HI range: [0.214878, 0.908698]
  HI[0] (first): 0.230619
  HI[72] (last): 0.908698
  Loss Term 1 contribution: 0.008336 (target: h_n(T_n)=1)
  Loss Term 2 contribution: 0.005147
  Monotonicity violations: 22/72
  Loss Term 3 contribution: 0.013218
  Convexity violations: 35/71
  Gradient (dHI/dt) stats:
    Mean: 0.009418, Std: 0.022734

[Engine 3] T_n=67
  HI range: [0.203957, 0.919649]
  HI[0] (first): 0.222319
  HI[66] (last): 0.919649
  Loss Term 1 contribution: 0.006456 (target: h_n(T_n)=1)
  Loss Term 2 contribution: 0.004728
  Monotonicity violations: 23/66
  Loss Term 3 contribution: 0.014855
  Convexity violations: 34/65
  Gradient (dHI/dt) stats:
    Mean: 0.010566, Std: 0.023925

[Engine 4] T_n=60
  HI range: [0.237652, 0.854446]
  HI[0] (first): 0.249591
  HI[59] (last): 0.854446
  Loss Term 1 contribution: 0.021186 (target: h_n(T_n)=1)
  Loss Term 2 contribution: 0.003759
  Monotonicity violations: 20/59
  Loss Term 3 contribution: 0.012193
  Convexity violations: 29/58
  Gradient (dHI/dt) stats:
    Mean: 0.010252, Std: 0.020404

[Engine 5] T_n=93
  HI range: [0.184313, 0.927752]
  HI[0] (first): 0.224308
  HI[92] (last): 0.927752
  Loss Term 1 contribution: 0.005220 (target: h_n(T_n)=1)
  Loss Term 2 contribution: 0.006749
  Monotonicity violations: 39/92
  Loss Term 3 contribution: 0.016015
  Convexity violations: 46/91
  Gradient (dHI/dt) stats:
    Mean: 0.007646, Std: 0.025133

[Engine 6] T_n=63
  HI range: [0.236081, 0.927908]
  HI[0] (first): 0.261546
  HI[62] (last): 0.927908
  Loss Term 1 contribution: 0.005197 (target: h_n(T_n)=1)
  Loss Term 2 contribution: 0.003945
  Monotonicity violations: 19/62
  Loss Term 3 contribution: 0.012408
  Convexity violations: 32/61
  Gradient (dHI/dt) stats:
    Mean: 0.010748, Std: 0.021039

[Engine 7] T_n=80
  HI range: [0.251758, 0.940601]
  HI[0] (first): 0.277613
  HI[79] (last): 0.940601
  Loss Term 1 contribution: 0.003528 (target: h_n(T_n)=1)
  Loss Term 2 contribution: 0.005787
  Monotonicity violations: 27/79
  Loss Term 3 contribution: 0.016075
  Convexity violations: 39/78
  Gradient (dHI/dt) stats:
    Mean: 0.008392, Std: 0.023716

[Engine 8] T_n=71
  HI range: [0.229761, 0.962418]
  HI[0] (first): 0.229761
  HI[70] (last): 0.962418
  Loss Term 1 contribution: 0.001412 (target: h_n(T_n)=1)
  Loss Term 2 contribution: 0.004146
  Monotonicity violations: 16/70
  Loss Term 3 contribution: 0.012896
  Convexity violations: 35/69
  Gradient (dHI/dt) stats:
    Mean: 0.010467, Std: 0.020707

[Engine 9] T_n=84
  HI range: [0.219919, 0.934452]
  HI[0] (first): 0.228504
  HI[83] (last): 0.934452
  Loss Term 1 contribution: 0.004296 (target: h_n(T_n)=1)
  Loss Term 2 contribution: 0.006777
  Monotonicity violations: 28/83
  Loss Term 3 contribution: 0.016559
  Convexity violations: 39/82
  Gradient (dHI/dt) stats:
    Mean: 0.008505, Std: 0.024887

================================================================================
LOSS BREAKDOWN:
  Term 0 (Initial HI <= 0.2): 0.017342 (×1.0)
  Term 1 (Target HI=1): 0.085839 (×1.0)
  Term 2 (Monotonicity): 0.047382 (×6.0)
  Term 3 (Convexity): 0.130916 (×2.0)
  Total Loss: 0.649302
================================================================================

PARAMETER GRADIENTS (averaged over 9 engines):
  W1: mean=-0.00004087, std=0.00126542, max_abs=0.00181305
  b1: mean=0.00040927, std=0.00385757, max_abs=0.00478381
  W2: mean=-0.00000228, std=0.00197045, max_abs=0.00222816
  b2: mean=-0.00025331, std=0.00759017, max_abs=0.00784348
  W3: mean=0.00007110, std=0.06015310, max_abs=0.06022420
  b3: mean=-0.09709342, std=0.00000000, max_abs=0.09709342

ADAM OPTIMIZER UPDATE (step 600):
  W1: update_mean=-0.00000628, update_max_abs=0.00015568
  b1: update_mean=0.00002652, update_max_abs=0.00045618

Epoch 600/1000, Loss: 0.649302

================================================================================
EPOCH 700 - LOSS COMPUTATION
================================================================================

[Engine 1] T_n=72
  HI range: [0.188938, 0.826775]
  HI[0] (first): 0.234687
  HI[71] (last): 0.826775
  Loss Term 1 contribution: 0.030007 (target: h_n(T_n)=1)
  Loss Term 2 contribution: 0.006081
  Monotonicity violations: 27/71
  Loss Term 3 contribution: 0.016202
  Convexity violations: 33/70
  Gradient (dHI/dt) stats:
    Mean: 0.008339, Std: 0.024230

[Engine 2] T_n=73
  HI range: [0.213862, 0.919377]
  HI[0] (first): 0.228876
  HI[72] (last): 0.919377
  Loss Term 1 contribution: 0.006500 (target: h_n(T_n)=1)
  Loss Term 2 contribution: 0.004932
  Monotonicity violations: 22/72
  Loss Term 3 contribution: 0.012795
  Convexity violations: 34/71
  Gradient (dHI/dt) stats:
    Mean: 0.009590, Std: 0.022260

[Engine 3] T_n=67
  HI range: [0.203300, 0.932079]
  HI[0] (first): 0.220774
  HI[66] (last): 0.932079
  Loss Term 1 contribution: 0.004613 (target: h_n(T_n)=1)
  Loss Term 2 contribution: 0.004537
  Monotonicity violations: 23/66
  Loss Term 3 contribution: 0.014542
  Convexity violations: 35/65
  Gradient (dHI/dt) stats:
    Mean: 0.010777, Std: 0.023767

[Engine 4] T_n=60
  HI range: [0.235588, 0.857994]
  HI[0] (first): 0.247081
  HI[59] (last): 0.857994
  Loss Term 1 contribution: 0.020166 (target: h_n(T_n)=1)
  Loss Term 2 contribution: 0.003615
  Monotonicity violations: 20/59
  Loss Term 3 contribution: 0.011863
  Convexity violations: 29/58
  Gradient (dHI/dt) stats:
    Mean: 0.010354, Std: 0.020291

[Engine 5] T_n=93
  HI range: [0.184761, 0.940876]
  HI[0] (first): 0.222810
  HI[92] (last): 0.940876
  Loss Term 1 contribution: 0.003496 (target: h_n(T_n)=1)
  Loss Term 2 contribution: 0.006493
  Monotonicity violations: 39/92
  Loss Term 3 contribution: 0.015573
  Convexity violations: 46/91
  Gradient (dHI/dt) stats:
    Mean: 0.007805, Std: 0.024608

[Engine 6] T_n=63
  HI range: [0.234044, 0.941960]
  HI[0] (first): 0.258329
  HI[62] (last): 0.941960
  Loss Term 1 contribution: 0.003369 (target: h_n(T_n)=1)
  Loss Term 2 contribution: 0.003772
  Monotonicity violations: 19/62
  Loss Term 3 contribution: 0.012161
  Convexity violations: 32/61
  Gradient (dHI/dt) stats:
    Mean: 0.011026, Std: 0.020827

[Engine 7] T_n=80
  HI range: [0.249226, 0.956458]
  HI[0] (first): 0.273844
  HI[79] (last): 0.956458
  Loss Term 1 contribution: 0.001896 (target: h_n(T_n)=1)
  Loss Term 2 contribution: 0.005601
  Monotonicity violations: 27/79
  Loss Term 3 contribution: 0.015764
  Convexity violations: 39/78
  Gradient (dHI/dt) stats:
    Mean: 0.008641, Std: 0.023452

[Engine 8] T_n=71
  HI range: [0.227919, 0.981563]
  HI[0] (first): 0.227919
  HI[70] (last): 0.981563
  Loss Term 1 contribution: 0.000340 (target: h_n(T_n)=1)
  Loss Term 2 contribution: 0.004018
  Monotonicity violations: 16/70
  Loss Term 3 contribution: 0.012748
  Convexity violations: 36/69
  Gradient (dHI/dt) stats:
    Mean: 0.010766, Std: 0.020766

[Engine 9] T_n=84
  HI range: [0.218439, 0.948701]
  HI[0] (first): 0.226698
  HI[83] (last): 0.948701
  Loss Term 1 contribution: 0.002632 (target: h_n(T_n)=1)
  Loss Term 2 contribution: 0.006533
  Monotonicity violations: 28/83
  Loss Term 3 contribution: 0.016157
  Convexity violations: 39/82
  Gradient (dHI/dt) stats:
    Mean: 0.008699, Std: 0.024469

================================================================================
LOSS BREAKDOWN:
  Term 0 (Initial HI <= 0.2): 0.015553 (×1.0)
  Term 1 (Target HI=1): 0.073018 (×1.0)
  Term 2 (Monotonicity): 0.045582 (×6.0)
  Term 3 (Convexity): 0.127805 (×2.0)
  Total Loss: 0.617672
================================================================================

PARAMETER GRADIENTS (averaged over 9 engines):
  W1: mean=-0.00013878, std=0.00089374, max_abs=0.00164408
  b1: mean=0.00055557, std=0.00294324, max_abs=0.00425929
  W2: mean=-0.00000305, std=0.00094414, max_abs=0.00118633
  b2: mean=-0.00022039, std=0.00721366, max_abs=0.00743405
  W3: mean=0.00005554, std=0.04334224, max_abs=0.04339778
  b3: mean=-0.07848845, std=0.00000000, max_abs=0.07848845

ADAM OPTIMIZER UPDATE (step 700):
  W1: update_mean=-0.00001442, update_max_abs=0.00016546
  b1: update_mean=0.00004606, update_max_abs=0.00043313

================================================================================
EPOCH 800 - LOSS COMPUTATION
================================================================================

[Engine 1] T_n=72
  HI range: [0.189466, 0.827956]
  HI[0] (first): 0.233570
  HI[71] (last): 0.827956
  Loss Term 1 contribution: 0.029599 (target: h_n(T_n)=1)
  Loss Term 2 contribution: 0.005862
  Monotonicity violations: 27/71
  Loss Term 3 contribution: 0.015784
  Convexity violations: 33/70
  Gradient (dHI/dt) stats:
    Mean: 0.008372, Std: 0.023899

[Engine 2] T_n=73
  HI range: [0.213430, 0.926743]
  HI[0] (first): 0.227991
  HI[72] (last): 0.926743
  Loss Term 1 contribution: 0.005367 (target: h_n(T_n)=1)
  Loss Term 2 contribution: 0.004772
  Monotonicity violations: 23/72
  Loss Term 3 contribution: 0.012444
  Convexity violations: 34/71
  Gradient (dHI/dt) stats:
    Mean: 0.009705, Std: 0.021903

[Engine 3] T_n=67
  HI range: [0.202972, 0.940572]
  HI[0] (first): 0.219534
  HI[66] (last): 0.940572
  Loss Term 1 contribution: 0.003532 (target: h_n(T_n)=1)
  Loss Term 2 contribution: 0.004381
  Monotonicity violations: 23/66
  Loss Term 3 contribution: 0.014283
  Convexity violations: 35/65
  Gradient (dHI/dt) stats:
    Mean: 0.010925, Std: 0.023644

[Engine 4] T_n=60
  HI range: [0.234395, 0.860978]
  HI[0] (first): 0.245732
  HI[59] (last): 0.860978
  Loss Term 1 contribution: 0.019327 (target: h_n(T_n)=1)
  Loss Term 2 contribution: 0.003517
  Monotonicity violations: 21/59
  Loss Term 3 contribution: 0.011654
  Convexity violations: 29/58
  Gradient (dHI/dt) stats:
    Mean: 0.010428, Std: 0.020244

[Engine 5] T_n=93
  HI range: [0.185578, 0.948107]
  HI[0] (first): 0.221959
  HI[92] (last): 0.948107
  Loss Term 1 contribution: 0.002693 (target: h_n(T_n)=1)
  Loss Term 2 contribution: 0.006306
  Monotonicity violations: 39/92
  Loss Term 3 contribution: 0.015229
  Convexity violations: 46/91
  Gradient (dHI/dt) stats:
    Mean: 0.007893, Std: 0.024233

[Engine 6] T_n=63
  HI range: [0.232768, 0.952244]
  HI[0] (first): 0.256143
  HI[62] (last): 0.952244
  Loss Term 1 contribution: 0.002281 (target: h_n(T_n)=1)
  Loss Term 2 contribution: 0.003637
  Monotonicity violations: 19/62
  Loss Term 3 contribution: 0.012030
  Convexity violations: 33/61
  Gradient (dHI/dt) stats:
    Mean: 0.011227, Std: 0.020719

[Engine 7] T_n=80
  HI range: [0.248086, 0.966876]
  HI[0] (first): 0.271569
  HI[79] (last): 0.966876
  Loss Term 1 contribution: 0.001097 (target: h_n(T_n)=1)
  Loss Term 2 contribution: 0.005455
  Monotonicity violations: 27/79
  Loss Term 3 contribution: 0.015477
  Convexity violations: 39/78
  Gradient (dHI/dt) stats:
    Mean: 0.008801, Std: 0.023260

[Engine 8] T_n=71
  HI range: [0.226657, 0.992156]
  HI[0] (first): 0.226657
  HI[70] (last): 0.992156
  Loss Term 1 contribution: 0.000062 (target: h_n(T_n)=1)
  Loss Term 2 contribution: 0.003915
  Monotonicity violations: 17/70
  Loss Term 3 contribution: 0.012597
  Convexity violations: 36/69
  Gradient (dHI/dt) stats:
    Mean: 0.010936, Std: 0.020775

[Engine 9] T_n=84
  HI range: [0.217216, 0.956627]
  HI[0] (first): 0.225441
  HI[83] (last): 0.956627
  Loss Term 1 contribution: 0.001881 (target: h_n(T_n)=1)
  Loss Term 2 contribution: 0.006341
  Monotonicity violations: 28/83
  Loss Term 3 contribution: 0.015794
  Convexity violations: 39/82
  Gradient (dHI/dt) stats:
    Mean: 0.008809, Std: 0.024137

================================================================================
LOSS BREAKDOWN:
  Term 0 (Initial HI <= 0.2): 0.014498 (×1.0)
  Term 1 (Target HI=1): 0.065838 (×1.0)
  Term 2 (Monotonicity): 0.044186 (×6.0)
  Term 3 (Convexity): 0.125292 (×2.0)
  Total Loss: 0.596036
================================================================================

PARAMETER GRADIENTS (averaged over 9 engines):
  W1: mean=-0.00030161, std=0.00090999, max_abs=0.00165500
  b1: mean=0.00088878, std=0.00264104, max_abs=0.00473604
  W2: mean=-0.00000475, std=0.00031785, max_abs=0.00058339
  b2: mean=-0.00020623, std=0.00678277, max_abs=0.00698901
  W3: mean=0.00004873, std=0.03304975, max_abs=0.03309848
  b3: mean=-0.06647672, std=0.00000000, max_abs=0.06647672

ADAM OPTIMIZER UPDATE (step 800):
  W1: update_mean=-0.00003054, update_max_abs=0.00017180
  b1: update_mean=0.00008646, update_max_abs=0.00050943

Epoch 800/1000, Loss: 0.596036

================================================================================
EPOCH 900 - LOSS COMPUTATION
================================================================================

[Engine 1] T_n=72
  HI range: [0.190178, 0.830237]
  HI[0] (first): 0.232651
  HI[71] (last): 0.830237
  Loss Term 1 contribution: 0.028819 (target: h_n(T_n)=1)
  Loss Term 2 contribution: 0.005670
  Monotonicity violations: 27/71
  Loss Term 3 contribution: 0.015431
  Convexity violations: 33/70
  Gradient (dHI/dt) stats:
    Mean: 0.008417, Std: 0.023659

[Engine 2] T_n=73
  HI range: [0.213221, 0.932712]
  HI[0] (first): 0.227219
  HI[72] (last): 0.932712
  Loss Term 1 contribution: 0.004528 (target: h_n(T_n)=1)
  Loss Term 2 contribution: 0.004633
  Monotonicity violations: 23/72
  Loss Term 3 contribution: 0.012130
  Convexity violations: 33/71
  Gradient (dHI/dt) stats:
    Mean: 0.009799, Std: 0.021609

[Engine 3] T_n=67
  HI range: [0.202677, 0.947329]
  HI[0] (first): 0.218519
  HI[66] (last): 0.947329
  Loss Term 1 contribution: 0.002774 (target: h_n(T_n)=1)
  Loss Term 2 contribution: 0.004246
  Monotonicity violations: 23/66
  Loss Term 3 contribution: 0.014081
  Convexity violations: 35/65
  Gradient (dHI/dt) stats:
    Mean: 0.011043, Std: 0.023579

[Engine 4] T_n=60
  HI range: [0.233406, 0.864405]
  HI[0] (first): 0.244647
  HI[59] (last): 0.864405
  Loss Term 1 contribution: 0.018386 (target: h_n(T_n)=1)
  Loss Term 2 contribution: 0.003435
  Monotonicity violations: 21/59
  Loss Term 3 contribution: 0.011471
  Convexity violations: 29/58
  Gradient (dHI/dt) stats:
    Mean: 0.010504, Std: 0.020243

[Engine 5] T_n=93
  HI range: [0.186598, 0.952070]
  HI[0] (first): 0.221276
  HI[92] (last): 0.952070
  Loss Term 1 contribution: 0.002297 (target: h_n(T_n)=1)
  Loss Term 2 contribution: 0.006141
  Monotonicity violations: 39/92
  Loss Term 3 contribution: 0.014926
  Convexity violations: 46/91
  Gradient (dHI/dt) stats:
    Mean: 0.007943, Std: 0.023918

[Engine 6] T_n=63
  HI range: [0.231699, 0.960743]
  HI[0] (first): 0.254153
  HI[62] (last): 0.960743
  Loss Term 1 contribution: 0.001541 (target: h_n(T_n)=1)
  Loss Term 2 contribution: 0.003502
  Monotonicity violations: 19/62
  Loss Term 3 contribution: 0.011893
  Convexity violations: 34/61
  Gradient (dHI/dt) stats:
    Mean: 0.011397, Std: 0.020621

[Engine 7] T_n=80
  HI range: [0.247137, 0.974154]
  HI[0] (first): 0.269553
  HI[79] (last): 0.974154
  Loss Term 1 contribution: 0.000668 (target: h_n(T_n)=1)
  Loss Term 2 contribution: 0.005325
  Monotonicity violations: 27/79
  Loss Term 3 contribution: 0.015210
  Convexity violations: 40/78
  Gradient (dHI/dt) stats:
    Mean: 0.008919, Std: 0.023092

[Engine 8] T_n=71
  HI range: [0.225496, 0.996088]
  HI[0] (first): 0.225496
  HI[70] (last): 0.996088
  Loss Term 1 contribution: 0.000015 (target: h_n(T_n)=1)
  Loss Term 2 contribution: 0.003805
  Monotonicity violations: 17/70
  Loss Term 3 contribution: 0.012371
  Convexity violations: 36/69
  Gradient (dHI/dt) stats:
    Mean: 0.011008, Std: 0.020668

[Engine 9] T_n=84
  HI range: [0.216125, 0.960782]
  HI[0] (first): 0.224250
  HI[83] (last): 0.960782
  Loss Term 1 contribution: 0.001538 (target: h_n(T_n)=1)
  Loss Term 2 contribution: 0.006188
  Monotonicity violations: 28/83
  Loss Term 3 contribution: 0.015505
  Convexity violations: 39/82
  Gradient (dHI/dt) stats:
    Mean: 0.008874, Std: 0.023893

================================================================================
LOSS BREAKDOWN:
  Term 0 (Initial HI <= 0.2): 0.013604 (×1.0)
  Term 1 (Target HI=1): 0.060567 (×1.0)
  Term 2 (Monotonicity): 0.042946 (×6.0)
  Term 3 (Convexity): 0.123018 (×2.0)
  Total Loss: 0.577882
================================================================================

PARAMETER GRADIENTS (averaged over 9 engines):
  W1: mean=-0.00064344, std=0.00114561, max_abs=0.00259164
  b1: mean=0.00162403, std=0.00300891, max_abs=0.00662207
  W2: mean=-0.00000871, std=0.00030865, max_abs=0.00041390
  b2: mean=-0.00022244, std=0.00649929, max_abs=0.00672173
  W3: mean=0.00005212, std=0.02649060, max_abs=0.02654272
  b3: mean=-0.05860387, std=0.00000000, max_abs=0.05860387

ADAM OPTIMIZER UPDATE (step 900):
  W1: update_mean=-0.00006807, update_max_abs=0.00023790
  b1: update_mean=0.00017503, update_max_abs=0.00073551

================================================================================
EPOCH 1000 - LOSS COMPUTATION
================================================================================

[Engine 1] T_n=72
  HI range: [0.191861, 0.835174]
  HI[0] (first): 0.231777
  HI[71] (last): 0.835174
  Loss Term 1 contribution: 0.027168 (target: h_n(T_n)=1)
  Loss Term 2 contribution: 0.005422
  Monotonicity violations: 27/71
  Loss Term 3 contribution: 0.015026
  Convexity violations: 32/70
  Gradient (dHI/dt) stats:
    Mean: 0.008499, Std: 0.023448

[Engine 2] T_n=73
  HI range: [0.213436, 0.939467]
  HI[0] (first): 0.226630
  HI[72] (last): 0.939467
  Loss Term 1 contribution: 0.003664 (target: h_n(T_n)=1)
  Loss Term 2 contribution: 0.004438
  Monotonicity violations: 23/72
  Loss Term 3 contribution: 0.011728
  Convexity violations: 31/71
  Gradient (dHI/dt) stats:
    Mean: 0.009901, Std: 0.021240

[Engine 3] T_n=67
  HI range: [0.203086, 0.953967]
  HI[0] (first): 0.217793
  HI[66] (last): 0.953967
  Loss Term 1 contribution: 0.002119 (target: h_n(T_n)=1)
  Loss Term 2 contribution: 0.004047
  Monotonicity violations: 22/66
  Loss Term 3 contribution: 0.013840
  Convexity violations: 35/65
  Gradient (dHI/dt) stats:
    Mean: 0.011154, Std: 0.023501

[Engine 4] T_n=60
  HI range: [0.232444, 0.870331]
  HI[0] (first): 0.243374
  HI[59] (last): 0.870331
  Loss Term 1 contribution: 0.016814 (target: h_n(T_n)=1)
  Loss Term 2 contribution: 0.003322
  Monotonicity violations: 20/59
  Loss Term 3 contribution: 0.011209
  Convexity violations: 29/58
  Gradient (dHI/dt) stats:
    Mean: 0.010626, Std: 0.020291

[Engine 5] T_n=93
  HI range: [0.188706, 0.953359]
  HI[0] (first): 0.220860
  HI[92] (last): 0.953359
  Loss Term 1 contribution: 0.002175 (target: h_n(T_n)=1)
  Loss Term 2 contribution: 0.005907
  Monotonicity violations: 39/92
  Loss Term 3 contribution: 0.014522
  Convexity violations: 46/91
  Gradient (dHI/dt) stats:
    Mean: 0.007962, Std: 0.023457

[Engine 6] T_n=63
  HI range: [0.230686, 0.968890]
  HI[0] (first): 0.251813
  HI[62] (last): 0.968890
  Loss Term 1 contribution: 0.000968 (target: h_n(T_n)=1)
  Loss Term 2 contribution: 0.003333
  Monotonicity violations: 18/62
  Loss Term 3 contribution: 0.011572
  Convexity violations: 34/61
  Gradient (dHI/dt) stats:
    Mean: 0.011566, Std: 0.020399

[Engine 7] T_n=80
  HI range: [0.245972, 0.978729]
  HI[0] (first): 0.266895
  HI[79] (last): 0.978729
  Loss Term 1 contribution: 0.000452 (target: h_n(T_n)=1)
  Loss Term 2 contribution: 0.005163
  Monotonicity violations: 27/79
  Loss Term 3 contribution: 0.014916
  Convexity violations: 39/78
  Gradient (dHI/dt) stats:
    Mean: 0.009011, Std: 0.022813

[Engine 8] T_n=71
  HI range: [0.224516, 0.992380]
  HI[0] (first): 0.224516
  HI[70] (last): 0.992380
  Loss Term 1 contribution: 0.000058 (target: h_n(T_n)=1)
  Loss Term 2 contribution: 0.003641
  Monotonicity violations: 17/70
  Loss Term 3 contribution: 0.011975
  Convexity violations: 35/69
  Gradient (dHI/dt) stats:
    Mean: 0.010969, Std: 0.020303

[Engine 9] T_n=84
  HI range: [0.215373, 0.961246]
  HI[0] (first): 0.223271
  HI[83] (last): 0.961246
  Loss Term 1 contribution: 0.001502 (target: h_n(T_n)=1)
  Loss Term 2 contribution: 0.006017
  Monotonicity violations: 28/83
  Loss Term 3 contribution: 0.015240
  Convexity violations: 39/82
  Gradient (dHI/dt) stats:
    Mean: 0.008891, Std: 0.023638

================================================================================
LOSS BREAKDOWN:
  Term 0 (Initial HI <= 0.2): 0.012654 (×1.0)
  Term 1 (Target HI=1): 0.054921 (×1.0)
  Term 2 (Monotonicity): 0.041289 (×6.0)
  Term 3 (Convexity): 0.120029 (×2.0)
  Total Loss: 0.555367
================================================================================

PARAMETER GRADIENTS (averaged over 9 engines):
  W1: mean=-0.00134108, std=0.00177173, max_abs=0.00460885
  b1: mean=0.00325052, std=0.00488455, max_abs=0.01162697
  W2: mean=-0.00001834, std=0.00084253, max_abs=0.00134601
  b2: mean=-0.00029313, std=0.00625589, max_abs=0.00654902
  W3: mean=0.00007704, std=0.02283622, max_abs=0.02291326
  b3: mean=-0.05322880, std=0.00000000, max_abs=0.05322880

ADAM OPTIMIZER UPDATE (step 1000):
  W1: update_mean=-0.00015140, update_max_abs=0.00045170
  b1: update_mean=0.00036119, update_max_abs=0.00126296

Epoch 1000/1000, Loss: 0.555367
  MLP final loss: 0.555367
  HI monotonicity rate  : 0.6657
  HI smoothness (|ΔHI|) : 0.018907

  총 실행 시간: 21.7s

======================================================================
  PIPELINE: RepIdx (win=±20, top10)  (representative=True)
======================================================================

=== Normal Range summary (A_dev index) ===
Total normal ranges : 9
  Engine 1 : [0, 156352] (len=156353)
  Engine 2 : [308489, 526119] (len=217631)
  Engine 3 : [955653, 1167122] (len=211470)
  Engine 4 : [1545490, 1752373] (len=206884)
  Engine 5 : [2084577, 2236339] (len=151763)
  Engine 6 : [2485720, 2754276] (len=268557)
  Engine 7 : [3432229, 3656713] (len=224485)
  Engine 8 : [4132089, 4383309] (len=251221)
  Engine 9 : [5207095, 5368001] (len=160907)

=== Abnormal Range summary (A_dev index) ===
Total abnormal ranges : 9
  Engine 1 : [156353, 308488] (len=152136)
  Engine 2 : [526120, 955652] (len=429533)
  Engine 3 : [1167123, 1545489] (len=378367)
  Engine 4 : [1752374, 2084576] (len=332203)
  Engine 5 : [2236340, 2485719] (len=249380)
  Engine 6 : [2754277, 3432228] (len=677952)
  Engine 7 : [3656714, 4132088] (len=475375)
  Engine 8 : [4383310, 5207094] (len=823785)
  Engine 9 : [5368002, 5571276] (len=203275)

=== DEV All Range summary (A_dev index) ===
Total dev ranges : 9
  Engine 1 : [0, 308488] (len=308489)
  Engine 2 : [308489, 955652] (len=647164)
  Engine 3 : [955653, 1545489] (len=589837)
  Engine 4 : [1545490, 2084576] (len=539087)
  Engine 5 : [2084577, 2485719] (len=401143)
  Engine 6 : [2485720, 3432228] (len=946509)
  Engine 7 : [3432229, 4132088] (len=699860)
  Engine 8 : [4132089, 5207094] (len=1075006)
  Engine 9 : [5207095, 5571276] (len=364182)

=== Test Abnormal Range summary (A_test index) ===
Total test abnormal ranges : 6
  Engine 10 : [249848, 951108] (len=701261)
  Engine 11 : [1212316, 1775600] (len=563285)
  Engine 12 : [1931041, 2181009] (len=249969)
  Engine 13 : [2432683, 3287901] (len=855219)
  Engine 14 : [3447483, 3633385] (len=185903)
  Engine 15 : [3850316, 4251559] (len=401244)

=== TEST All Range summary (A_test index) ===
Total test ranges : 6
  Engine 10 : [0, 951108] (len=951109)
  Engine 11 : [951109, 1775600] (len=824492)
  Engine 12 : [1775601, 2181009] (len=405409)
  Engine 13 : [2181010, 3287901] (len=1106892)
  Engine 14 : [3287902, 3633385] (len=345484)
  Engine 15 : [3633386, 4251559] (len=618174)

=== DEV sampling (normal state, from A_dev) ===
Target engines : [np.int64(1), np.int64(2), np.int64(3), np.int64(4), np.int64(5), np.int64(6), np.int64(7), np.int64(8), np.int64(9)]
Samples per range (K) : 20
  Engine 1 | range [0,156352] | range_len=156353 | sampled=20
  Engine 2 | range [308489,526119] | range_len=217631 | sampled=20
  Engine 3 | range [955653,1167122] | range_len=211470 | sampled=20
  Engine 4 | range [1545490,1752373] | range_len=206884 | sampled=20
  Engine 5 | range [2084577,2236339] | range_len=151763 | sampled=20
  Engine 6 | range [2485720,2754276] | range_len=268557 | sampled=20
  Engine 7 | range [3432229,3656713] | range_len=224485 | sampled=20
  Engine 8 | range [4132089,4383309] | range_len=251221 | sampled=20
  Engine 9 | range [5207095,5368001] | range_len=160907 | sampled=20

DEV sampled count by engine:
  Engine 1 : 20
  Engine 2 : 20
  Engine 3 : 20
  Engine 4 : 20
  Engine 5 : 20
  Engine 6 : 20
  Engine 7 : 20
  Engine 8 : 20
  Engine 9 : 20

Total DEV sampled indices: 180

=== DEV sampling (abnormal state, from A_dev) ===
Samples per cycle (N) : 10

Total DEV sampled indices: 6630

=== TEST sampling (abnormal state, from A_test) ===
Samples per cycle (N) : 10

Total TEST sampled indices: 4380

[Data prep] Representative Index Sampling (half_win=20, top_k_init=10, step=5)
  총 180개 중 60개 인덱스 대체됨 (33.3%)
  Training data size    : 180
  Outlier rate (>3σ)    : 0.0056
  Mean IQR (sensors)    : 87.1174

[GPR training]
  GPR Iter 10/100 - Loss: 0.8604
  GPR Iter 20/100 - Loss: 0.3595
  GPR Iter 30/100 - Loss: -0.1514
  GPR Iter 40/100 - Loss: -0.6635
  GPR Iter 50/100 - Loss: -1.1603
  GPR Iter 60/100 - Loss: -1.6356
  GPR Iter 70/100 - Loss: -2.0624
  GPR Iter 80/100 - Loss: -2.4065
  GPR Iter 90/100 - Loss: -2.6375
  GPR Iter 100/100 - Loss: -2.7687
  GPR final loss: -2.7687
  Residual STD (avg): 1.8187
  Residual MAE (avg): 1.3643
T48: mean=6.1002, std=8.3147
T50: mean=4.8266, std=6.7167
Wf: mean=0.0104, std=0.0133

[MLP training] epochs=1000
Debug epochs: [100, 200, 300, 400, 500, 600, 700, 800, 900, 1000]
Number of engines: 9
  Engine 1: 72 cycles
  Engine 2: 73 cycles
  Engine 3: 67 cycles
  Engine 4: 60 cycles
  Engine 5: 93 cycles
  Engine 6: 63 cycles
  Engine 7: 80 cycles
  Engine 8: 71 cycles
  Engine 9: 84 cycles

================================================================================
EPOCH 100 - LOSS COMPUTATION
================================================================================

[Engine 1] T_n=72
  HI range: [0.092183, 0.224840]
  HI[0] (first): 0.100173
  HI[71] (last): 0.222984
  Loss Term 1 contribution: 0.603755 (target: h_n(T_n)=1)
  Loss Term 2 contribution: 0.002257
  Monotonicity violations: 32/71
  Loss Term 3 contribution: 0.005554
  Convexity violations: 36/70
  Gradient (dHI/dt) stats:
    Mean: 0.001730, Std: 0.007739

[Engine 2] T_n=73
  HI range: [0.095569, 0.249864]
  HI[0] (first): 0.099266
  HI[72] (last): 0.245920
  Loss Term 1 contribution: 0.568637 (target: h_n(T_n)=1)
  Loss Term 2 contribution: 0.001669
  Monotonicity violations: 28/72
  Loss Term 3 contribution: 0.004359
  Convexity violations: 38/71
  Gradient (dHI/dt) stats:
    Mean: 0.002037, Std: 0.006400

[Engine 3] T_n=67
  HI range: [0.095331, 0.251076]
  HI[0] (first): 0.107314
  HI[66] (last): 0.251076
  Loss Term 1 contribution: 0.560888 (target: h_n(T_n)=1)
  Loss Term 2 contribution: 0.002143
  Monotonicity violations: 21/66
  Loss Term 3 contribution: 0.005185
  Convexity violations: 32/65
  Gradient (dHI/dt) stats:
    Mean: 0.002178, Std: 0.007906

[Engine 4] T_n=60
  HI range: [0.098450, 0.230773]
  HI[0] (first): 0.104505
  HI[59] (last): 0.230773
  Loss Term 1 contribution: 0.591711 (target: h_n(T_n)=1)
  Loss Term 2 contribution: 0.001170
  Monotonicity violations: 19/59
  Loss Term 3 contribution: 0.003045
  Convexity violations: 26/58
  Gradient (dHI/dt) stats:
    Mean: 0.002140, Std: 0.005391

[Engine 5] T_n=93
  HI range: [0.094985, 0.259480]
  HI[0] (first): 0.103537
  HI[92] (last): 0.259480
  Loss Term 1 contribution: 0.548370 (target: h_n(T_n)=1)
  Loss Term 2 contribution: 0.002019
  Monotonicity violations: 33/92
  Loss Term 3 contribution: 0.004323
  Convexity violations: 45/91
  Gradient (dHI/dt) stats:
    Mean: 0.001695, Std: 0.006746

[Engine 6] T_n=63
  HI range: [0.101304, 0.250134]
  HI[0] (first): 0.109194
  HI[62] (last): 0.250134
  Loss Term 1 contribution: 0.562299 (target: h_n(T_n)=1)
  Loss Term 2 contribution: 0.001298
  Monotonicity violations: 21/62
  Loss Term 3 contribution: 0.003716
  Convexity violations: 30/61
  Gradient (dHI/dt) stats:
    Mean: 0.002273, Std: 0.005866

[Engine 7] T_n=80
  HI range: [0.099669, 0.258054]
  HI[0] (first): 0.110616
  HI[79] (last): 0.258054
  Loss Term 1 contribution: 0.550484 (target: h_n(T_n)=1)
  Loss Term 2 contribution: 0.002006
  Monotonicity violations: 29/79
  Loss Term 3 contribution: 0.004872
  Convexity violations: 36/78
  Gradient (dHI/dt) stats:
    Mean: 0.001866, Std: 0.007102

[Engine 8] T_n=71
  HI range: [0.100752, 0.262974]
  HI[0] (first): 0.101900
  HI[70] (last): 0.262974
  Loss Term 1 contribution: 0.543208 (target: h_n(T_n)=1)
  Loss Term 2 contribution: 0.001155
  Monotonicity violations: 19/70
  Loss Term 3 contribution: 0.003262
  Convexity violations: 34/69
  Gradient (dHI/dt) stats:
    Mean: 0.002301, Std: 0.005252

[Engine 9] T_n=84
  HI range: [0.101720, 0.260502]
  HI[0] (first): 0.103811
  HI[83] (last): 0.260502
  Loss Term 1 contribution: 0.546857 (target: h_n(T_n)=1)
  Loss Term 2 contribution: 0.002250
  Monotonicity violations: 28/83
  Loss Term 3 contribution: 0.005390
  Convexity violations: 38/82
  Gradient (dHI/dt) stats:
    Mean: 0.001888, Std: 0.007926

================================================================================
LOSS BREAKDOWN:
  Term 0 (Initial HI <= 0.2): 0.000000 (×1.0)
  Term 1 (Target HI=1): 5.076208 (×1.0)
  Term 2 (Monotonicity): 0.015968 (×6.0)
  Term 3 (Convexity): 0.039705 (×2.0)
  Total Loss: 5.251424
================================================================================

PARAMETER GRADIENTS (averaged over 9 engines):
  W1: mean=-0.00067893, std=0.02721270, max_abs=0.03641247
  b1: mean=-0.00042954, std=0.01573737, max_abs=0.01638908
  W2: mean=-0.00001301, std=0.11103568, max_abs=0.11615146
  b2: mean=-0.00547297, std=0.16154363, max_abs=0.16701661
  W3: mean=0.00829755, std=0.72074451, max_abs=0.72904206
  b3: mean=-1.50180105, std=0.00000000, max_abs=1.50180105

ADAM OPTIMIZER UPDATE (step 100):
  W1: update_mean=0.00002094, update_max_abs=0.00134220
  b1: update_mean=0.00002052, update_max_abs=0.00145513

================================================================================
EPOCH 200 - LOSS COMPUTATION
================================================================================

[Engine 1] T_n=72
  HI range: [0.212813, 0.580735]
  HI[0] (first): 0.238916
  HI[71] (last): 0.580735
  Loss Term 1 contribution: 0.175783 (target: h_n(T_n)=1)
  Loss Term 2 contribution: 0.005769
  Monotonicity violations: 29/71
  Loss Term 3 contribution: 0.014153
  Convexity violations: 32/70
  Gradient (dHI/dt) stats:
    Mean: 0.004814, Std: 0.019794

[Engine 2] T_n=73
  HI range: [0.222150, 0.607370]
  HI[0] (first): 0.236749
  HI[72] (last): 0.606506
  Loss Term 1 contribution: 0.154837 (target: h_n(T_n)=1)
  Loss Term 2 contribution: 0.004437
  Monotonicity violations: 25/72
  Loss Term 3 contribution: 0.011053
  Convexity violations: 39/71
  Gradient (dHI/dt) stats:
    Mean: 0.005136, Std: 0.017635

[Engine 3] T_n=67
  HI range: [0.215241, 0.610485]
  HI[0] (first): 0.243880
  HI[66] (last): 0.610485
  Loss Term 1 contribution: 0.151722 (target: h_n(T_n)=1)
  Loss Term 2 contribution: 0.005215
  Monotonicity violations: 25/66
  Loss Term 3 contribution: 0.012987
  Convexity violations: 33/65
  Gradient (dHI/dt) stats:
    Mean: 0.005555, Std: 0.019993

[Engine 4] T_n=60
  HI range: [0.240851, 0.590189]
  HI[0] (first): 0.253762
  HI[59] (last): 0.590189
  Loss Term 1 contribution: 0.167945 (target: h_n(T_n)=1)
  Loss Term 2 contribution: 0.003202
  Monotonicity violations: 19/59
  Loss Term 3 contribution: 0.008943
  Convexity violations: 27/58
  Gradient (dHI/dt) stats:
    Mean: 0.005702, Std: 0.013985

[Engine 5] T_n=93
  HI range: [0.207694, 0.616151]
  HI[0] (first): 0.241365
  HI[92] (last): 0.616151
  Loss Term 1 contribution: 0.147340 (target: h_n(T_n)=1)
  Loss Term 2 contribution: 0.005670
  Monotonicity violations: 33/92
  Loss Term 3 contribution: 0.012043
  Convexity violations: 48/91
  Gradient (dHI/dt) stats:
    Mean: 0.004074, Std: 0.019003

[Engine 6] T_n=63
  HI range: [0.247068, 0.611326]
  HI[0] (first): 0.268074
  HI[62] (last): 0.611326
  Loss Term 1 contribution: 0.151068 (target: h_n(T_n)=1)
  Loss Term 2 contribution: 0.003209
  Monotonicity violations: 18/62
  Loss Term 3 contribution: 0.008363
  Convexity violations: 30/61
  Gradient (dHI/dt) stats:
    Mean: 0.005536, Std: 0.015074

[Engine 7] T_n=80
  HI range: [0.247654, 0.616700]
  HI[0] (first): 0.278658
  HI[79] (last): 0.616700
  Loss Term 1 contribution: 0.146919 (target: h_n(T_n)=1)
  Loss Term 2 contribution: 0.004851
  Monotonicity violations: 27/79
  Loss Term 3 contribution: 0.011803
  Convexity violations: 36/78
  Gradient (dHI/dt) stats:
    Mean: 0.004279, Std: 0.017994

[Engine 8] T_n=71
  HI range: [0.238347, 0.621224]
  HI[0] (first): 0.239576
  HI[70] (last): 0.621224
  Loss Term 1 contribution: 0.143471 (target: h_n(T_n)=1)
  Loss Term 2 contribution: 0.002987
  Monotonicity violations: 17/70
  Loss Term 3 contribution: 0.008475
  Convexity violations: 31/69
  Gradient (dHI/dt) stats:
    Mean: 0.005452, Std: 0.013884

[Engine 9] T_n=84
  HI range: [0.242111, 0.617370]
  HI[0] (first): 0.243627
  HI[83] (last): 0.617370
  Loss Term 1 contribution: 0.146406 (target: h_n(T_n)=1)
  Loss Term 2 contribution: 0.005712
  Monotonicity violations: 28/83
  Loss Term 3 contribution: 0.012988
  Convexity violations: 39/82
  Gradient (dHI/dt) stats:
    Mean: 0.004503, Std: 0.019796

================================================================================
LOSS BREAKDOWN:
  Term 0 (Initial HI <= 0.2): 0.023682 (×1.0)
  Term 1 (Target HI=1): 1.385491 (×1.0)
  Term 2 (Monotonicity): 0.041052 (×6.0)
  Term 3 (Convexity): 0.100808 (×2.0)
  Total Loss: 1.857103
================================================================================

PARAMETER GRADIENTS (averaged over 9 engines):
  W1: mean=0.00004846, std=0.01382188, max_abs=0.02399289
  b1: mean=0.00003203, std=0.00389489, max_abs=0.00400369
  W2: mean=-0.00000340, std=0.04662140, max_abs=0.04870688
  b2: mean=-0.00211664, std=0.06563409, max_abs=0.06775073
  W3: mean=0.00223645, std=0.51904064, max_abs=0.52127709
  b3: mean=-0.68549061, std=0.00000000, max_abs=0.68549061

ADAM OPTIMIZER UPDATE (step 200):
  W1: update_mean=-0.00000508, update_max_abs=0.00138435
  b1: update_mean=0.00001468, update_max_abs=0.00066048

Epoch 200/1000, Loss: 1.857103

================================================================================
EPOCH 300 - LOSS COMPUTATION
================================================================================

[Engine 1] T_n=72
  HI range: [0.215927, 0.761336]
  HI[0] (first): 0.266101
  HI[71] (last): 0.761336
  Loss Term 1 contribution: 0.056960 (target: h_n(T_n)=1)
  Loss Term 2 contribution: 0.007167
  Monotonicity violations: 28/71
  Loss Term 3 contribution: 0.017541
  Convexity violations: 34/70
  Gradient (dHI/dt) stats:
    Mean: 0.006975, Std: 0.025154

[Engine 2] T_n=73
  HI range: [0.242774, 0.790431]
  HI[0] (first): 0.264248
  HI[72] (last): 0.790431
  Loss Term 1 contribution: 0.043919 (target: h_n(T_n)=1)
  Loss Term 2 contribution: 0.005944
  Monotonicity violations: 21/72
  Loss Term 3 contribution: 0.014351
  Convexity violations: 35/71
  Gradient (dHI/dt) stats:
    Mean: 0.007308, Std: 0.024089

[Engine 3] T_n=67
  HI range: [0.227346, 0.793719]
  HI[0] (first): 0.252630
  HI[66] (last): 0.793719
  Loss Term 1 contribution: 0.042552 (target: h_n(T_n)=1)
  Loss Term 2 contribution: 0.005790
  Monotonicity violations: 24/66
  Loss Term 3 contribution: 0.015894
  Convexity violations: 35/65
  Gradient (dHI/dt) stats:
    Mean: 0.008198, Std: 0.024667

[Engine 4] T_n=60
  HI range: [0.273434, 0.772095]
  HI[0] (first): 0.286058
  HI[59] (last): 0.772095
  Loss Term 1 contribution: 0.051941 (target: h_n(T_n)=1)
  Loss Term 2 contribution: 0.004337
  Monotonicity violations: 20/59
  Loss Term 3 contribution: 0.012928
  Convexity violations: 28/58
  Gradient (dHI/dt) stats:
    Mean: 0.008238, Std: 0.019626

[Engine 5] T_n=93
  HI range: [0.210401, 0.796852]
  HI[0] (first): 0.259955
  HI[92] (last): 0.796852
  Loss Term 1 contribution: 0.041269 (target: h_n(T_n)=1)
  Loss Term 2 contribution: 0.007603
  Monotonicity violations: 38/92
  Loss Term 3 contribution: 0.016815
  Convexity violations: 47/91
  Gradient (dHI/dt) stats:
    Mean: 0.005836, Std: 0.026390

[Engine 6] T_n=63
  HI range: [0.270827, 0.796443]
  HI[0] (first): 0.304071
  HI[62] (last): 0.796443
  Loss Term 1 contribution: 0.041435 (target: h_n(T_n)=1)
  Loss Term 2 contribution: 0.004756
  Monotonicity violations: 19/62
  Loss Term 3 contribution: 0.012929
  Convexity violations: 34/61
  Gradient (dHI/dt) stats:
    Mean: 0.007941, Std: 0.021943

[Engine 7] T_n=80
  HI range: [0.288747, 0.800257]
  HI[0] (first): 0.324367
  HI[79] (last): 0.800257
  Loss Term 1 contribution: 0.039897 (target: h_n(T_n)=1)
  Loss Term 2 contribution: 0.006285
  Monotonicity violations: 26/79
  Loss Term 3 contribution: 0.015684
  Convexity violations: 39/78
  Gradient (dHI/dt) stats:
    Mean: 0.006024, Std: 0.023808

[Engine 8] T_n=71
  HI range: [0.261691, 0.805537]
  HI[0] (first): 0.261691
  HI[70] (last): 0.805537
  Loss Term 1 contribution: 0.037816 (target: h_n(T_n)=1)
  Loss Term 2 contribution: 0.004455
  Monotonicity violations: 17/70
  Loss Term 3 contribution: 0.012643
  Convexity violations: 35/69
  Gradient (dHI/dt) stats:
    Mean: 0.007769, Std: 0.019925

[Engine 9] T_n=84
  HI range: [0.254469, 0.798585]
  HI[0] (first): 0.264565
  HI[83] (last): 0.798585
  Loss Term 1 contribution: 0.040568 (target: h_n(T_n)=1)
  Loss Term 2 contribution: 0.007362
  Monotonicity violations: 27/83
  Loss Term 3 contribution: 0.016741
  Convexity violations: 40/82
  Gradient (dHI/dt) stats:
    Mean: 0.006434, Std: 0.025337

================================================================================
LOSS BREAKDOWN:
  Term 0 (Initial HI <= 0.2): 0.056540 (×1.0)
  Term 1 (Target HI=1): 0.396358 (×1.0)
  Term 2 (Monotonicity): 0.053699 (×6.0)
  Term 3 (Convexity): 0.135525 (×2.0)
  Total Loss: 1.046141
================================================================================

PARAMETER GRADIENTS (averaged over 9 engines):
  W1: mean=-0.00001866, std=0.00348230, max_abs=0.00453314
  b1: mean=0.00032955, std=0.01368718, max_abs=0.01414179
  W2: mean=-0.00000242, std=0.01383743, max_abs=0.01478469
  b2: mean=-0.00052511, std=0.00579633, max_abs=0.00632144
  W3: mean=0.00039439, std=0.23997017, max_abs=0.24036456
  b3: mean=-0.26690204, std=0.00000000, max_abs=0.26690204

ADAM OPTIMIZER UPDATE (step 300):
  W1: update_mean=-0.00000600, update_max_abs=0.00030594
  b1: update_mean=-0.00000449, update_max_abs=0.00115725

================================================================================
EPOCH 400 - LOSS COMPUTATION
================================================================================

[Engine 1] T_n=72
  HI range: [0.194890, 0.817593]
  HI[0] (first): 0.246243
  HI[71] (last): 0.817593
  Loss Term 1 contribution: 0.033272 (target: h_n(T_n)=1)
  Loss Term 2 contribution: 0.007049
  Monotonicity violations: 28/71
  Loss Term 3 contribution: 0.017773
  Convexity violations: 34/70
  Gradient (dHI/dt) stats:
    Mean: 0.008047, Std: 0.025780

[Engine 2] T_n=73
  HI range: [0.223796, 0.863561]
  HI[0] (first): 0.244776
  HI[72] (last): 0.863561
  Loss Term 1 contribution: 0.018616 (target: h_n(T_n)=1)
  Loss Term 2 contribution: 0.005976
  Monotonicity violations: 21/72
  Loss Term 3 contribution: 0.014724
  Convexity violations: 37/71
  Gradient (dHI/dt) stats:
    Mean: 0.008594, Std: 0.024694

[Engine 3] T_n=67
  HI range: [0.207874, 0.868473]
  HI[0] (first): 0.228995
  HI[66] (last): 0.868473
  Loss Term 1 contribution: 0.017299 (target: h_n(T_n)=1)
  Loss Term 2 contribution: 0.005578
  Monotonicity violations: 23/66
  Loss Term 3 contribution: 0.016248
  Convexity violations: 34/65
  Gradient (dHI/dt) stats:
    Mean: 0.009689, Std: 0.025340

[Engine 4] T_n=60
  HI range: [0.252111, 0.834144]
  HI[0] (first): 0.265324
  HI[59] (last): 0.834144
  Loss Term 1 contribution: 0.027508 (target: h_n(T_n)=1)
  Loss Term 2 contribution: 0.004413
  Monotonicity violations: 22/59
  Loss Term 3 contribution: 0.013674
  Convexity violations: 29/58
  Gradient (dHI/dt) stats:
    Mean: 0.009641, Std: 0.021236

[Engine 5] T_n=93
  HI range: [0.189861, 0.872344]
  HI[0] (first): 0.238292
  HI[92] (last): 0.872344
  Loss Term 1 contribution: 0.016296 (target: h_n(T_n)=1)
  Loss Term 2 contribution: 0.007698
  Monotonicity violations: 39/92
  Loss Term 3 contribution: 0.017520
  Convexity violations: 47/91
  Gradient (dHI/dt) stats:
    Mean: 0.006892, Std: 0.027284

[Engine 6] T_n=63
  HI range: [0.249415, 0.873707]
  HI[0] (first): 0.282733
  HI[62] (last): 0.873707
  Loss Term 1 contribution: 0.015950 (target: h_n(T_n)=1)
  Loss Term 2 contribution: 0.004962
  Monotonicity violations: 20/62
  Loss Term 3 contribution: 0.014296
  Convexity violations: 34/61
  Gradient (dHI/dt) stats:
    Mean: 0.009532, Std: 0.023352

[Engine 7] T_n=80
  HI range: [0.270396, 0.879368]
  HI[0] (first): 0.303602
  HI[79] (last): 0.879368
  Loss Term 1 contribution: 0.014552 (target: h_n(T_n)=1)
  Loss Term 2 contribution: 0.006502
  Monotonicity violations: 26/79
  Loss Term 3 contribution: 0.016701
  Convexity violations: 40/78
  Gradient (dHI/dt) stats:
    Mean: 0.007288, Std: 0.024966

[Engine 8] T_n=71
  HI range: [0.241074, 0.889066]
  HI[0] (first): 0.241074
  HI[70] (last): 0.889066
  Loss Term 1 contribution: 0.012306 (target: h_n(T_n)=1)
  Loss Term 2 contribution: 0.004770
  Monotonicity violations: 17/70
  Loss Term 3 contribution: 0.014001
  Convexity violations: 36/69
  Gradient (dHI/dt) stats:
    Mean: 0.009257, Std: 0.021465

[Engine 9] T_n=84
  HI range: [0.230778, 0.875447]
  HI[0] (first): 0.243273
  HI[83] (last): 0.875447
  Loss Term 1 contribution: 0.015513 (target: h_n(T_n)=1)
  Loss Term 2 contribution: 0.007441
  Monotonicity violations: 28/83
  Loss Term 3 contribution: 0.017314
  Convexity violations: 40/82
  Gradient (dHI/dt) stats:
    Mean: 0.007617, Std: 0.026202

================================================================================
LOSS BREAKDOWN:
  Term 0 (Initial HI <= 0.2): 0.031855 (×1.0)
  Term 1 (Target HI=1): 0.171314 (×1.0)
  Term 2 (Monotonicity): 0.054389 (×6.0)
  Term 3 (Convexity): 0.142251 (×2.0)
  Total Loss: 0.814004
================================================================================

PARAMETER GRADIENTS (averaged over 9 engines):
  W1: mean=0.00008764, std=0.00498221, max_abs=0.00714705
  b1: mean=0.00038062, std=0.01015155, max_abs=0.01081609
  W2: mean=-0.00000197, std=0.00475585, max_abs=0.00520305
  b2: mean=-0.00031615, std=0.00419093, max_abs=0.00450708
  W3: mean=0.00011911, std=0.12939160, max_abs=0.12951071
  b3: mean=-0.16266379, std=0.00000000, max_abs=0.16266379

ADAM OPTIMIZER UPDATE (step 400):
  W1: update_mean=-0.00000442, update_max_abs=0.00044431
  b1: update_mean=0.00000679, update_max_abs=0.00089101

Epoch 400/1000, Loss: 0.814004

================================================================================
EPOCH 500 - LOSS COMPUTATION
================================================================================

[Engine 1] T_n=72
  HI range: [0.190851, 0.823851]
  HI[0] (first): 0.236284
  HI[71] (last): 0.823851
  Loss Term 1 contribution: 0.031028 (target: h_n(T_n)=1)
  Loss Term 2 contribution: 0.006488
  Monotonicity violations: 28/71
  Loss Term 3 contribution: 0.016802
  Convexity violations: 34/70
  Gradient (dHI/dt) stats:
    Mean: 0.008276, Std: 0.024857

[Engine 2] T_n=73
  HI range: [0.216126, 0.891108]
  HI[0] (first): 0.234967
  HI[72] (last): 0.891108
  Loss Term 1 contribution: 0.011858 (target: h_n(T_n)=1)
  Loss Term 2 contribution: 0.005426
  Monotonicity violations: 21/72
  Loss Term 3 contribution: 0.013797
  Convexity violations: 37/71
  Gradient (dHI/dt) stats:
    Mean: 0.009113, Std: 0.023353

[Engine 3] T_n=67
  HI range: [0.202374, 0.898932]
  HI[0] (first): 0.222300
  HI[66] (last): 0.898932
  Loss Term 1 contribution: 0.010215 (target: h_n(T_n)=1)
  Loss Term 2 contribution: 0.005158
  Monotonicity violations: 24/66
  Loss Term 3 contribution: 0.015730
  Convexity violations: 34/65
  Gradient (dHI/dt) stats:
    Mean: 0.010252, Std: 0.024805

[Engine 4] T_n=60
  HI range: [0.241974, 0.847238]
  HI[0] (first): 0.253432
  HI[59] (last): 0.847238
  Loss Term 1 contribution: 0.023336 (target: h_n(T_n)=1)
  Loss Term 2 contribution: 0.004025
  Monotonicity violations: 22/59
  Loss Term 3 contribution: 0.012909
  Convexity violations: 29/58
  Gradient (dHI/dt) stats:
    Mean: 0.010065, Std: 0.020835

[Engine 5] T_n=93
  HI range: [0.186135, 0.906569]
  HI[0] (first): 0.229830
  HI[92] (last): 0.906569
  Loss Term 1 contribution: 0.008729 (target: h_n(T_n)=1)
  Loss Term 2 contribution: 0.007031
  Monotonicity violations: 38/92
  Loss Term 3 contribution: 0.016528
  Convexity violations: 47/91
  Gradient (dHI/dt) stats:
    Mean: 0.007356, Std: 0.025761

[Engine 6] T_n=63
  HI range: [0.239696, 0.906531]
  HI[0] (first): 0.269664
  HI[62] (last): 0.906531
  Loss Term 1 contribution: 0.008736 (target: h_n(T_n)=1)
  Loss Term 2 contribution: 0.004492
  Monotonicity violations: 19/62
  Loss Term 3 contribution: 0.013476
  Convexity violations: 34/61
  Gradient (dHI/dt) stats:
    Mean: 0.010272, Std: 0.022332

[Engine 7] T_n=80
  HI range: [0.257263, 0.916570]
  HI[0] (first): 0.287933
  HI[79] (last): 0.916570
  Loss Term 1 contribution: 0.006961 (target: h_n(T_n)=1)
  Loss Term 2 contribution: 0.006077
  Monotonicity violations: 26/79
  Loss Term 3 contribution: 0.016226
  Convexity violations: 39/78
  Gradient (dHI/dt) stats:
    Mean: 0.007957, Std: 0.024134

[Engine 8] T_n=71
  HI range: [0.232277, 0.933514]
  HI[0] (first): 0.232277
  HI[70] (last): 0.933514
  Loss Term 1 contribution: 0.004420 (target: h_n(T_n)=1)
  Loss Term 2 contribution: 0.004463
  Monotonicity violations: 17/70
  Loss Term 3 contribution: 0.013673
  Convexity violations: 35/69
  Gradient (dHI/dt) stats:
    Mean: 0.010018, Std: 0.021106

[Engine 9] T_n=84
  HI range: [0.224074, 0.911472]
  HI[0] (first): 0.234475
  HI[83] (last): 0.911472
  Loss Term 1 contribution: 0.007837 (target: h_n(T_n)=1)
  Loss Term 2 contribution: 0.006924
  Monotonicity violations: 28/83
  Loss Term 3 contribution: 0.016674
  Convexity violations: 40/82
  Gradient (dHI/dt) stats:
    Mean: 0.008157, Std: 0.025194

================================================================================
LOSS BREAKDOWN:
  Term 0 (Initial HI <= 0.2): 0.021597 (×1.0)
  Term 1 (Target HI=1): 0.113121 (×1.0)
  Term 2 (Monotonicity): 0.050083 (×6.0)
  Term 3 (Convexity): 0.135815 (×2.0)
  Total Loss: 0.706849
================================================================================

PARAMETER GRADIENTS (averaged over 9 engines):
  W1: mean=0.00005126, std=0.00264446, max_abs=0.00379162
  b1: mean=0.00037194, std=0.00582060, max_abs=0.00658541
  W2: mean=-0.00000204, std=0.00334023, max_abs=0.00365415
  b2: mean=-0.00029633, std=0.00735167, max_abs=0.00764800
  W3: mean=0.00009560, std=0.08711701, max_abs=0.08721261
  b3: mean=-0.12512329, std=0.00000000, max_abs=0.12512329

ADAM OPTIMIZER UPDATE (step 500):
  W1: update_mean=-0.00000138, update_max_abs=0.00027317
  b1: update_mean=0.00001659, update_max_abs=0.00059004

================================================================================
EPOCH 600 - LOSS COMPUTATION
================================================================================

[Engine 1] T_n=72
  HI range: [0.190228, 0.825111]
  HI[0] (first): 0.232566
  HI[71] (last): 0.825111
  Loss Term 1 contribution: 0.030586 (target: h_n(T_n)=1)
  Loss Term 2 contribution: 0.006130
  Monotonicity violations: 28/71
  Loss Term 3 contribution: 0.016146
  Convexity violations: 35/70
  Gradient (dHI/dt) stats:
    Mean: 0.008346, Std: 0.024290

[Engine 2] T_n=73
  HI range: [0.213745, 0.907784]
  HI[0] (first): 0.231358
  HI[72] (last): 0.907784
  Loss Term 1 contribution: 0.008504 (target: h_n(T_n)=1)
  Loss Term 2 contribution: 0.005102
  Monotonicity violations: 21/72
  Loss Term 3 contribution: 0.013214
  Convexity violations: 37/71
  Gradient (dHI/dt) stats:
    Mean: 0.009395, Std: 0.022617

[Engine 3] T_n=67
  HI range: [0.201063, 0.917836]
  HI[0] (first): 0.219879
  HI[66] (last): 0.917836
  Loss Term 1 contribution: 0.006751 (target: h_n(T_n)=1)
  Loss Term 2 contribution: 0.004878
  Monotonicity violations: 24/66
  Loss Term 3 contribution: 0.015303
  Convexity violations: 34/65
  Gradient (dHI/dt) stats:
    Mean: 0.010575, Std: 0.024486

[Engine 4] T_n=60
  HI range: [0.237982, 0.853173]
  HI[0] (first): 0.248568
  HI[59] (last): 0.853173
  Loss Term 1 contribution: 0.021558 (target: h_n(T_n)=1)
  Loss Term 2 contribution: 0.003795
  Monotonicity violations: 22/59
  Loss Term 3 contribution: 0.012395
  Convexity violations: 29/58
  Gradient (dHI/dt) stats:
    Mean: 0.010248, Std: 0.020618

[Engine 5] T_n=93
  HI range: [0.185754, 0.928378]
  HI[0] (first): 0.226704
  HI[92] (last): 0.928378
  Loss Term 1 contribution: 0.005130 (target: h_n(T_n)=1)
  Loss Term 2 contribution: 0.006635
  Monotonicity violations: 38/92
  Loss Term 3 contribution: 0.015893
  Convexity violations: 47/91
  Gradient (dHI/dt) stats:
    Mean: 0.007627, Std: 0.024919

[Engine 6] T_n=63
  HI range: [0.235904, 0.927397]
  HI[0] (first): 0.263974
  HI[62] (last): 0.927397
  Loss Term 1 contribution: 0.005271 (target: h_n(T_n)=1)
  Loss Term 2 contribution: 0.004231
  Monotonicity violations: 20/62
  Loss Term 3 contribution: 0.013045
  Convexity violations: 32/61
  Gradient (dHI/dt) stats:
    Mean: 0.010700, Std: 0.021900

[Engine 7] T_n=80
  HI range: [0.251993, 0.940965]
  HI[0] (first): 0.280893
  HI[79] (last): 0.940965
  Loss Term 1 contribution: 0.003485 (target: h_n(T_n)=1)
  Loss Term 2 contribution: 0.005806
  Monotonicity violations: 26/79
  Loss Term 3 contribution: 0.015868
  Convexity violations: 39/78
  Gradient (dHI/dt) stats:
    Mean: 0.008355, Std: 0.023710

[Engine 8] T_n=71
  HI range: [0.229040, 0.964244]
  HI[0] (first): 0.229040
  HI[70] (last): 0.964244
  Loss Term 1 contribution: 0.001278 (target: h_n(T_n)=1)
  Loss Term 2 contribution: 0.004281
  Monotonicity violations: 17/70
  Loss Term 3 contribution: 0.013488
  Convexity violations: 35/69
  Gradient (dHI/dt) stats:
    Mean: 0.010503, Std: 0.021104

[Engine 9] T_n=84
  HI range: [0.221612, 0.934784]
  HI[0] (first): 0.231150
  HI[83] (last): 0.934784
  Loss Term 1 contribution: 0.004253 (target: h_n(T_n)=1)
  Loss Term 2 contribution: 0.006582
  Monotonicity violations: 28/83
  Loss Term 3 contribution: 0.016191
  Convexity violations: 40/82
  Gradient (dHI/dt) stats:
    Mean: 0.008478, Std: 0.024595

================================================================================
LOSS BREAKDOWN:
  Term 0 (Initial HI <= 0.2): 0.017961 (×1.0)
  Term 1 (Target HI=1): 0.086816 (×1.0)
  Term 2 (Monotonicity): 0.047438 (×6.0)
  Term 3 (Convexity): 0.131543 (×2.0)
  Total Loss: 0.652491
================================================================================

PARAMETER GRADIENTS (averaged over 9 engines):
  W1: mean=-0.00004157, std=0.00120492, max_abs=0.00170379
  b1: mean=0.00040830, std=0.00385263, max_abs=0.00478376
  W2: mean=-0.00000229, std=0.00198324, max_abs=0.00224162
  b2: mean=-0.00025322, std=0.00758369, max_abs=0.00783691
  W3: mean=0.00007116, std=0.06003309, max_abs=0.06010425
  b3: mean=-0.09693196, std=0.00000000, max_abs=0.09693196

ADAM OPTIMIZER UPDATE (step 600):
  W1: update_mean=-0.00000635, update_max_abs=0.00014941
  b1: update_mean=0.00002651, update_max_abs=0.00045564

Epoch 600/1000, Loss: 0.652491

================================================================================
EPOCH 700 - LOSS COMPUTATION
================================================================================

[Engine 1] T_n=72
  HI range: [0.190151, 0.825771]
  HI[0] (first): 0.230758
  HI[71] (last): 0.825771
  Loss Term 1 contribution: 0.030356 (target: h_n(T_n)=1)
  Loss Term 2 contribution: 0.005873
  Monotonicity violations: 28/71
  Loss Term 3 contribution: 0.015663
  Convexity violations: 34/70
  Gradient (dHI/dt) stats:
    Mean: 0.008380, Std: 0.023893

[Engine 2] T_n=73
  HI range: [0.212770, 0.918501]
  HI[0] (first): 0.229595
  HI[72] (last): 0.918501
  Loss Term 1 contribution: 0.006642 (target: h_n(T_n)=1)
  Loss Term 2 contribution: 0.004893
  Monotonicity violations: 21/72
  Loss Term 3 contribution: 0.012809
  Convexity violations: 36/71
  Gradient (dHI/dt) stats:
    Mean: 0.009568, Std: 0.022159

[Engine 3] T_n=67
  HI range: [0.200503, 0.930046]
  HI[0] (first): 0.218233
  HI[66] (last): 0.930046
  Loss Term 1 contribution: 0.004894 (target: h_n(T_n)=1)
  Loss Term 2 contribution: 0.004670
  Monotonicity violations: 24/66
  Loss Term 3 contribution: 0.014951
  Convexity violations: 34/65
  Gradient (dHI/dt) stats:
    Mean: 0.010785, Std: 0.024267

[Engine 4] T_n=60
  HI range: [0.235825, 0.856763]
  HI[0] (first): 0.246065
  HI[59] (last): 0.856763
  Loss Term 1 contribution: 0.020517 (target: h_n(T_n)=1)
  Loss Term 2 contribution: 0.003656
  Monotonicity violations: 22/59
  Loss Term 3 contribution: 0.012068
  Convexity violations: 29/58
  Gradient (dHI/dt) stats:
    Mean: 0.010351, Std: 0.020515

[Engine 5] T_n=93
  HI range: [0.185937, 0.941576]
  HI[0] (first): 0.224973
  HI[92] (last): 0.941576
  Loss Term 1 contribution: 0.003413 (target: h_n(T_n)=1)
  Loss Term 2 contribution: 0.006385
  Monotonicity violations: 38/92
  Loss Term 3 contribution: 0.015469
  Convexity violations: 47/91
  Gradient (dHI/dt) stats:
    Mean: 0.007789, Std: 0.024423

[Engine 6] T_n=63
  HI range: [0.233796, 0.941481]
  HI[0] (first): 0.260626
  HI[62] (last): 0.941481
  Loss Term 1 contribution: 0.003425 (target: h_n(T_n)=1)
  Loss Term 2 contribution: 0.004064
  Monotonicity violations: 19/62
  Loss Term 3 contribution: 0.012835
  Convexity violations: 34/61
  Gradient (dHI/dt) stats:
    Mean: 0.010982, Std: 0.021707

[Engine 7] T_n=80
  HI range: [0.249527, 0.956928]
  HI[0] (first): 0.276989
  HI[79] (last): 0.956928
  Loss Term 1 contribution: 0.001855 (target: h_n(T_n)=1)
  Loss Term 2 contribution: 0.005621
  Monotonicity violations: 26/79
  Loss Term 3 contribution: 0.015577
  Convexity violations: 39/78
  Gradient (dHI/dt) stats:
    Mean: 0.008607, Std: 0.023466

[Engine 8] T_n=71
  HI range: [0.227199, 0.984066]
  HI[0] (first): 0.227199
  HI[70] (last): 0.984066
  Loss Term 1 contribution: 0.000254 (target: h_n(T_n)=1)
  Loss Term 2 contribution: 0.004161
  Monotonicity violations: 17/70
  Loss Term 3 contribution: 0.013358
  Convexity violations: 35/69
  Gradient (dHI/dt) stats:
    Mean: 0.010812, Std: 0.021174

[Engine 9] T_n=84
  HI range: [0.219831, 0.949076]
  HI[0] (first): 0.229156
  HI[83] (last): 0.949076
  Loss Term 1 contribution: 0.002593 (target: h_n(T_n)=1)
  Loss Term 2 contribution: 0.006345
  Monotonicity violations: 28/83
  Loss Term 3 contribution: 0.015787
  Convexity violations: 40/82
  Gradient (dHI/dt) stats:
    Mean: 0.008674, Std: 0.024203

================================================================================
LOSS BREAKDOWN:
  Term 0 (Initial HI <= 0.2): 0.016093 (×1.0)
  Term 1 (Target HI=1): 0.073949 (×1.0)
  Term 2 (Monotonicity): 0.045670 (×6.0)
  Term 3 (Convexity): 0.128517 (×2.0)
  Total Loss: 0.621094
================================================================================

PARAMETER GRADIENTS (averaged over 9 engines):
  W1: mean=-0.00014433, std=0.00084134, max_abs=0.00150800
  b1: mean=0.00055627, std=0.00292627, max_abs=0.00425517
  W2: mean=-0.00000304, std=0.00090900, max_abs=0.00114950
  b2: mean=-0.00022034, std=0.00722382, max_abs=0.00744416
  W3: mean=0.00005519, std=0.04305401, max_abs=0.04310920
  b3: mean=-0.07826614, std=0.00000000, max_abs=0.07826614

ADAM OPTIMIZER UPDATE (step 700):
  W1: update_mean=-0.00001446, update_max_abs=0.00014516
  b1: update_mean=0.00004617, update_max_abs=0.00043501

================================================================================
EPOCH 800 - LOSS COMPUTATION
================================================================================

[Engine 1] T_n=72
  HI range: [0.190638, 0.826511]
  HI[0] (first): 0.229952
  HI[71] (last): 0.826511
  Loss Term 1 contribution: 0.030098 (target: h_n(T_n)=1)
  Loss Term 2 contribution: 0.005665
  Monotonicity violations: 28/71
  Loss Term 3 contribution: 0.015261
  Convexity violations: 34/70
  Gradient (dHI/dt) stats:
    Mean: 0.008402, Std: 0.023577

[Engine 2] T_n=73
  HI range: [0.212562, 0.925621]
  HI[0] (first): 0.228774
  HI[72] (last): 0.925621
  Loss Term 1 contribution: 0.005532 (target: h_n(T_n)=1)
  Loss Term 2 contribution: 0.004730
  Monotonicity violations: 21/72
  Loss Term 3 contribution: 0.012476
  Convexity violations: 36/71
  Gradient (dHI/dt) stats:
    Mean: 0.009678, Std: 0.021799

[Engine 3] T_n=67
  HI range: [0.200424, 0.938203]
  HI[0] (first): 0.217233
  HI[66] (last): 0.938203
  Loss Term 1 contribution: 0.003819 (target: h_n(T_n)=1)
  Loss Term 2 contribution: 0.004505
  Monotonicity violations: 23/66
  Loss Term 3 contribution: 0.014651
  Convexity violations: 34/65
  Gradient (dHI/dt) stats:
    Mean: 0.010924, Std: 0.024095

[Engine 4] T_n=60
  HI range: [0.234691, 0.859329]
  HI[0] (first): 0.244803
  HI[59] (last): 0.859329
  Loss Term 1 contribution: 0.019788 (target: h_n(T_n)=1)
  Loss Term 2 contribution: 0.003553
  Monotonicity violations: 22/59
  Loss Term 3 contribution: 0.011824
  Convexity violations: 29/58
  Gradient (dHI/dt) stats:
    Mean: 0.010416, Std: 0.020451

[Engine 5] T_n=93
  HI range: [0.186700, 0.949011]
  HI[0] (first): 0.224093
  HI[92] (last): 0.949011
  Loss Term 1 contribution: 0.002600 (target: h_n(T_n)=1)
  Loss Term 2 contribution: 0.006198
  Monotonicity violations: 39/92
  Loss Term 3 contribution: 0.015130
  Convexity violations: 47/91
  Gradient (dHI/dt) stats:
    Mean: 0.007880, Std: 0.024059

[Engine 6] T_n=63
  HI range: [0.232631, 0.951489]
  HI[0] (first): 0.258439
  HI[62] (last): 0.951489
  Loss Term 1 contribution: 0.002353 (target: h_n(T_n)=1)
  Loss Term 2 contribution: 0.003924
  Monotonicity violations: 19/62
  Loss Term 3 contribution: 0.012697
  Convexity violations: 34/61
  Gradient (dHI/dt) stats:
    Mean: 0.011178, Std: 0.021573

[Engine 7] T_n=80
  HI range: [0.248383, 0.967365]
  HI[0] (first): 0.274618
  HI[79] (last): 0.967365
  Loss Term 1 contribution: 0.001065 (target: h_n(T_n)=1)
  Loss Term 2 contribution: 0.005471
  Monotonicity violations: 26/79
  Loss Term 3 contribution: 0.015299
  Convexity violations: 39/78
  Gradient (dHI/dt) stats:
    Mean: 0.008769, Std: 0.023273

[Engine 8] T_n=71
  HI range: [0.226109, 0.995499]
  HI[0] (first): 0.226109
  HI[70] (last): 0.995499
  Loss Term 1 contribution: 0.000020 (target: h_n(T_n)=1)
  Loss Term 2 contribution: 0.004056
  Monotonicity violations: 17/70
  Loss Term 3 contribution: 0.013197
  Convexity violations: 35/69
  Gradient (dHI/dt) stats:
    Mean: 0.010991, Std: 0.021179

[Engine 9] T_n=84
  HI range: [0.218627, 0.957208]
  HI[0] (first): 0.227903
  HI[83] (last): 0.957208
  Loss Term 1 contribution: 0.001831 (target: h_n(T_n)=1)
  Loss Term 2 contribution: 0.006163
  Monotonicity violations: 28/83
  Loss Term 3 contribution: 0.015447
  Convexity violations: 39/82
  Gradient (dHI/dt) stats:
    Mean: 0.008787, Std: 0.023902

================================================================================
LOSS BREAKDOWN:
  Term 0 (Initial HI <= 0.2): 0.015053 (×1.0)
  Term 1 (Target HI=1): 0.067107 (×1.0)
  Term 2 (Monotonicity): 0.044266 (×6.0)
  Term 3 (Convexity): 0.125983 (×2.0)
  Total Loss: 0.599721
================================================================================

PARAMETER GRADIENTS (averaged over 9 engines):
  W1: mean=-0.00031904, std=0.00095036, max_abs=0.00171041
  b1: mean=0.00089855, std=0.00264029, max_abs=0.00477210
  W2: mean=-0.00000493, std=0.00031303, max_abs=0.00060257
  b2: mean=-0.00020686, std=0.00677086, max_abs=0.00697772
  W3: mean=0.00004960, std=0.03279839, max_abs=0.03284800
  b3: mean=-0.06618618, std=0.00000000, max_abs=0.06618618

ADAM OPTIMIZER UPDATE (step 800):
  W1: update_mean=-0.00003159, update_max_abs=0.00017194
  b1: update_mean=0.00008771, update_max_abs=0.00051349

Epoch 800/1000, Loss: 0.599721

================================================================================
EPOCH 900 - LOSS COMPUTATION
================================================================================

[Engine 1] T_n=72
  HI range: [0.191194, 0.828781]
  HI[0] (first): 0.229292
  HI[71] (last): 0.828781
  Loss Term 1 contribution: 0.029316 (target: h_n(T_n)=1)
  Loss Term 2 contribution: 0.005477
  Monotonicity violations: 28/71
  Loss Term 3 contribution: 0.014910
  Convexity violations: 34/70
  Gradient (dHI/dt) stats:
    Mean: 0.008443, Std: 0.023346

[Engine 2] T_n=73
  HI range: [0.212428, 0.931561]
  HI[0] (first): 0.228060
  HI[72] (last): 0.931561
  Loss Term 1 contribution: 0.004684 (target: h_n(T_n)=1)
  Loss Term 2 contribution: 0.004583
  Monotonicity violations: 21/72
  Loss Term 3 contribution: 0.012163
  Convexity violations: 36/71
  Gradient (dHI/dt) stats:
    Mean: 0.009771, Std: 0.021495

[Engine 3] T_n=67
  HI range: [0.200293, 0.944757]
  HI[0] (first): 0.216227
  HI[66] (last): 0.944757
  Loss Term 1 contribution: 0.003052 (target: h_n(T_n)=1)
  Loss Term 2 contribution: 0.004360
  Monotonicity violations: 23/66
  Loss Term 3 contribution: 0.014411
  Convexity violations: 35/65
  Gradient (dHI/dt) stats:
    Mean: 0.011038, Std: 0.023979

[Engine 4] T_n=60
  HI range: [0.233704, 0.862746]
  HI[0] (first): 0.243787
  HI[59] (last): 0.862746
  Loss Term 1 contribution: 0.018839 (target: h_n(T_n)=1)
  Loss Term 2 contribution: 0.003468
  Monotonicity violations: 22/59
  Loss Term 3 contribution: 0.011634
  Convexity violations: 29/58
  Gradient (dHI/dt) stats:
    Mean: 0.010491, Std: 0.020453

[Engine 5] T_n=93
  HI range: [0.187570, 0.952861]
  HI[0] (first): 0.223296
  HI[92] (last): 0.952861
  Loss Term 1 contribution: 0.002222 (target: h_n(T_n)=1)
  Loss Term 2 contribution: 0.006041
  Monotonicity violations: 39/92
  Loss Term 3 contribution: 0.014838
  Convexity violations: 47/91
  Gradient (dHI/dt) stats:
    Mean: 0.007930, Std: 0.023761

[Engine 6] T_n=63
  HI range: [0.231571, 0.959888]
  HI[0] (first): 0.256387
  HI[62] (last): 0.959888
  Loss Term 1 contribution: 0.001609 (target: h_n(T_n)=1)
  Loss Term 2 contribution: 0.003792
  Monotonicity violations: 18/62
  Loss Term 3 contribution: 0.012581
  Convexity violations: 32/61
  Gradient (dHI/dt) stats:
    Mean: 0.011347, Std: 0.021475

[Engine 7] T_n=80
  HI range: [0.247502, 0.974540]
  HI[0] (first): 0.272570
  HI[79] (last): 0.974540
  Loss Term 1 contribution: 0.000648 (target: h_n(T_n)=1)
  Loss Term 2 contribution: 0.005340
  Monotonicity violations: 26/79
  Loss Term 3 contribution: 0.015037
  Convexity violations: 40/78
  Gradient (dHI/dt) stats:
    Mean: 0.008886, Std: 0.023106

[Engine 8] T_n=71
  HI range: [0.225012, 1.000022]
  HI[0] (first): 0.225012
  HI[70] (last): 1.000022
  Loss Term 1 contribution: 0.000000 (target: h_n(T_n)=1)
  Loss Term 2 contribution: 0.003949
  Monotonicity violations: 17/70
  Loss Term 3 contribution: 0.012988
  Convexity violations: 35/69
  Gradient (dHI/dt) stats:
    Mean: 0.011072, Std: 0.021083

[Engine 9] T_n=84
  HI range: [0.217359, 0.961252]
  HI[0] (first): 0.226632
  HI[83] (last): 0.961252
  Loss Term 1 contribution: 0.001501 (target: h_n(T_n)=1)
  Loss Term 2 contribution: 0.006016
  Monotonicity violations: 28/83
  Loss Term 3 contribution: 0.015169
  Convexity violations: 40/82
  Gradient (dHI/dt) stats:
    Mean: 0.008851, Std: 0.023673

================================================================================
LOSS BREAKDOWN:
  Term 0 (Initial HI <= 0.2): 0.014149 (×1.0)
  Term 1 (Target HI=1): 0.061871 (×1.0)
  Term 2 (Monotonicity): 0.043027 (×6.0)
  Term 3 (Convexity): 0.123731 (×2.0)
  Total Loss: 0.581646
================================================================================

PARAMETER GRADIENTS (averaged over 9 engines):
  W1: mean=-0.00068909, std=0.00115851, max_abs=0.00267414
  b1: mean=0.00168225, std=0.00308139, max_abs=0.00683572
  W2: mean=-0.00000904, std=0.00032588, max_abs=0.00043002
  b2: mean=-0.00022580, std=0.00647235, max_abs=0.00669815
  W3: mean=0.00005263, std=0.02626212, max_abs=0.02631475
  b3: mean=-0.05829566, std=0.00000000, max_abs=0.05829566

ADAM OPTIMIZER UPDATE (step 900):
  W1: update_mean=-0.00007215, update_max_abs=0.00024947
  b1: update_mean=0.00018125, update_max_abs=0.00075739

================================================================================
EPOCH 1000 - LOSS COMPUTATION
================================================================================

[Engine 1] T_n=72
  HI range: [0.192507, 0.834500]
  HI[0] (first): 0.228727
  HI[71] (last): 0.834500
  Loss Term 1 contribution: 0.027390 (target: h_n(T_n)=1)
  Loss Term 2 contribution: 0.005216
  Monotonicity violations: 28/71
  Loss Term 3 contribution: 0.014473
  Convexity violations: 34/70
  Gradient (dHI/dt) stats:
    Mean: 0.008532, Std: 0.023131

[Engine 2] T_n=73
  HI range: [0.212844, 0.938867]
  HI[0] (first): 0.227503
  HI[72] (last): 0.938867
  Loss Term 1 contribution: 0.003737 (target: h_n(T_n)=1)
  Loss Term 2 contribution: 0.004368
  Monotonicity violations: 21/72
  Loss Term 3 contribution: 0.011719
  Convexity violations: 35/71
  Gradient (dHI/dt) stats:
    Mean: 0.009880, Std: 0.021092

[Engine 3] T_n=67
  HI range: [0.200911, 0.951631]
  HI[0] (first): 0.215249
  HI[66] (last): 0.951631
  Loss Term 1 contribution: 0.002340 (target: h_n(T_n)=1)
  Loss Term 2 contribution: 0.004135
  Monotonicity violations: 23/66
  Loss Term 3 contribution: 0.014119
  Convexity violations: 35/65
  Gradient (dHI/dt) stats:
    Mean: 0.011157, Std: 0.023842

[Engine 4] T_n=60
  HI range: [0.232600, 0.869496]
  HI[0] (first): 0.242504
  HI[59] (last): 0.869496
  Loss Term 1 contribution: 0.017031 (target: h_n(T_n)=1)
  Loss Term 2 contribution: 0.003358
  Monotonicity violations: 21/59
  Loss Term 3 contribution: 0.011390
  Convexity violations: 28/58
  Gradient (dHI/dt) stats:
    Mean: 0.010627, Std: 0.020550

[Engine 5] T_n=93
  HI range: [0.189339, 0.953485]
  HI[0] (first): 0.222552
  HI[92] (last): 0.953485
  Loss Term 1 contribution: 0.002164 (target: h_n(T_n)=1)
  Loss Term 2 contribution: 0.005801
  Monotonicity violations: 39/92
  Loss Term 3 contribution: 0.014444
  Convexity violations: 48/91
  Gradient (dHI/dt) stats:
    Mean: 0.007945, Std: 0.023306

[Engine 6] T_n=63
  HI range: [0.230428, 0.968340]
  HI[0] (first): 0.253818
  HI[62] (last): 0.968340
  Loss Term 1 contribution: 0.001002 (target: h_n(T_n)=1)
  Loss Term 2 contribution: 0.003632
  Monotonicity violations: 17/62
  Loss Term 3 contribution: 0.012391
  Convexity violations: 31/61
  Gradient (dHI/dt) stats:
    Mean: 0.011525, Std: 0.021302

[Engine 7] T_n=80
  HI range: [0.246469, 0.978769]
  HI[0] (first): 0.269746
  HI[79] (last): 0.978769
  Loss Term 1 contribution: 0.000451 (target: h_n(T_n)=1)
  Loss Term 2 contribution: 0.005177
  Monotonicity violations: 26/79
  Loss Term 3 contribution: 0.014738
  Convexity violations: 39/78
  Gradient (dHI/dt) stats:
    Mean: 0.008975, Std: 0.022823

[Engine 8] T_n=71
  HI range: [0.224027, 0.996264]
  HI[0] (first): 0.224027
  HI[70] (last): 0.996264
  Loss Term 1 contribution: 0.000014 (target: h_n(T_n)=1)
  Loss Term 2 contribution: 0.003795
  Monotonicity violations: 17/70
  Loss Term 3 contribution: 0.012626
  Convexity violations: 35/69
  Gradient (dHI/dt) stats:
    Mean: 0.011032, Std: 0.020722

[Engine 9] T_n=84
  HI range: [0.216099, 0.961036]
  HI[0] (first): 0.225385
  HI[83] (last): 0.961036
  Loss Term 1 contribution: 0.001518 (target: h_n(T_n)=1)
  Loss Term 2 contribution: 0.005844
  Monotonicity violations: 28/83
  Loss Term 3 contribution: 0.014890
  Convexity violations: 40/82
  Gradient (dHI/dt) stats:
    Mean: 0.008863, Std: 0.023408

================================================================================
LOSS BREAKDOWN:
  Term 0 (Initial HI <= 0.2): 0.013112 (×1.0)
  Term 1 (Target HI=1): 0.055647 (×1.0)
  Term 2 (Monotonicity): 0.041325 (×6.0)
  Term 3 (Convexity): 0.120790 (×2.0)
  Total Loss: 0.558291
================================================================================

PARAMETER GRADIENTS (averaged over 9 engines):
  W1: mean=-0.00142369, std=0.00191982, max_abs=0.00477767
  b1: mean=0.00342312, std=0.00515920, max_abs=0.01228215
  W2: mean=-0.00001944, std=0.00091627, max_abs=0.00144955
  b2: mean=-0.00030245, std=0.00620587, max_abs=0.00650832
  W3: mean=0.00008005, std=0.02261706, max_abs=0.02269711
  b3: mean=-0.05291167, std=0.00000000, max_abs=0.05291167

ADAM OPTIMIZER UPDATE (step 1000):
  W1: update_mean=-0.00015899, update_max_abs=0.00050532
  b1: update_mean=0.00037777, update_max_abs=0.00132294

Epoch 1000/1000, Loss: 0.558291
  MLP final loss: 0.558291
  HI monotonicity rate  : 0.6669
  HI smoothness (|ΔHI|) : 0.018912

  총 실행 시간: 20.9s

======================================================================
  비교 결과 (↑높을수록 좋음 / ↓낮을수록 좋음)
======================================================================
지표                                BaselineRepIdx (win=±20, top10)
----------------------------------------------------------------------
Outlier rate                     0.00556 *           0.00556 *   +0.00% ▼저하
Mean IQR                        87.11536 *          87.11736     +0.00% ▼저하
GPR Loss                        -2.77254 *          -2.76872     +0.14% ▼저하
잔차 STD                           1.81752 *           1.81867     +0.06% ▼저하
잔차 MAE                           1.36713             1.36427 *   -0.21% ▲개선
MLP Loss                         0.55537 *           0.55829     +0.53% ▼저하
Monotonicity                     0.66575             0.66690 *   +0.17% ▲개선
Smoothness |ΔHI|                 0.01891 *           0.01891     +0.03% ▼저하

  * = 해당 지표 최우수
======================================================================
  HI plot 저장: /Users/a1/Desktop/Research-project/research/NCMAPSS/hi_baseline.png
  HI plot 저장: /Users/a1/Desktop/Research-project/research/NCMAPSS/hi_proposed.png
